Component: ARM Compiler 6.14.1 Tool: armlink [5db06d00]

==============================================================================

Section Cross References

    startup_es32f36xx.o(RESET) refers to startup_es32f36xx.o(STACK) for __initial_sp
    startup_es32f36xx.o(RESET) refers to startup_es32f36xx.o(INT) for RESET_Handler
    startup_es32f36xx.o(RESET) refers to irq.o(.text.NMI_Handler) for NMI_Handler
    startup_es32f36xx.o(RESET) refers to irq.o(.text.HardFault_Handler) for HardFault_Handler
    startup_es32f36xx.o(RESET) refers to irq.o(.text.MemManage_Handler) for MemManage_Handler
    startup_es32f36xx.o(RESET) refers to irq.o(.text.BusFault_Handler) for BusFault_Handler
    startup_es32f36xx.o(RESET) refers to irq.o(.text.UsageFault_Handler) for UsageFault_Handler
    startup_es32f36xx.o(RESET) refers to irq.o(.text.SVC_Handler) for SVC_Handler
    startup_es32f36xx.o(RESET) refers to irq.o(.text.DebugMon_Handler) for DebugMon_Handler
    startup_es32f36xx.o(RESET) refers to irq.o(.text.PendSV_Handler) for PendSV_Handler
    startup_es32f36xx.o(RESET) refers to irq.o(.text.SysTick_Handler) for SysTick_Handler
    startup_es32f36xx.o(RESET) refers to irq.o(.text.DMA_Handler) for DMA_Handler
    startup_es32f36xx.o(RESET) refers to usb_dc_musb.o(.text.USB_INT_Handler) for USB_INT_Handler
    startup_es32f36xx.o(INT) refers to utils.o(.text.sys_config) for sys_config
    startup_es32f36xx.o(INT) refers to utils.o(.text.adc_config) for adc_config
    startup_es32f36xx.o(INT) refers to entry.o(.ARM.Collect$$$$00000000) for __main
    ald_bkpc.o(.ARM.exidx.text.ald_bkpc_standby_wakeup_config) refers to ald_bkpc.o(.text.ald_bkpc_standby_wakeup_config) for [Anonymous Symbol]
    ald_bkpc.o(.ARM.exidx.text.ald_bkpc_rtc_clock_config) refers to ald_bkpc.o(.text.ald_bkpc_rtc_clock_config) for [Anonymous Symbol]
    ald_bkpc.o(.ARM.exidx.text.ald_bkpc_tsense_clock_config) refers to ald_bkpc.o(.text.ald_bkpc_tsense_clock_config) for [Anonymous Symbol]
    ald_bkpc.o(.ARM.exidx.text.ald_bkpc_write_ram) refers to ald_bkpc.o(.text.ald_bkpc_write_ram) for [Anonymous Symbol]
    ald_bkpc.o(.ARM.exidx.text.ald_bkpc_read_ram) refers to ald_bkpc.o(.text.ald_bkpc_read_ram) for [Anonymous Symbol]
    ald_cmu.o(.text.ald_cmu_irq_handler) refers to ald_cmu.o(.text.cmu_clock_update) for cmu_clock_update
    ald_cmu.o(.text.ald_cmu_irq_handler) refers to ald_cmu.o(.text.ald_cmu_irq_cbk) for ald_cmu_irq_cbk
    ald_cmu.o(.ARM.exidx.text.ald_cmu_irq_handler) refers to ald_cmu.o(.text.ald_cmu_irq_handler) for [Anonymous Symbol]
    ald_cmu.o(.text.cmu_clock_update) refers to ald_cmu.o(.data.__system_clock) for __system_clock
    ald_cmu.o(.text.cmu_clock_update) refers to utils.o(.text.ald_tick_init) for ald_tick_init
    ald_cmu.o(.ARM.exidx.text.cmu_clock_update) refers to ald_cmu.o(.text.cmu_clock_update) for [Anonymous Symbol]
    ald_cmu.o(.ARM.exidx.text.ald_cmu_irq_cbk) refers to ald_cmu.o(.text.ald_cmu_irq_cbk) for [Anonymous Symbol]
    ald_cmu.o(.ARM.exidx.text.ald_cmu_clock_config_default) refers to ald_cmu.o(.text.ald_cmu_clock_config_default) for [Anonymous Symbol]
    ald_cmu.o(.text.ald_cmu_clock_config) refers to ald_cmu.o(.text.ald_cmu_div_config) for ald_cmu_div_config
    ald_cmu.o(.text.ald_cmu_clock_config) refers to ald_cmu.o(.text.cmu_clock_update) for cmu_clock_update
    ald_cmu.o(.ARM.exidx.text.ald_cmu_clock_config) refers to ald_cmu.o(.text.ald_cmu_clock_config) for [Anonymous Symbol]
    ald_cmu.o(.text.ald_cmu_div_config) refers to ald_cmu.o(.data.__system_clock) for __system_clock
    ald_cmu.o(.text.ald_cmu_div_config) refers to utils.o(.text.ald_tick_init) for ald_tick_init
    ald_cmu.o(.ARM.exidx.text.ald_cmu_div_config) refers to ald_cmu.o(.text.ald_cmu_div_config) for [Anonymous Symbol]
    ald_cmu.o(.ARM.exidx.text.ald_cmu_pll1_config) refers to ald_cmu.o(.text.ald_cmu_pll1_config) for [Anonymous Symbol]
    ald_cmu.o(.text.ald_cmu_get_clock) refers to ald_cmu.o(.data.__system_clock) for __system_clock
    ald_cmu.o(.ARM.exidx.text.ald_cmu_get_clock) refers to ald_cmu.o(.text.ald_cmu_get_clock) for [Anonymous Symbol]
    ald_cmu.o(.text.ald_cmu_get_hclk1_clock) refers to ald_cmu.o(.data.__system_clock) for __system_clock
    ald_cmu.o(.ARM.exidx.text.ald_cmu_get_hclk1_clock) refers to ald_cmu.o(.text.ald_cmu_get_hclk1_clock) for [Anonymous Symbol]
    ald_cmu.o(.text.ald_cmu_get_hclk2_clock) refers to ald_cmu.o(.data.__system_clock) for __system_clock
    ald_cmu.o(.ARM.exidx.text.ald_cmu_get_hclk2_clock) refers to ald_cmu.o(.text.ald_cmu_get_hclk2_clock) for [Anonymous Symbol]
    ald_cmu.o(.text.ald_cmu_get_sys_clock) refers to ald_cmu.o(.data.__system_clock) for __system_clock
    ald_cmu.o(.ARM.exidx.text.ald_cmu_get_sys_clock) refers to ald_cmu.o(.text.ald_cmu_get_sys_clock) for [Anonymous Symbol]
    ald_cmu.o(.text.ald_cmu_get_pclk1_clock) refers to ald_cmu.o(.data.__system_clock) for __system_clock
[...]
    Removing usbd_hid.o(.text.usbh_hid_set_idle), (2 bytes).
    Removing usbd_hid.o(.ARM.exidx.text.usbh_hid_set_idle), (8 bytes).
    Removing usbd_hid.o(.text.usbh_hid_set_protocol), (2 bytes).
    Removing usbd_hid.o(.ARM.exidx.text.usbh_hid_set_protocol), (8 bytes).
    Removing usb_dc_musb.o(.text), (0 bytes).
    Removing usb_dc_musb.o(.text.usb_dc_low_level_init), (2 bytes).
    Removing usb_dc_musb.o(.ARM.exidx.text.usb_dc_low_level_init), (8 bytes).
    Removing usb_dc_musb.o(.text.usb_dc_low_level_deinit), (2 bytes).
    Removing usb_dc_musb.o(.ARM.exidx.text.usb_dc_low_level_deinit), (8 bytes).
    Removing usb_dc_musb.o(.ARM.exidx.text.usb_dc_init), (8 bytes).
    Removing usb_dc_musb.o(.ARM.exidx.text.musb_set_active_ep), (8 bytes).
    Removing usb_dc_musb.o(.text.usb_dc_deinit), (4 bytes).
    Removing usb_dc_musb.o(.ARM.exidx.text.usb_dc_deinit), (8 bytes).
    Removing usb_dc_musb.o(.ARM.exidx.text.usbd_set_address), (8 bytes).
    Removing usb_dc_musb.o(.text.usbd_get_port_speed), (34 bytes).
    Removing usb_dc_musb.o(.ARM.exidx.text.usbd_get_port_speed), (8 bytes).
    Removing usb_dc_musb.o(.text.usbd_force_full_speed), (24 bytes).
    Removing usb_dc_musb.o(.ARM.exidx.text.usbd_force_full_speed), (8 bytes).
    Removing usb_dc_musb.o(.ARM.exidx.text.usbd_ep_open), (8 bytes).
    Removing usb_dc_musb.o(.ARM.exidx.text.musb_get_active_ep), (8 bytes).
    Removing usb_dc_musb.o(.ARM.exidx.text.musb_get_fifo_size), (8 bytes).
    Removing usb_dc_musb.o(.ARM.exidx.text.usbd_ep_close), (8 bytes).
    Removing usb_dc_musb.o(.ARM.exidx.text.usbd_ep_set_stall), (8 bytes).
    Removing usb_dc_musb.o(.ARM.exidx.text.usbd_ep_clear_stall), (8 bytes).
    Removing usb_dc_musb.o(.text.usbd_ep_is_stalled), (4 bytes).
    Removing usb_dc_musb.o(.ARM.exidx.text.usbd_ep_is_stalled), (8 bytes).
    Removing usb_dc_musb.o(.text.usb_ep_out_data_avail), (66 bytes).
    Removing usb_dc_musb.o(.ARM.exidx.text.usb_ep_out_data_avail), (8 bytes).
    Removing usb_dc_musb.o(.text.usb_ep_in_data_avail), (62 bytes).
    Removing usb_dc_musb.o(.ARM.exidx.text.usb_ep_in_data_avail), (8 bytes).
    Removing usb_dc_musb.o(.text.usb_ep_wait_in_data_avail), (32 bytes).
    Removing usb_dc_musb.o(.ARM.exidx.text.usb_ep_wait_in_data_avail), (8 bytes).
    Removing usb_dc_musb.o(.text.usbd_read_packet), (106 bytes).
    Removing usb_dc_musb.o(.ARM.exidx.text.usbd_read_packet), (8 bytes).
    Removing usb_dc_musb.o(.ARM.exidx.text.musb_read_packet), (8 bytes).
    Removing usb_dc_musb.o(.text.usbd_write_packet), (144 bytes).
    Removing usb_dc_musb.o(.ARM.exidx.text.usbd_write_packet), (8 bytes).
    Removing usb_dc_musb.o(.ARM.exidx.text.musb_write_packet), (8 bytes).
    Removing usb_dc_musb.o(.ARM.exidx.text.usbd_ep_start_write), (8 bytes).
    Removing usb_dc_musb.o(.ARM.exidx.text.usbd_ep_start_read), (8 bytes).
    Removing usb_dc_musb.o(.ARM.exidx.text.USB_INT_Handler), (8 bytes).
    Removing usb_dc_musb.o(.ARM.exidx.text.handle_ep0), (8 bytes).
    Removing usb_dc_musb.o(.bss.zlp_flag), (1 bytes).
    Removing dadd.o(.text), (334 bytes).
    Removing dmul.o(.text), (228 bytes).
    Removing ddiv.o(.text), (222 bytes).
    Removing dfixul.o(.text), (48 bytes).
    Removing cdrcmple.o(.text), (48 bytes).
    Removing depilogue.o(.text), (186 bytes).

471 unused section(s) (total 20979 bytes) removed from the image.

==============================================================================

Image Symbol Table

    Local Symbols

    Symbol Name                              Value     Ov Type        Size  Object(Section)

    ../clib/../cmprslib/zerorunl.c           0x00000000   Number         0  __dczerorl.o ABSOLUTE
    ../clib/microlib/division.c              0x00000000   Number         0  uidiv.o ABSOLUTE
    ../clib/microlib/division.c              0x00000000   Number         0  uldiv.o ABSOLUTE
    ../clib/microlib/init/entry.s            0x00000000   Number         0  entry.o ABSOLUTE
    ../clib/microlib/init/entry.s            0x00000000   Number         0  entry2.o ABSOLUTE
    ../clib/microlib/init/entry.s            0x00000000   Number         0  entry5.o ABSOLUTE
    ../clib/microlib/init/entry.s            0x00000000   Number         0  entry7a.o ABSOLUTE
    ../clib/microlib/init/entry.s            0x00000000   Number         0  entry7b.o ABSOLUTE
    ../clib/microlib/init/entry.s            0x00000000   Number         0  entry8a.o ABSOLUTE
    ../clib/microlib/init/entry.s            0x00000000   Number         0  entry8b.o ABSOLUTE
    ../clib/microlib/init/entry.s            0x00000000   Number         0  entry9a.o ABSOLUTE
    ../clib/microlib/init/entry.s            0x00000000   Number         0  entry9b.o ABSOLUTE
    ../clib/microlib/init/entry.s            0x00000000   Number         0  entry10a.o ABSOLUTE
    ../clib/microlib/init/entry.s            0x00000000   Number         0  entry10b.o ABSOLUTE
    ../clib/microlib/init/entry.s            0x00000000   Number         0  entry11a.o ABSOLUTE
    ../clib/microlib/init/entry.s            0x00000000   Number         0  entry11b.o ABSOLUTE
    ../clib/microlib/longlong.c              0x00000000   Number         0  llshl.o ABSOLUTE
    ../clib/microlib/longlong.c              0x00000000   Number         0  llushr.o ABSOLUTE
    ../clib/microlib/longlong.c              0x00000000   Number         0  llsshr.o ABSOLUTE
    ../clib/microlib/printf/printf.c         0x00000000   Number         0  printfb.o ABSOLUTE
    ../clib/microlib/printf/printf.c         0x00000000   Number         0  printf0.o ABSOLUTE
    ../clib/microlib/printf/printf.c         0x00000000   Number         0  printf1.o ABSOLUTE
    ../clib/microlib/printf/printf.c         0x00000000   Number         0  printf2.o ABSOLUTE
    ../clib/microlib/printf/printf.c         0x00000000   Number         0  printf3.o ABSOLUTE
    ../clib/microlib/printf/printf.c         0x00000000   Number         0  printf4.o ABSOLUTE
    ../clib/microlib/printf/printf.c         0x00000000   Number         0  printf5.o ABSOLUTE
    ../clib/microlib/printf/printf.c         0x00000000   Number         0  printf6.o ABSOLUTE
    ../clib/microlib/printf/printf.c         0x00000000   Number         0  printf7.o ABSOLUTE
    ../clib/microlib/printf/printf.c         0x00000000   Number         0  printf8.o ABSOLUTE
    ../clib/microlib/printf/printf.c         0x00000000   Number         0  printfa.o ABSOLUTE
    ../clib/microlib/printf/stubs.s          0x00000000   Number         0  printfstubs.o ABSOLUTE
    ../clib/microlib/stdio/puts.c            0x00000000   Number         0  puts.o ABSOLUTE
    ../clib/microlib/stdio/puts.c            0x00000000   Number         0  puts_e.o ABSOLUTE
    ../clib/microlib/stdio/streams.c         0x00000000   Number         0  stdout.o ABSOLUTE
    ../clib/microlib/string/memcmp.c         0x00000000   Number         0  memcmp.o ABSOLUTE
    ../clib/microlib/string/memcpy.c         0x00000000   Number         0  memcpya.o ABSOLUTE
    ../clib/microlib/string/memcpy.c         0x00000000   Number         0  memcpyb.o ABSOLUTE
    ../clib/microlib/string/memset.c         0x00000000   Number         0  memseta.o ABSOLUTE
    ../clib/microlib/stubs.s                 0x00000000   Number         0  iusefp.o ABSOLUTE
    ../fplib/microlib/fpadd.c                0x00000000   Number         0  dadd.o ABSOLUTE
    ../fplib/microlib/fpdiv.c                0x00000000   Number         0  ddiv.o ABSOLUTE
    ../fplib/microlib/fpepilogue.c           0x00000000   Number         0  depilogue.o ABSOLUTE
    ../fplib/microlib/fpfix.c                0x00000000   Number         0  dfixul.o ABSOLUTE
    ../fplib/microlib/fpmul.c                0x00000000   Number         0  dmul.o ABSOLUTE
    ..\..\..\Drivers\CMSIS\Device\EastSoft\ES32F36xx\Startup\keil\startup_es32f36xx.s 0x00000000   Number         0  startup_es32f36xx.o ABSOLUTE
    ald_bkpc.c                               0x00000000   Number         0  ald_bkpc.o ABSOLUTE
    ald_cmu.c                                0x00000000   Number         0  ald_cmu.o ABSOLUTE
    ald_dma.c                                0x00000000   Number         0  ald_dma.o ABSOLUTE
    ald_gpio.c                               0x00000000   Number         0  ald_gpio.o ABSOLUTE
    ald_iap.c                                0x00000000   Number         0  ald_iap.o ABSOLUTE
    ald_pmu.c                                0x00000000   Number         0  ald_pmu.o ABSOLUTE
    ald_rmu.c                                0x00000000   Number         0  ald_rmu.o ABSOLUTE
    ald_uart.c                               0x00000000   Number         0  ald_uart.o ABSOLUTE
    cdc_acm_msc_template.c                   0x00000000   Number         0  cdc_acm_msc_template.o ABSOLUTE
    cdrcmple.s                               0x00000000   Number         0  cdrcmple.o ABSOLUTE
    dc.s                                     0x00000000   Number         0  dc.o ABSOLUTE
    handlers.s                               0x00000000   Number         0  handlers.o ABSOLUTE
    init.s                                   0x00000000   Number         0  init.o ABSOLUTE
    irq.c                                    0x00000000   Number         0  irq.o ABSOLUTE
    main.c                                   0x00000000   Number         0  main.o ABSOLUTE
    usb_dc_musb.c                            0x00000000   Number         0  usb_dc_musb.o ABSOLUTE
    usbd_cdc.c                               0x00000000   Number         0  usbd_cdc.o ABSOLUTE
    usbd_core.c                              0x00000000   Number         0  usbd_core.o ABSOLUTE
    usbd_hid.c                               0x00000000   Number         0  usbd_hid.o ABSOLUTE
    usbd_msc.c                               0x00000000   Number         0  usbd_msc.o ABSOLUTE
    utils.c                                  0x00000000   Number         0  utils.o ABSOLUTE
    RESET                                    0x00000000   Section      356  startup_es32f36xx.o(RESET)
    .ARM.Collect$$$$00000000                 0x00000164   Section        0  entry.o(.ARM.Collect$$$$00000000)
    .ARM.Collect$$$$00000001                 0x00000164   Section        4  entry2.o(.ARM.Collect$$$$00000001)
    .ARM.Collect$$$$00000004                 0x00000168   Section        4  entry5.o(.ARM.Collect$$$$00000004)
    .ARM.Collect$$$$00000008                 0x0000016c   Section        0  entry7b.o(.ARM.Collect$$$$00000008)
    .ARM.Collect$$$$0000000A                 0x0000016c   Section        0  entry8b.o(.ARM.Collect$$$$0000000A)
    .ARM.Collect$$$$0000000B                 0x0000016c   Section        8  entry9a.o(.ARM.Collect$$$$0000000B)
    __lit__00000000                          0x00000174   Data           4  entry2.o(.ARM.Collect$$$$00002712)
    .ARM.Collect$$$$0000000D                 0x00000174   Section        0  entry10a.o(.ARM.Collect$$$$0000000D)
    .ARM.Collect$$$$0000000F                 0x00000174   Section        0  entry11a.o(.ARM.Collect$$$$0000000F)
    .ARM.Collect$$$$00002712                 0x00000174   Section        4  entry2.o(.ARM.Collect$$$$00002712)
    .text                                    0x00000178   Section        0  memcpya.o(.text)
    .text                                    0x0000019c   Section        0  memseta.o(.text)
    .text                                    0x000001c0   Section        0  memcmp.o(.text)
    .text                                    0x000001da   Section        0  uldiv.o(.text)
    .text                                    0x0000023c   Section       36  init.o(.text)
    .text                                    0x00000260   Section        0  llshl.o(.text)
    .text                                    0x0000027e   Section        0  llushr.o(.text)
    .text                                    0x0000029e   Section        0  __dczerorl.o(.text)
    [Anonymous Symbol]                       0x000002d8   Section        0  irq.o(.text.BusFault_Handler)
    [Anonymous Symbol]                       0x000002dc   Section        0  irq.o(.text.DMA_Handler)
    [Anonymous Symbol]                       0x000002e4   Section        0  irq.o(.text.DebugMon_Handler)
    [Anonymous Symbol]                       0x000002e8   Section        0  irq.o(.text.HardFault_Handler)
    [Anonymous Symbol]                       0x000002ec   Section        0  irq.o(.text.MemManage_Handler)
    [Anonymous Symbol]                       0x000002f0   Section        0  irq.o(.text.NMI_Handler)
    [Anonymous Symbol]                       0x000002f4   Section        0  irq.o(.text.PendSV_Handler)
    SCSI_CBWDecode                           0x000002f9   Thumb Code   568  usbd_msc.o(.text.SCSI_CBWDecode)
    [Anonymous Symbol]                       0x000002f8   Section        0  usbd_msc.o(.text.SCSI_CBWDecode)
    SCSI_SetSenseData                        0x00000531   Thumb Code    26  usbd_msc.o(.text.SCSI_SetSenseData)
    [Anonymous Symbol]                       0x00000530   Section        0  usbd_msc.o(.text.SCSI_SetSenseData)
    SCSI_inquiry                             0x0000054d   Thumb Code   176  usbd_msc.o(.text.SCSI_inquiry)
    [Anonymous Symbol]                       0x0000054c   Section        0  usbd_msc.o(.text.SCSI_inquiry)
    SCSI_modeSense10                         0x000005fd   Thumb Code    58  usbd_msc.o(.text.SCSI_modeSense10)
    [Anonymous Symbol]                       0x000005fc   Section        0  usbd_msc.o(.text.SCSI_modeSense10)
    SCSI_modeSense6                          0x00000639   Thumb Code    78  usbd_msc.o(.text.SCSI_modeSense6)
    [Anonymous Symbol]                       0x00000638   Section        0  usbd_msc.o(.text.SCSI_modeSense6)
    SCSI_preventAllowMediaRemoval            0x00000689   Thumb Code    36  usbd_msc.o(.text.SCSI_preventAllowMediaRemoval)
    [Anonymous Symbol]                       0x00000688   Section        0  usbd_msc.o(.text.SCSI_preventAllowMediaRemoval)
    SCSI_processRead                         0x000006ad   Thumb Code   122  usbd_msc.o(.text.SCSI_processRead)
    [Anonymous Symbol]                       0x000006ac   Section        0  usbd_msc.o(.text.SCSI_processRead)
    SCSI_processWrite                        0x00000729   Thumb Code   122  usbd_msc.o(.text.SCSI_processWrite)
    [Anonymous Symbol]                       0x00000728   Section        0  usbd_msc.o(.text.SCSI_processWrite)
    SCSI_read10                              0x000007a5   Thumb Code   212  usbd_msc.o(.text.SCSI_read10)
    [Anonymous Symbol]                       0x000007a4   Section        0  usbd_msc.o(.text.SCSI_read10)
    SCSI_read12                              0x00000879   Thumb Code   216  usbd_msc.o(.text.SCSI_read12)
    [Anonymous Symbol]                       0x00000878   Section        0  usbd_msc.o(.text.SCSI_read12)
    SCSI_readCapacity10                      0x00000951   Thumb Code    76  usbd_msc.o(.text.SCSI_readCapacity10)
    [Anonymous Symbol]                       0x00000950   Section        0  usbd_msc.o(.text.SCSI_readCapacity10)
    SCSI_readFormatCapacity                  0x0000099d   Thumb Code    80  usbd_msc.o(.text.SCSI_readFormatCapacity)
    [Anonymous Symbol]                       0x0000099c   Section        0  usbd_msc.o(.text.SCSI_readFormatCapacity)
    SCSI_requestSense                        0x000009ed   Thumb Code   110  usbd_msc.o(.text.SCSI_requestSense)
    [Anonymous Symbol]                       0x000009ec   Section        0  usbd_msc.o(.text.SCSI_requestSense)
    SCSI_startStopUnit                       0x00000a5d   Thumb Code    36  usbd_msc.o(.text.SCSI_startStopUnit)
    [Anonymous Symbol]                       0x00000a5c   Section        0  usbd_msc.o(.text.SCSI_startStopUnit)
    SCSI_testUnitReady                       0x00000a81   Thumb Code    36  usbd_msc.o(.text.SCSI_testUnitReady)
    [Anonymous Symbol]                       0x00000a80   Section        0  usbd_msc.o(.text.SCSI_testUnitReady)
    SCSI_write10                             0x00000aa5   Thumb Code   160  usbd_msc.o(.text.SCSI_write10)
    [Anonymous Symbol]                       0x00000aa4   Section        0  usbd_msc.o(.text.SCSI_write10)
    SCSI_write12                             0x00000b45   Thumb Code   160  usbd_msc.o(.text.SCSI_write12)
    [Anonymous Symbol]                       0x00000b44   Section        0  usbd_msc.o(.text.SCSI_write12)
    [Anonymous Symbol]                       0x00000be4   Section        0  irq.o(.text.SVC_Handler)
    SysTick_Config                           0x00000be9   Thumb Code    42  utils.o(.text.SysTick_Config)
    [Anonymous Symbol]                       0x00000be8   Section        0  utils.o(.text.SysTick_Config)
    [Anonymous Symbol]                       0x00000c14   Section        0  irq.o(.text.SysTick_Handler)
    [Anonymous Symbol]                       0x00000c1c   Section        0  usb_dc_musb.o(.text.USB_INT_Handler)
    [Anonymous Symbol]                       0x00000e28   Section        0  irq.o(.text.UsageFault_Handler)
    __NVIC_DisableIRQ                        0x00000e2d   Thumb Code    40  utils.o(.text.__NVIC_DisableIRQ)
    [Anonymous Symbol]                       0x00000e2c   Section        0  utils.o(.text.__NVIC_DisableIRQ)
    __NVIC_EnableIRQ                         0x00000e55   Thumb Code    14  ald_dma.o(.text.__NVIC_EnableIRQ)
    [Anonymous Symbol]                       0x00000e54   Section        0  ald_dma.o(.text.__NVIC_EnableIRQ)
    __NVIC_EnableIRQ                         0x00000e65   Thumb Code    32  utils.o(.text.__NVIC_EnableIRQ)
    [Anonymous Symbol]                       0x00000e64   Section        0  utils.o(.text.__NVIC_EnableIRQ)
    __NVIC_SetPriority                       0x00000e85   Thumb Code    14  ald_dma.o(.text.__NVIC_SetPriority)
    [Anonymous Symbol]                       0x00000e84   Section        0  ald_dma.o(.text.__NVIC_SetPriority)
    __NVIC_SetPriority                       0x00000e95   Thumb Code    34  utils.o(.text.__NVIC_SetPriority)
    [Anonymous Symbol]                       0x00000e94   Section        0  utils.o(.text.__NVIC_SetPriority)
    __NVIC_SetPriorityGrouping               0x00000eb9   Thumb Code    28  utils.o(.text.__NVIC_SetPriorityGrouping)
    [Anonymous Symbol]                       0x00000eb8   Section        0  utils.o(.text.__NVIC_SetPriorityGrouping)
    [Anonymous Symbol]                       0x00000ed4   Section        0  utils.o(.text.adc_config)
    [Anonymous Symbol]                       0x00001050   Section        0  ald_cmu.o(.text.ald_cmu_clock_config)
    [Anonymous Symbol]                       0x0000132c   Section        0  ald_cmu.o(.text.ald_cmu_clock_config_default)
    [Anonymous Symbol]                       0x000013a4   Section        0  ald_cmu.o(.text.ald_cmu_div_config)
    [Anonymous Symbol]                       0x00001464   Section        0  ald_cmu.o(.text.ald_cmu_get_pclk1_clock)
    [Anonymous Symbol]                       0x0000148c   Section        0  ald_cmu.o(.text.ald_cmu_get_sys_clock)
    [Anonymous Symbol]                       0x000014ac   Section        0  utils.o(.text.ald_cmu_init)
    [Anonymous Symbol]                       0x000014d4   Section        0  ald_cmu.o(.text.ald_cmu_perh_clock_config)
    [Anonymous Symbol]                       0x00001580   Section        0  ald_cmu.o(.text.ald_cmu_pll1_config)
    [Anonymous Symbol]                       0x00001650   Section        0  ald_cmu.o(.text.ald_cmu_usb_clock_config)
    [Anonymous Symbol]                       0x00001698   Section        0  utils.o(.text.ald_delay_ms)
    [Anonymous Symbol]                       0x00001710   Section        0  ald_dma.o(.text.ald_dma_init)
    [Anonymous Symbol]                       0x0000175c   Section        0  ald_dma.o(.text.ald_dma_irq_handler)
    [Anonymous Symbol]                       0x0000180c   Section        0  ald_dma.o(.text.ald_dma_reset)
    [Anonymous Symbol]                       0x0000184c   Section        0  utils.o(.text.ald_get_tick)
    [Anonymous Symbol]                       0x00001858   Section        0  ald_gpio.o(.text.ald_gpio_init)
    [Anonymous Symbol]                       0x0000193c   Section        0  ald_iap.o(.text.ald_iap_erase_page)
    [Anonymous Symbol]                       0x00001958   Section        0  ald_iap.o(.text.ald_iap_program_words)
    [Anonymous Symbol]                       0x00001984   Section        0  utils.o(.text.ald_inc_tick)
    [Anonymous Symbol]                       0x0000199c   Section        0  utils.o(.text.ald_mcu_irq_config)
    [Anonymous Symbol]                       0x000019e0   Section        0  ald_pmu.o(.text.ald_pmu_perh_power_config)
    [Anonymous Symbol]                       0x00001a14   Section        0  ald_rmu.o(.text.ald_rmu_reset_periperal)
    [Anonymous Symbol]                       0x00001a68   Section        0  utils.o(.text.ald_systick_irq_cbk)
    [Anonymous Symbol]                       0x00001a6c   Section        0  utils.o(.text.ald_tick_init)
    [Anonymous Symbol]                       0x00001a94   Section        0  ald_uart.o(.text.ald_uart_get_status)
    [Anonymous Symbol]                       0x00001aa0   Section        0  ald_uart.o(.text.ald_uart_init)
    [Anonymous Symbol]                       0x00001b7c   Section        0  ald_uart.o(.text.ald_uart_reset)
    [Anonymous Symbol]                       0x00001ba0   Section        0  ald_uart.o(.text.ald_uart_send)
    cdc_acm_class_interface_request_handler  0x00001c61   Thumb Code   224  usbd_cdc.o(.text.cdc_acm_class_interface_request_handler)
    [Anonymous Symbol]                       0x00001c60   Section        0  usbd_cdc.o(.text.cdc_acm_class_interface_request_handler)
    [Anonymous Symbol]                       0x00001d40   Section        0  cdc_acm_msc_template.o(.text.cdc_acm_data_send_with_dtr_test)
    [Anonymous Symbol]                       0x00001d88   Section        0  cdc_acm_msc_template.o(.text.cdc_acm_msc_init)
    cmu_clock_update                         0x00001de9   Thumb Code    34  ald_cmu.o(.text.cmu_clock_update)
    [Anonymous Symbol]                       0x00001de8   Section        0  ald_cmu.o(.text.cmu_clock_update)
    [Anonymous Symbol]                       0x00001e0c   Section        0  main.o(.text.fputc)
    handle_ep0                               0x00001e2d   Thumb Code   270  usb_dc_musb.o(.text.handle_ep0)
    [Anonymous Symbol]                       0x00001e2c   Section        0  usb_dc_musb.o(.text.handle_ep0)
    is_device_configured                     0x00001f3d   Thumb Code    20  usbd_core.o(.text.is_device_configured)
    [Anonymous Symbol]                       0x00001f3c   Section        0  usbd_core.o(.text.is_device_configured)
    [Anonymous Symbol]                       0x00001f50   Section        0  main.o(.text.main)
    [Anonymous Symbol]                       0x00001fa8   Section        0  usbd_msc.o(.text.mass_storage_bulk_in)
    [Anonymous Symbol]                       0x00001ffc   Section        0  usbd_msc.o(.text.mass_storage_bulk_out)
    msc_storage_class_interface_request_handler 0x00002079   Thumb Code   124  usbd_msc.o(.text.msc_storage_class_interface_request_handler)
    [Anonymous Symbol]                       0x00002078   Section        0  usbd_msc.o(.text.msc_storage_class_interface_request_handler)
    [Anonymous Symbol]                       0x000020f4   Section        0  usbd_msc.o(.text.msc_storage_notify_handler)
    musb_get_active_ep                       0x00002125   Thumb Code    12  usb_dc_musb.o(.text.musb_get_active_ep)
    [Anonymous Symbol]                       0x00002124   Section        0  usb_dc_musb.o(.text.musb_get_active_ep)
    musb_get_fifo_size                       0x00002131   Thumb Code    40  usb_dc_musb.o(.text.musb_get_fifo_size)
    [Anonymous Symbol]                       0x00002130   Section        0  usb_dc_musb.o(.text.musb_get_fifo_size)
    musb_read_packet                         0x00002159   Thumb Code    90  usb_dc_musb.o(.text.musb_read_packet)
    [Anonymous Symbol]                       0x00002158   Section        0  usb_dc_musb.o(.text.musb_read_packet)
    musb_set_active_ep                       0x000021b5   Thumb Code    12  usb_dc_musb.o(.text.musb_set_active_ep)
    [Anonymous Symbol]                       0x000021b4   Section        0  usb_dc_musb.o(.text.musb_set_active_ep)
    musb_write_packet                        0x000021c1   Thumb Code    90  usb_dc_musb.o(.text.musb_write_packet)
    [Anonymous Symbol]                       0x000021c0   Section        0  usb_dc_musb.o(.text.musb_write_packet)
    [Anonymous Symbol]                       0x0000221c   Section        0  utils.o(.text.sys_config)
    [Anonymous Symbol]                       0x00002348   Section        0  main.o(.text.uart_pin_init)
    uart_wait_flag                           0x000023b1   Thumb Code    60  ald_uart.o(.text.uart_wait_flag)
    [Anonymous Symbol]                       0x000023b0   Section        0  ald_uart.o(.text.uart_wait_flag)
    [Anonymous Symbol]                       0x000023ec   Section        0  usb_dc_musb.o(.text.usb_dc_init)
    [Anonymous Symbol]                       0x00002434   Section        0  main.o(.text.usb_dc_low_level_init)
    [Anonymous Symbol]                       0x00002480   Section        0  main.o(.text.usb_pin_init)
    usb_slist_add_tail                       0x000024ad   Thumb Code    24  usbd_core.o(.text.usb_slist_add_tail)
    [Anonymous Symbol]                       0x000024ac   Section        0  usbd_core.o(.text.usb_slist_add_tail)
    [Anonymous Symbol]                       0x000024c4   Section        0  usbd_core.o(.text.usbd_add_endpoint)
    [Anonymous Symbol]                       0x000024f4   Section        0  usbd_core.o(.text.usbd_add_interface)
    [Anonymous Symbol]                       0x00002514   Section        0  cdc_acm_msc_template.o(.text.usbd_cdc_acm_bulk_in)
    [Anonymous Symbol]                       0x00002554   Section        0  cdc_acm_msc_template.o(.text.usbd_cdc_acm_bulk_out)
    [Anonymous Symbol]                       0x00002584   Section        0  usbd_cdc.o(.text.usbd_cdc_acm_get_line_coding)
    [Anonymous Symbol]                       0x00002598   Section        0  usbd_cdc.o(.text.usbd_cdc_acm_init_intf)
    [Anonymous Symbol]                       0x000025ac   Section        0  cdc_acm_msc_template.o(.text.usbd_cdc_acm_set_dtr)
    [Anonymous Symbol]                       0x000025b8   Section        0  usbd_cdc.o(.text.usbd_cdc_acm_set_line_coding)
    [Anonymous Symbol]                       0x000025bc   Section        0  usbd_cdc.o(.text.usbd_cdc_acm_set_rts)
    usbd_class_event_notify_handler          0x000025c1   Thumb Code    44  usbd_core.o(.text.usbd_class_event_notify_handler)
    [Anonymous Symbol]                       0x000025c0   Section        0  usbd_core.o(.text.usbd_class_event_notify_handler)
    usbd_class_request_handler               0x000025ed   Thumb Code   144  usbd_core.o(.text.usbd_class_request_handler)
    [Anonymous Symbol]                       0x000025ec   Section        0  usbd_core.o(.text.usbd_class_request_handler)
    [Anonymous Symbol]                       0x0000267c   Section        0  cdc_acm_msc_template.o(.text.usbd_configure_done_callback)
    [Anonymous Symbol]                       0x00002694   Section        0  usbd_core.o(.text.usbd_desc_register)
    [Anonymous Symbol]                       0x000026e0   Section        0  usb_dc_musb.o(.text.usbd_ep_clear_stall)
    [Anonymous Symbol]                       0x00002748   Section        0  usb_dc_musb.o(.text.usbd_ep_close)
    [Anonymous Symbol]                       0x0000274c   Section        0  usb_dc_musb.o(.text.usbd_ep_open)
    [Anonymous Symbol]                       0x000028b4   Section        0  usb_dc_musb.o(.text.usbd_ep_set_stall)
    [Anonymous Symbol]                       0x00002914   Section        0  usb_dc_musb.o(.text.usbd_ep_start_read)
    [Anonymous Symbol]                       0x000029ac   Section        0  usb_dc_musb.o(.text.usbd_ep_start_write)
    [Anonymous Symbol]                       0x00002a8c   Section        0  usbd_core.o(.text.usbd_event_ep0_in_complete_handler)
    [Anonymous Symbol]                       0x00002ae0   Section        0  usbd_core.o(.text.usbd_event_ep0_out_complete_handler)
    [Anonymous Symbol]                       0x00002b28   Section        0  usbd_core.o(.text.usbd_event_ep0_setup_complete_handler)
    [Anonymous Symbol]                       0x00002c00   Section        0  usbd_core.o(.text.usbd_event_ep_in_complete_handler)
    [Anonymous Symbol]                       0x00002c20   Section        0  usbd_core.o(.text.usbd_event_ep_out_complete_handler)
    [Anonymous Symbol]                       0x00002c40   Section        0  usbd_core.o(.text.usbd_event_handler)
    [Anonymous Symbol]                       0x00002c54   Section        0  usbd_core.o(.text.usbd_event_reset_handler)
    usbd_get_descriptor                      0x00002c99   Thumb Code   408  usbd_core.o(.text.usbd_get_descriptor)
    [Anonymous Symbol]                       0x00002c98   Section        0  usbd_core.o(.text.usbd_get_descriptor)
    [Anonymous Symbol]                       0x00002e30   Section        0  usbd_core.o(.text.usbd_initialize)
    usbd_msc_bot_abort                       0x00002e39   Thumb Code    50  usbd_msc.o(.text.usbd_msc_bot_abort)
    [Anonymous Symbol]                       0x00002e38   Section        0  usbd_msc.o(.text.usbd_msc_bot_abort)
    [Anonymous Symbol]                       0x00002e6c   Section        0  cdc_acm_msc_template.o(.text.usbd_msc_get_cap)
    [Anonymous Symbol]                       0x00002e7c   Section        0  usbd_msc.o(.text.usbd_msc_init_intf)
    usbd_msc_reset                           0x00002f35   Thumb Code    18  usbd_msc.o(.text.usbd_msc_reset)
    [Anonymous Symbol]                       0x00002f34   Section        0  usbd_msc.o(.text.usbd_msc_reset)
    [Anonymous Symbol]                       0x00002f48   Section        0  cdc_acm_msc_template.o(.text.usbd_msc_sector_read)
    [Anonymous Symbol]                       0x00002f6c   Section        0  cdc_acm_msc_template.o(.text.usbd_msc_sector_write)
    usbd_msc_send_csw                        0x00002f8d   Thumb Code    48  usbd_msc.o(.text.usbd_msc_send_csw)
    [Anonymous Symbol]                       0x00002f8c   Section        0  usbd_msc.o(.text.usbd_msc_send_csw)
    usbd_msc_send_info                       0x00002fbd   Thumb Code    56  usbd_msc.o(.text.usbd_msc_send_info)
    [Anonymous Symbol]                       0x00002fbc   Section        0  usbd_msc.o(.text.usbd_msc_send_info)
    usbd_print_setup                         0x00002ff5   Thumb Code    74  usbd_core.o(.text.usbd_print_setup)
    [Anonymous Symbol]                       0x00002ff4   Section        0  usbd_core.o(.text.usbd_print_setup)
    usbd_reset_endpoint                      0x00003041   Thumb Code    84  usbd_core.o(.text.usbd_reset_endpoint)
    [Anonymous Symbol]                       0x00003040   Section        0  usbd_core.o(.text.usbd_reset_endpoint)
    [Anonymous Symbol]                       0x00003094   Section        0  usb_dc_musb.o(.text.usbd_set_address)
    usbd_set_configuration                   0x000030b5   Thumb Code    94  usbd_core.o(.text.usbd_set_configuration)
    [Anonymous Symbol]                       0x000030b4   Section        0  usbd_core.o(.text.usbd_set_configuration)
    usbd_set_endpoint                        0x00003115   Thumb Code   120  usbd_core.o(.text.usbd_set_endpoint)
    [Anonymous Symbol]                       0x00003114   Section        0  usbd_core.o(.text.usbd_set_endpoint)
    usbd_set_interface                       0x0000318d   Thumb Code   108  usbd_core.o(.text.usbd_set_interface)
    [Anonymous Symbol]                       0x0000318c   Section        0  usbd_core.o(.text.usbd_set_interface)
    usbd_setup_request_handler               0x000031f9   Thumb Code   292  usbd_core.o(.text.usbd_setup_request_handler)
    [Anonymous Symbol]                       0x000031f8   Section        0  usbd_core.o(.text.usbd_setup_request_handler)
    usbd_standard_request_handler            0x0000331d   Thumb Code    58  usbd_core.o(.text.usbd_standard_request_handler)
    [Anonymous Symbol]                       0x0000331c   Section        0  usbd_core.o(.text.usbd_standard_request_handler)
    usbd_std_device_req_handler              0x00003359   Thumb Code   160  usbd_core.o(.text.usbd_std_device_req_handler)
    [Anonymous Symbol]                       0x00003358   Section        0  usbd_core.o(.text.usbd_std_device_req_handler)
    usbd_std_endpoint_req_handler            0x000033f9   Thumb Code   208  usbd_core.o(.text.usbd_std_endpoint_req_handler)
    [Anonymous Symbol]                       0x000033f8   Section        0  usbd_core.o(.text.usbd_std_endpoint_req_handler)
    usbd_std_interface_req_handler           0x000034c9   Thumb Code   228  usbd_core.o(.text.usbd_std_interface_req_handler)
    [Anonymous Symbol]                       0x000034c8   Section        0  usbd_core.o(.text.usbd_std_interface_req_handler)
    usbd_vendor_request_handler              0x000035ad   Thumb Code   412  usbd_core.o(.text.usbd_vendor_request_handler)
    [Anonymous Symbol]                       0x000035ac   Section        0  usbd_core.o(.text.usbd_vendor_request_handler)
    INT                                      0x00003748   Section      296  startup_es32f36xx.o(INT)
    i.__0printf$8                            0x00003870   Section        0  printf8.o(i.__0printf$8)
    i.__scatterload_copy                     0x00003890   Section       14  handlers.o(i.__scatterload_copy)
    i.__scatterload_null                     0x0000389e   Section        2  handlers.o(i.__scatterload_null)
    i.__scatterload_zeroinit                 0x000038a0   Section       14  handlers.o(i.__scatterload_zeroinit)
    _printf_core                             0x000038b1   Thumb Code   996  printf8.o(i._printf_core)
    i._printf_core                           0x000038b0   Section        0  printf8.o(i._printf_core)
    _printf_post_padding                     0x00003cc1   Thumb Code    36  printf8.o(i._printf_post_padding)
    i._printf_post_padding                   0x00003cc0   Section        0  printf8.o(i._printf_post_padding)
    _printf_pre_padding                      0x00003ce5   Thumb Code    46  printf8.o(i._printf_pre_padding)
    i._printf_pre_padding                    0x00003ce4   Section        0  printf8.o(i._printf_pre_padding)
    i.puts                                   0x00003d14   Section        0  puts.o(i.puts)
    .L__const.SCSI_inquiry.inquiry           0x00003d38   Data          36  usbd_msc.o(.rodata..L__const.SCSI_inquiry.inquiry)
    .L__const.SCSI_modeSense10.sense10       0x00003d5c   Data          27  usbd_msc.o(.rodata..L__const.SCSI_modeSense10.sense10)
    .L__const.SCSI_requestSense.request_sense 0x00003d78   Data          18  usbd_msc.o(.rodata..L__const.SCSI_requestSense.request_sense)
    cdc_msc_descriptor                       0x00003d8a   Data         201  cdc_acm_msc_template.o(.rodata.cdc_msc_descriptor)
    [Anonymous Symbol]                       0x00003d8a   Section        0  cdc_acm_msc_template.o(.rodata.cdc_msc_descriptor)
    .L.str.17                                0x00003e53   Data          93  usbd_core.o(.rodata.str1.1)
    [Anonymous Symbol]                       0x00003e53   Section        0  usbd_core.o(.rodata.str1.1)
    .L.str                                   0x00003eb0   Data          14  usbd_core.o(.rodata.str1.1)
    .L.str                                   0x00003eb0   Data          14  usbd_core.o(.rodata.str1.1)
    .L.str.8                                 0x00003ebe   Data          14  usbd_core.o(.rodata.str1.1)
    .L.str.2                                 0x00003ecc   Data           5  usbd_core.o(.rodata.str1.1)
    .L.str.2                                 0x00003ecc   Data           5  usbd_core.o(.rodata.str1.1)
    .L.str.5                                 0x00003ed1   Data          14  usbd_msc.o(.rodata.str1.1)
    [Anonymous Symbol]                       0x00003ed1   Section        0  usbd_msc.o(.rodata.str1.1)
    .data                                    0x20000000   Section        4  stdout.o(.data)
    bos_desc                                 0x20001400   Data           4  usbd_core.o(.bss.bos_desc)
    [Anonymous Symbol]                       0x20001400   Section        0  usbd_core.o(.bss.bos_desc)
    lib_tick                                 0x20001a48   Data           4  utils.o(.bss.lib_tick)
    [Anonymous Symbol]                       0x20001a48   Section        0  utils.o(.bss.lib_tick)
    mass_ep_data                             0x20002e4c   Data          16  usbd_msc.o(.bss.mass_ep_data)
    [Anonymous Symbol]                       0x20002e4c   Section        0  usbd_msc.o(.bss.mass_ep_data)
    msosv1_desc                              0x20002e5c   Data           4  usbd_core.o(.bss.msosv1_desc)
    [Anonymous Symbol]                       0x20002e5c   Section        0  usbd_core.o(.bss.msosv1_desc)
    msosv2_desc                              0x20002e60   Data           4  usbd_core.o(.bss.msosv2_desc)
    [Anonymous Symbol]                       0x20002e60   Section        0  usbd_core.o(.bss.msosv2_desc)
    usb_ep0_state                            0x20002f24   Data           1  usb_dc_musb.o(.bss.usb_ep0_state)
    [Anonymous Symbol]                       0x20002f24   Section        0  usb_dc_musb.o(.bss.usb_ep0_state)
    STACK                                    0x20002f30   Section     2048  startup_es32f36xx.o(STACK)

    Global Symbols

    Symbol Name                              Value     Ov Type        Size  Object(Section)

    BuildAttributes$$THM_ISAv4$P$D$K$B$S$PE$A:L22UL41UL21$X:L11$S22US41US21$IEEE1$IW$~IW$USESV6$~STKCKD$USESV7$~SHL$OTIME$ROPI$EBA8$MICROLIB$REQ8$PRES8$EABIv2 0x00000000   Number         0  anon$$obj.o ABSOLUTE
    __Vectors                                0x00000000   Data           4  startup_es32f36xx.o(RESET)
    _printf_a                                0x00000000   Number         0  printfstubs.o ABSOLUTE
    _printf_c                                0x00000000   Number         0  printfstubs.o ABSOLUTE
    _printf_charcount                        0x00000000   Number         0  printfstubs.o ABSOLUTE
    _printf_d                                0x00000000   Number         0  printfstubs.o ABSOLUTE
    _printf_e                                0x00000000   Number         0  printfstubs.o ABSOLUTE
    _printf_f                                0x00000000   Number         0  printfstubs.o ABSOLUTE
    _printf_flags                            0x00000000   Number         0  printfstubs.o ABSOLUTE
    _printf_fp_dec                           0x00000000   Number         0  printfstubs.o ABSOLUTE
    _printf_fp_hex                           0x00000000   Number         0  printfstubs.o ABSOLUTE
    _printf_g                                0x00000000   Number         0  printfstubs.o ABSOLUTE
    _printf_i                                0x00000000   Number         0  printfstubs.o ABSOLUTE
    _printf_int_dec                          0x00000000   Number         0  printfstubs.o ABSOLUTE
    _printf_l                                0x00000000   Number         0  printfstubs.o ABSOLUTE
    _printf_lc                               0x00000000   Number         0  printfstubs.o ABSOLUTE
    _printf_ll                               0x00000000   Number         0  printfstubs.o ABSOLUTE
    _printf_lld                              0x00000000   Number         0  printfstubs.o ABSOLUTE
    _printf_lli                              0x00000000   Number         0  printfstubs.o ABSOLUTE
    _printf_llo                              0x00000000   Number         0  printfstubs.o ABSOLUTE
    _printf_llu                              0x00000000   Number         0  printfstubs.o ABSOLUTE
    _printf_llx                              0x00000000   Number         0  printfstubs.o ABSOLUTE
    _printf_longlong_dec                     0x00000000   Number         0  printfstubs.o ABSOLUTE
    _printf_longlong_hex                     0x00000000   Number         0  printfstubs.o ABSOLUTE
    _printf_longlong_oct                     0x00000000   Number         0  printfstubs.o ABSOLUTE
    _printf_ls                               0x00000000   Number         0  printfstubs.o ABSOLUTE
    _printf_mbtowc                           0x00000000   Number         0  printfstubs.o ABSOLUTE
    _printf_n                                0x00000000   Number         0  printfstubs.o ABSOLUTE
    _printf_o                                0x00000000   Number         0  printfstubs.o ABSOLUTE
    _printf_p                                0x00000000   Number         0  printfstubs.o ABSOLUTE
    _printf_percent                          0x00000000   Number         0  printfstubs.o ABSOLUTE
    _printf_pre_padding                      0x00000000   Number         0  printfstubs.o ABSOLUTE
    _printf_return_value                     0x00000000   Number         0  printfstubs.o ABSOLUTE
    _printf_s                                0x00000000   Number         0  printfstubs.o ABSOLUTE
    _printf_sizespec                         0x00000000   Number         0  printfstubs.o ABSOLUTE
    _printf_str                              0x00000000   Number         0  printfstubs.o ABSOLUTE
    _printf_truncate_signed                  0x00000000   Number         0  printfstubs.o ABSOLUTE
    _printf_truncate_unsigned                0x00000000   Number         0  printfstubs.o ABSOLUTE
    _printf_u                                0x00000000   Number         0  printfstubs.o ABSOLUTE
    _printf_wc                               0x00000000   Number         0  printfstubs.o ABSOLUTE
    _printf_wctomb                           0x00000000   Number         0  printfstubs.o ABSOLUTE
    _printf_widthprec                        0x00000000   Number         0  printfstubs.o ABSOLUTE
    _printf_x                                0x00000000   Number         0  printfstubs.o ABSOLUTE
    __cpp_initialize__aeabi_                  - Undefined Weak Reference
    __cxa_finalize                            - Undefined Weak Reference
    _clock_init                               - Undefined Weak Reference
    _microlib_exit                            - Undefined Weak Reference
    __main                                   0x00000165   Thumb Code     0  entry.o(.ARM.Collect$$$$00000000)
    _main_stk                                0x00000165   Thumb Code     0  entry2.o(.ARM.Collect$$$$00000001)
    _main_scatterload                        0x00000169   Thumb Code     0  entry5.o(.ARM.Collect$$$$00000004)
    __main_after_scatterload                 0x0000016d   Thumb Code     0  entry5.o(.ARM.Collect$$$$00000004)
    _main_clock                              0x0000016d   Thumb Code     0  entry7b.o(.ARM.Collect$$$$00000008)
    _main_cpp_init                           0x0000016d   Thumb Code     0  entry8b.o(.ARM.Collect$$$$0000000A)
    _main_init                               0x0000016d   Thumb Code     0  entry9a.o(.ARM.Collect$$$$0000000B)
    __rt_final_cpp                           0x00000175   Thumb Code     0  entry10a.o(.ARM.Collect$$$$0000000D)
    __rt_final_exit                          0x00000175   Thumb Code     0  entry11a.o(.ARM.Collect$$$$0000000F)
    __aeabi_memcpy                           0x00000179   Thumb Code    36  memcpya.o(.text)
    __aeabi_memcpy4                          0x00000179   Thumb Code     0  memcpya.o(.text)
    __aeabi_memcpy8                          0x00000179   Thumb Code     0  memcpya.o(.text)
    __aeabi_memset                           0x0000019d   Thumb Code    14  memseta.o(.text)
    __aeabi_memset4                          0x0000019d   Thumb Code     0  memseta.o(.text)
    __aeabi_memset8                          0x0000019d   Thumb Code     0  memseta.o(.text)
    __aeabi_memclr                           0x000001ab   Thumb Code     4  memseta.o(.text)
    __aeabi_memclr4                          0x000001ab   Thumb Code     0  memseta.o(.text)
    __aeabi_memclr8                          0x000001ab   Thumb Code     0  memseta.o(.text)
    _memset$wrapper                          0x000001af   Thumb Code    18  memseta.o(.text)
    memcmp                                   0x000001c1   Thumb Code    26  memcmp.o(.text)
    __aeabi_uldivmod                         0x000001db   Thumb Code    98  uldiv.o(.text)
    __scatterload                            0x0000023d   Thumb Code    28  init.o(.text)
    __scatterload_rt2                        0x0000023d   Thumb Code     0  init.o(.text)
    __aeabi_llsl                             0x00000261   Thumb Code    30  llshl.o(.text)
    _ll_shift_l                              0x00000261   Thumb Code     0  llshl.o(.text)
    __aeabi_llsr                             0x0000027f   Thumb Code    32  llushr.o(.text)
    _ll_ushift_r                             0x0000027f   Thumb Code     0  llushr.o(.text)
    __decompress                             0x0000029f   Thumb Code     0  __dczerorl.o(.text)
    __decompress0                            0x0000029f   Thumb Code    58  __dczerorl.o(.text)
    BusFault_Handler                         0x000002d9   Thumb Code     2  irq.o(.text.BusFault_Handler)
    DMA_Handler                              0x000002dd   Thumb Code     8  irq.o(.text.DMA_Handler)
    DebugMon_Handler                         0x000002e5   Thumb Code     2  irq.o(.text.DebugMon_Handler)
    HardFault_Handler                        0x000002e9   Thumb Code     2  irq.o(.text.HardFault_Handler)
    MemManage_Handler                        0x000002ed   Thumb Code     2  irq.o(.text.MemManage_Handler)
    NMI_Handler                              0x000002f1   Thumb Code     2  irq.o(.text.NMI_Handler)
    PendSV_Handler                           0x000002f5   Thumb Code     2  irq.o(.text.PendSV_Handler)
    SVC_Handler                              0x00000be5   Thumb Code     2  irq.o(.text.SVC_Handler)
    SysTick_Handler                          0x00000c15   Thumb Code     8  irq.o(.text.SysTick_Handler)
    USB_INT_Handler                          0x00000c1d   Thumb Code   522  usb_dc_musb.o(.text.USB_INT_Handler)
    UsageFault_Handler                       0x00000e29   Thumb Code     2  irq.o(.text.UsageFault_Handler)
    adc_config                               0x00000ed5   Thumb Code   378  utils.o(.text.adc_config)
    ald_cmu_clock_config                     0x00001051   Thumb Code   730  ald_cmu.o(.text.ald_cmu_clock_config)
    ald_cmu_clock_config_default             0x0000132d   Thumb Code   118  ald_cmu.o(.text.ald_cmu_clock_config_default)
    ald_cmu_div_config                       0x000013a5   Thumb Code   192  ald_cmu.o(.text.ald_cmu_div_config)
    ald_cmu_get_pclk1_clock                  0x00001465   Thumb Code    40  ald_cmu.o(.text.ald_cmu_get_pclk1_clock)
    ald_cmu_get_sys_clock                    0x0000148d   Thumb Code    30  ald_cmu.o(.text.ald_cmu_get_sys_clock)
    ald_cmu_init                             0x000014ad   Thumb Code    40  utils.o(.text.ald_cmu_init)
    ald_cmu_perh_clock_config                0x000014d5   Thumb Code   170  ald_cmu.o(.text.ald_cmu_perh_clock_config)
    ald_cmu_pll1_config                      0x00001581   Thumb Code   208  ald_cmu.o(.text.ald_cmu_pll1_config)
    ald_cmu_usb_clock_config                 0x00001651   Thumb Code    72  ald_cmu.o(.text.ald_cmu_usb_clock_config)
    ald_delay_ms                             0x00001699   Thumb Code   118  utils.o(.text.ald_delay_ms)
    ald_dma_init                             0x00001711   Thumb Code    74  ald_dma.o(.text.ald_dma_init)
    ald_dma_irq_handler                      0x0000175d   Thumb Code   176  ald_dma.o(.text.ald_dma_irq_handler)
    ald_dma_reset                            0x0000180d   Thumb Code    62  ald_dma.o(.text.ald_dma_reset)
    ald_get_tick                             0x0000184d   Thumb Code    12  utils.o(.text.ald_get_tick)
    ald_gpio_init                            0x00001859   Thumb Code   228  ald_gpio.o(.text.ald_gpio_init)
    ald_iap_erase_page                       0x0000193d   Thumb Code    28  ald_iap.o(.text.ald_iap_erase_page)
    ald_iap_program_words                    0x00001959   Thumb Code    42  ald_iap.o(.text.ald_iap_program_words)
    ald_inc_tick                             0x00001985   Thumb Code    22  utils.o(.text.ald_inc_tick)
    ald_mcu_irq_config                       0x0000199d   Thumb Code    66  utils.o(.text.ald_mcu_irq_config)
    ald_pmu_perh_power_config                0x000019e1   Thumb Code    50  ald_pmu.o(.text.ald_pmu_perh_power_config)
    ald_rmu_reset_periperal                  0x00001a15   Thumb Code    84  ald_rmu.o(.text.ald_rmu_reset_periperal)
    ald_systick_irq_cbk                      0x00001a69   Thumb Code     2  utils.o(.text.ald_systick_irq_cbk)
    ald_tick_init                            0x00001a6d   Thumb Code    38  utils.o(.text.ald_tick_init)
    ald_uart_get_status                      0x00001a95   Thumb Code    12  ald_uart.o(.text.ald_uart_get_status)
    ald_uart_init                            0x00001aa1   Thumb Code   218  ald_uart.o(.text.ald_uart_init)
    ald_uart_reset                           0x00001b7d   Thumb Code    36  ald_uart.o(.text.ald_uart_reset)
    ald_uart_send                            0x00001ba1   Thumb Code   190  ald_uart.o(.text.ald_uart_send)
    cdc_acm_data_send_with_dtr_test          0x00001d41   Thumb Code    72  cdc_acm_msc_template.o(.text.cdc_acm_data_send_with_dtr_test)
    cdc_acm_msc_init                         0x00001d89   Thumb Code    96  cdc_acm_msc_template.o(.text.cdc_acm_msc_init)
    fputc                                    0x00001e0d   Thumb Code    32  main.o(.text.fputc)
    main                                     0x00001f51   Thumb Code    88  main.o(.text.main)
    mass_storage_bulk_in                     0x00001fa9   Thumb Code    84  usbd_msc.o(.text.mass_storage_bulk_in)
    mass_storage_bulk_out                    0x00001ffd   Thumb Code   124  usbd_msc.o(.text.mass_storage_bulk_out)
    msc_storage_notify_handler               0x000020f5   Thumb Code    46  usbd_msc.o(.text.msc_storage_notify_handler)
    sys_config                               0x0000221d   Thumb Code   300  utils.o(.text.sys_config)
    uart_pin_init                            0x00002349   Thumb Code   104  main.o(.text.uart_pin_init)
    usb_dc_init                              0x000023ed   Thumb Code    72  usb_dc_musb.o(.text.usb_dc_init)
    usb_dc_low_level_init                    0x00002435   Thumb Code    76  main.o(.text.usb_dc_low_level_init)
    usb_pin_init                             0x00002481   Thumb Code    42  main.o(.text.usb_pin_init)
    usbd_add_endpoint                        0x000024c5   Thumb Code    46  usbd_core.o(.text.usbd_add_endpoint)
    usbd_add_interface                       0x000024f5   Thumb Code    32  usbd_core.o(.text.usbd_add_interface)
    usbd_cdc_acm_bulk_in                     0x00002515   Thumb Code    64  cdc_acm_msc_template.o(.text.usbd_cdc_acm_bulk_in)
    usbd_cdc_acm_bulk_out                    0x00002555   Thumb Code    48  cdc_acm_msc_template.o(.text.usbd_cdc_acm_bulk_out)
    usbd_cdc_acm_get_line_coding             0x00002585   Thumb Code    20  usbd_cdc.o(.text.usbd_cdc_acm_get_line_coding)
    usbd_cdc_acm_init_intf                   0x00002599   Thumb Code    20  usbd_cdc.o(.text.usbd_cdc_acm_init_intf)
    usbd_cdc_acm_set_dtr                     0x000025ad   Thumb Code    12  cdc_acm_msc_template.o(.text.usbd_cdc_acm_set_dtr)
    usbd_cdc_acm_set_line_coding             0x000025b9   Thumb Code     2  usbd_cdc.o(.text.usbd_cdc_acm_set_line_coding)
    usbd_cdc_acm_set_rts                     0x000025bd   Thumb Code     2  usbd_cdc.o(.text.usbd_cdc_acm_set_rts)
    usbd_configure_done_callback             0x0000267d   Thumb Code    22  cdc_acm_msc_template.o(.text.usbd_configure_done_callback)
    usbd_desc_register                       0x00002695   Thumb Code    74  usbd_core.o(.text.usbd_desc_register)
    usbd_ep_clear_stall                      0x000026e1   Thumb Code   102  usb_dc_musb.o(.text.usbd_ep_clear_stall)
    usbd_ep_close                            0x00002749   Thumb Code     4  usb_dc_musb.o(.text.usbd_ep_close)
    usbd_ep_open                             0x0000274d   Thumb Code   360  usb_dc_musb.o(.text.usbd_ep_open)
    usbd_ep_set_stall                        0x000028b5   Thumb Code    96  usb_dc_musb.o(.text.usbd_ep_set_stall)
    usbd_ep_start_read                       0x00002915   Thumb Code   150  usb_dc_musb.o(.text.usbd_ep_start_read)
    usbd_ep_start_write                      0x000029ad   Thumb Code   224  usb_dc_musb.o(.text.usbd_ep_start_write)
    usbd_event_ep0_in_complete_handler       0x00002a8d   Thumb Code    82  usbd_core.o(.text.usbd_event_ep0_in_complete_handler)
    usbd_event_ep0_out_complete_handler      0x00002ae1   Thumb Code    72  usbd_core.o(.text.usbd_event_ep0_out_complete_handler)
    usbd_event_ep0_setup_complete_handler    0x00002b29   Thumb Code   216  usbd_core.o(.text.usbd_event_ep0_setup_complete_handler)
    usbd_event_ep_in_complete_handler        0x00002c01   Thumb Code    32  usbd_core.o(.text.usbd_event_ep_in_complete_handler)
    usbd_event_ep_out_complete_handler       0x00002c21   Thumb Code    32  usbd_core.o(.text.usbd_event_ep_out_complete_handler)
    usbd_event_handler                       0x00002c41   Thumb Code    18  usbd_core.o(.text.usbd_event_handler)
    usbd_event_reset_handler                 0x00002c55   Thumb Code    68  usbd_core.o(.text.usbd_event_reset_handler)
    usbd_initialize                          0x00002e31   Thumb Code     8  usbd_core.o(.text.usbd_initialize)
    usbd_msc_get_cap                         0x00002e6d   Thumb Code    14  cdc_acm_msc_template.o(.text.usbd_msc_get_cap)
    usbd_msc_init_intf                       0x00002e7d   Thumb Code   184  usbd_msc.o(.text.usbd_msc_init_intf)
    usbd_msc_sector_read                     0x00002f49   Thumb Code    34  cdc_acm_msc_template.o(.text.usbd_msc_sector_read)
    usbd_msc_sector_write                    0x00002f6d   Thumb Code    30  cdc_acm_msc_template.o(.text.usbd_msc_sector_write)
    usbd_set_address                         0x00003095   Thumb Code    30  usb_dc_musb.o(.text.usbd_set_address)
    RESET_Handler                            0x00003749   Thumb Code    92  startup_es32f36xx.o(INT)
    WWDG_Handler                             0x000037b7   Thumb Code     2  startup_es32f36xx.o(INT)
    IWDG_Handler                             0x000037b9   Thumb Code     2  startup_es32f36xx.o(INT)
    LVD_Handler                              0x000037bb   Thumb Code     2  startup_es32f36xx.o(INT)
    RTC_Handler                              0x000037bd   Thumb Code     2  startup_es32f36xx.o(INT)
    FLASH_Handler                            0x000037bf   Thumb Code     2  startup_es32f36xx.o(INT)
    CMU_Handler                              0x000037c1   Thumb Code     2  startup_es32f36xx.o(INT)
    ADC0_Handler                             0x000037c3   Thumb Code     2  startup_es32f36xx.o(INT)
    CAN0_TX_Handler                          0x000037c5   Thumb Code     2  startup_es32f36xx.o(INT)
    CAN0_RX0_Handler                         0x000037c7   Thumb Code     2  startup_es32f36xx.o(INT)
    CAN0_RX1_Handler                         0x000037c9   Thumb Code     2  startup_es32f36xx.o(INT)
    CAN0_EXCEPTION_Handler                   0x000037cb   Thumb Code     2  startup_es32f36xx.o(INT)
    AD16C4T0_BRK_Handler                     0x000037cd   Thumb Code     2  startup_es32f36xx.o(INT)
    AD16C4T0_UP_Handler                      0x000037cf   Thumb Code     2  startup_es32f36xx.o(INT)
    AD16C4T0_TRIG_COM_Handler                0x000037d1   Thumb Code     2  startup_es32f36xx.o(INT)
    AD16C4T0_CC_Handler                      0x000037d3   Thumb Code     2  startup_es32f36xx.o(INT)
    AD16C4T1_BRK_Handler                     0x000037d5   Thumb Code     2  startup_es32f36xx.o(INT)
    AD16C4T1_UP_Handler                      0x000037d7   Thumb Code     2  startup_es32f36xx.o(INT)
    AD16C4T1_TRIG_COM_Handler                0x000037d9   Thumb Code     2  startup_es32f36xx.o(INT)
    AD16C4T1_CC_Handler                      0x000037db   Thumb Code     2  startup_es32f36xx.o(INT)
    GP32C4T0_Handler                         0x000037dd   Thumb Code     2  startup_es32f36xx.o(INT)
    GP32C4T1_Handler                         0x000037df   Thumb Code     2  startup_es32f36xx.o(INT)
    BS16T0_Handler                           0x000037e1   Thumb Code     2  startup_es32f36xx.o(INT)
    BS16T1_Handler                           0x000037e3   Thumb Code     2  startup_es32f36xx.o(INT)
    GP16C4T0_Handler                         0x000037e5   Thumb Code     2  startup_es32f36xx.o(INT)
    GP16C4T1_Handler                         0x000037e7   Thumb Code     2  startup_es32f36xx.o(INT)
    DAC0_CH0_Handler                         0x000037e9   Thumb Code     2  startup_es32f36xx.o(INT)
    I2C0_EV_Handler                          0x000037eb   Thumb Code     2  startup_es32f36xx.o(INT)
    I2C0_ERR_Handler                         0x000037ed   Thumb Code     2  startup_es32f36xx.o(INT)
    I2C1_EV_Handler                          0x000037ef   Thumb Code     2  startup_es32f36xx.o(INT)
    I2C1_ERR_Handler                         0x000037f1   Thumb Code     2  startup_es32f36xx.o(INT)
    SPI0_I2S0_Handler                        0x000037f3   Thumb Code     2  startup_es32f36xx.o(INT)
    SPI1_I2S1_Handler                        0x000037f5   Thumb Code     2  startup_es32f36xx.o(INT)
    UART0_Handler                            0x000037f7   Thumb Code     2  startup_es32f36xx.o(INT)
    UART1_Handler                            0x000037f9   Thumb Code     2  startup_es32f36xx.o(INT)
    UART2_Handler                            0x000037fb   Thumb Code     2  startup_es32f36xx.o(INT)
    UART3_Handler                            0x000037fd   Thumb Code     2  startup_es32f36xx.o(INT)
    UART4_Handler                            0x000037ff   Thumb Code     2  startup_es32f36xx.o(INT)
    UART5_Handler                            0x00003801   Thumb Code     2  startup_es32f36xx.o(INT)
    CRYPT_Handler                            0x00003803   Thumb Code     2  startup_es32f36xx.o(INT)
    ACMP0_Handler                            0x00003805   Thumb Code     2  startup_es32f36xx.o(INT)
    ACMP1_Handler                            0x00003807   Thumb Code     2  startup_es32f36xx.o(INT)
    SPI2_I2S2_Handler                        0x00003809   Thumb Code     2  startup_es32f36xx.o(INT)
    EBI_Handler                              0x0000380b   Thumb Code     2  startup_es32f36xx.o(INT)
    TRNG_Handler                             0x0000380d   Thumb Code     2  startup_es32f36xx.o(INT)
    TSENSE_Handler                           0x0000380f   Thumb Code     2  startup_es32f36xx.o(INT)
    EXTI0_Handler                            0x00003811   Thumb Code     2  startup_es32f36xx.o(INT)
    EXTI1_Handler                            0x00003813   Thumb Code     2  startup_es32f36xx.o(INT)
    EXTI2_Handler                            0x00003815   Thumb Code     2  startup_es32f36xx.o(INT)
    EXTI3_Handler                            0x00003817   Thumb Code     2  startup_es32f36xx.o(INT)
    EXTI4_Handler                            0x00003819   Thumb Code     2  startup_es32f36xx.o(INT)
    EXTI5_Handler                            0x0000381b   Thumb Code     2  startup_es32f36xx.o(INT)
    EXTI6_Handler                            0x0000381d   Thumb Code     2  startup_es32f36xx.o(INT)
    EXTI7_Handler                            0x0000381f   Thumb Code     2  startup_es32f36xx.o(INT)
    EXTI8_Handler                            0x00003821   Thumb Code     2  startup_es32f36xx.o(INT)
    EXTI9_Handler                            0x00003823   Thumb Code     2  startup_es32f36xx.o(INT)
    EXTI10_Handler                           0x00003825   Thumb Code     2  startup_es32f36xx.o(INT)
    EXTI11_Handler                           0x00003827   Thumb Code     2  startup_es32f36xx.o(INT)
    EXTI12_Handler                           0x00003829   Thumb Code     2  startup_es32f36xx.o(INT)
    EXTI13_Handler                           0x0000382b   Thumb Code     2  startup_es32f36xx.o(INT)
    EXTI14_Handler                           0x0000382d   Thumb Code     2  startup_es32f36xx.o(INT)
    EXTI15_Handler                           0x0000382f   Thumb Code     2  startup_es32f36xx.o(INT)
    ADC1_Handler                             0x00003833   Thumb Code     2  startup_es32f36xx.o(INT)
    DAC0_CH1_Handler                         0x00003835   Thumb Code     2  startup_es32f36xx.o(INT)
    QSPI_Handler                             0x00003837   Thumb Code     2  startup_es32f36xx.o(INT)
    USB_DMA_Handler                          0x0000383b   Thumb Code     2  startup_es32f36xx.o(INT)
    ACMP2_Handler                            0x0000383d   Thumb Code     2  startup_es32f36xx.o(INT)
    __0printf$8                              0x00003871   Thumb Code    22  printf8.o(i.__0printf$8)
    __1printf$8                              0x00003871   Thumb Code     0  printf8.o(i.__0printf$8)
    __2printf                                0x00003871   Thumb Code     0  printf8.o(i.__0printf$8)
    __scatterload_copy                       0x00003891   Thumb Code    14  handlers.o(i.__scatterload_copy)
    __scatterload_null                       0x0000389f   Thumb Code     2  handlers.o(i.__scatterload_null)
    __scatterload_zeroinit                   0x000038a1   Thumb Code    14  handlers.o(i.__scatterload_zeroinit)
    puts                                     0x00003d15   Thumb Code    30  puts.o(i.puts)
    Region$$Table$$Base                      0x00003ee0   Number         0  anon$$obj.o(Region$$Table)
    Region$$Table$$Limit                     0x00003f00   Number         0  anon$$obj.o(Region$$Table)
    __stdout                                 0x20000000   Data           4  stdout.o(.data)
    __system_clock                           0x20000004   Data           4  ald_cmu.o(.data.__system_clock)
    __systick_interval                       0x20000008   Data           4  utils.o(.data.__systick_interval)
    cdc_in_ep                                0x2000000c   Data           8  cdc_acm_msc_template.o(.data.cdc_in_ep)
    cdc_out_ep                               0x20000014   Data           8  cdc_acm_msc_template.o(.data.cdc_out_ep)
    write_buffer                             0x2000001c   Data        2048  cdc_acm_msc_template.o(.noncacheable)
    read_buffer                              0x2000081c   Data        2048  cdc_acm_msc_template.o(.noncacheable)
    usbd_core_cfg                            0x2000101c   Data         288  usbd_core.o(.noncacheable)
    usbd_msc_cfg                             0x2000113c   Data         584  usbd_msc.o(.noncacheable)
    dma0_cbk                                 0x20001404   Data         192  ald_dma.o(.bss.dma0_cbk)
    dma0_ctrl_base                           0x20001600   Data         448  ald_dma.o(.bss.dma0_ctrl_base)
    dtr_enable                               0x200017c0   Data           1  cdc_acm_msc_template.o(.bss.dtr_enable)
    ep_tx_busy_flag                          0x200017c1   Data           1  cdc_acm_msc_template.o(.bss.ep_tx_busy_flag)
    g_musb_udc                               0x200017e0   Data         384  usb_dc_musb.o(.bss.g_musb_udc)
    h_uart                                   0x20001960   Data         136  main.o(.bss.h_uart)
    intf0                                    0x200019e8   Data          32  cdc_acm_msc_template.o(.bss.intf0)
    intf1                                    0x20001a08   Data          32  cdc_acm_msc_template.o(.bss.intf1)
    intf2                                    0x20001a28   Data          32  cdc_acm_msc_template.o(.bss.intf2)
    mass_block                               0x20001a4c   Data        5120  cdc_acm_msc_template.o(.bss.mass_block)
    rx_msg                                   0x20002e64   Data          96  usbd_core.o(.bss.rx_msg)
    tx_msg                                   0x20002ec4   Data          96  usbd_core.o(.bss.tx_msg)
    usbd_intf_head                           0x20002f28   Data           4  usbd_core.o(.bss.usbd_intf_head)
    __initial_sp                             0x20003730   Data           0  startup_es32f36xx.o(STACK)



==============================================================================

Memory Map of the image

  Image Entry point : 0x00000165

  Load Region LR_IROM1 (Base: 0x00000000, Size: 0x00005400, Max: 0x00080000, ABSOLUTE, COMPRESSED[0x00004200])

    Execution Region ER_IROM1 (Exec base: 0x00000000, Load base: 0x00000000, Size: 0x00003f00, Max: 0x00080000, ABSOLUTE)

    Exec Addr    Load Addr    Size         Type   Attr      Idx    E Section Name        Object

    0x00000000   0x00000000   0x00000164   Data   RO            3    RESET               startup_es32f36xx.o
    0x00000164   0x00000164   0x00000000   Code   RO          759  * .ARM.Collect$$$$00000000  mc_w.l(entry.o)
    0x00000164   0x00000164   0x00000004   Code   RO         1035    .ARM.Collect$$$$00000001  mc_w.l(entry2.o)
    0x00000168   0x00000168   0x00000004   Code   RO         1038    .ARM.Collect$$$$00000004  mc_w.l(entry5.o)
    0x0000016c   0x0000016c   0x00000000   Code   RO         1040    .ARM.Collect$$$$00000008  mc_w.l(entry7b.o)
    0x0000016c   0x0000016c   0x00000000   Code   RO         1042    .ARM.Collect$$$$0000000A  mc_w.l(entry8b.o)
    0x0000016c   0x0000016c   0x00000008   Code   RO         1043    .ARM.Collect$$$$0000000B  mc_w.l(entry9a.o)
    0x00000174   0x00000174   0x00000000   Code   RO         1045    .ARM.Collect$$$$0000000D  mc_w.l(entry10a.o)
    0x00000174   0x00000174   0x00000000   Code   RO         1047    .ARM.Collect$$$$0000000F  mc_w.l(entry11a.o)
    0x00000174   0x00000174   0x00000004   Code   RO         1036    .ARM.Collect$$$$00002712  mc_w.l(entry2.o)
    0x00000178   0x00000178   0x00000024   Code   RO          766    .text               mc_w.l(memcpya.o)
    0x0000019c   0x0000019c   0x00000024   Code   RO          768    .text               mc_w.l(memseta.o)
    0x000001c0   0x000001c0   0x0000001a   Code   RO          770    .text               mc_w.l(memcmp.o)
    0x000001da   0x000001da   0x00000062   Code   RO         1052    .text               mc_w.l(uldiv.o)
    0x0000023c   0x0000023c   0x00000024   Code   RO         1065    .text               mc_w.l(init.o)
    0x00000260   0x00000260   0x0000001e   Code   RO         1067    .text               mc_w.l(llshl.o)
    0x0000027e   0x0000027e   0x00000020   Code   RO         1069    .text               mc_w.l(llushr.o)
    0x0000029e   0x0000029e   0x0000003a   Code   RO         1083    .text               mc_w.l(__dczerorl.o)
    0x000002d8   0x000002d8   0x00000002   Code   RO          434    .text.BusFault_Handler  irq.o
    0x000002da   0x000002da   0x00000002   PAD
    0x000002dc   0x000002dc   0x00000008   Code   RO          446    .text.DMA_Handler   irq.o
    0x000002e4   0x000002e4   0x00000002   Code   RO          440    .text.DebugMon_Handler  irq.o
    0x000002e6   0x000002e6   0x00000002   PAD
    0x000002e8   0x000002e8   0x00000002   Code   RO          430    .text.HardFault_Handler  irq.o
    0x000002ea   0x000002ea   0x00000002   PAD
    0x000002ec   0x000002ec   0x00000002   Code   RO          432    .text.MemManage_Handler  irq.o
    0x000002ee   0x000002ee   0x00000002   PAD
    0x000002f0   0x000002f0   0x00000002   Code   RO          428    .text.NMI_Handler   irq.o
    0x000002f2   0x000002f2   0x00000002   PAD
    0x000002f4   0x000002f4   0x00000002   Code   RO          442    .text.PendSV_Handler  irq.o
    0x000002f6   0x000002f6   0x00000002   PAD
    0x000002f8   0x000002f8   0x00000238   Code   RO          587    .text.SCSI_CBWDecode  usbd_msc.o
    0x00000530   0x00000530   0x0000001a   Code   RO          605    .text.SCSI_SetSenseData  usbd_msc.o
    0x0000054a   0x0000054a   0x00000002   PAD
    0x0000054c   0x0000054c   0x000000b0   Code   RO          611    .text.SCSI_inquiry  usbd_msc.o
    0x000005fc   0x000005fc   0x0000003a   Code   RO          619    .text.SCSI_modeSense10  usbd_msc.o
    0x00000636   0x00000636   0x00000002   PAD
    0x00000638   0x00000638   0x0000004e   Code   RO          617    .text.SCSI_modeSense6  usbd_msc.o
    0x00000686   0x00000686   0x00000002   PAD
    0x00000688   0x00000688   0x00000024   Code   RO          615    .text.SCSI_preventAllowMediaRemoval  usbd_msc.o
    0x000006ac   0x000006ac   0x0000007a   Code   RO          597    .text.SCSI_processRead  usbd_msc.o
    0x00000726   0x00000726   0x00000002   PAD
    0x00000728   0x00000728   0x0000007a   Code   RO          591    .text.SCSI_processWrite  usbd_msc.o
    0x000007a2   0x000007a2   0x00000002   PAD
    0x000007a4   0x000007a4   0x000000d4   Code   RO          625    .text.SCSI_read10   usbd_msc.o
    0x00000878   0x00000878   0x000000d8   Code   RO          627    .text.SCSI_read12   usbd_msc.o
    0x00000950   0x00000950   0x0000004c   Code   RO          623    .text.SCSI_readCapacity10  usbd_msc.o
    0x0000099c   0x0000099c   0x00000050   Code   RO          621    .text.SCSI_readFormatCapacity  usbd_msc.o
    0x000009ec   0x000009ec   0x0000006e   Code   RO          609    .text.SCSI_requestSense  usbd_msc.o
    0x00000a5a   0x00000a5a   0x00000002   PAD
    0x00000a5c   0x00000a5c   0x00000024   Code   RO          613    .text.SCSI_startStopUnit  usbd_msc.o
    0x00000a80   0x00000a80   0x00000024   Code   RO          607    .text.SCSI_testUnitReady  usbd_msc.o
    0x00000aa4   0x00000aa4   0x000000a0   Code   RO          629    .text.SCSI_write10  usbd_msc.o
    0x00000b44   0x00000b44   0x000000a0   Code   RO          631    .text.SCSI_write12  usbd_msc.o
    0x00000be4   0x00000be4   0x00000002   Code   RO          438    .text.SVC_Handler   irq.o
    0x00000be6   0x00000be6   0x00000002   PAD
    0x00000be8   0x00000be8   0x0000002a   Code   RO          350    .text.SysTick_Config  utils.o
    0x00000c12   0x00000c12   0x00000002   PAD
    0x00000c14   0x00000c14   0x00000008   Code   RO          444    .text.SysTick_Handler  irq.o
    0x00000c1c   0x00000c1c   0x0000020a   Code   RO          745    .text.USB_INT_Handler  usb_dc_musb.o
    0x00000e26   0x00000e26   0x00000002   PAD
    0x00000e28   0x00000e28   0x00000002   Code   RO          436    .text.UsageFault_Handler  irq.o
    0x00000e2a   0x00000e2a   0x00000002   PAD
    0x00000e2c   0x00000e2c   0x00000028   Code   RO          380    .text.__NVIC_DisableIRQ  utils.o
    0x00000e54   0x00000e54   0x0000000e   Code   RO          102    .text.__NVIC_EnableIRQ  ald_dma.o
    0x00000e62   0x00000e62   0x00000002   PAD
    0x00000e64   0x00000e64   0x00000020   Code   RO          378    .text.__NVIC_EnableIRQ  utils.o
    0x00000e84   0x00000e84   0x0000000e   Code   RO          100    .text.__NVIC_SetPriority  ald_dma.o
    0x00000e92   0x00000e92   0x00000002   PAD
    0x00000e94   0x00000e94   0x00000022   Code   RO          352    .text.__NVIC_SetPriority  utils.o
    0x00000eb6   0x00000eb6   0x00000002   PAD
    0x00000eb8   0x00000eb8   0x0000001c   Code   RO          346    .text.__NVIC_SetPriorityGrouping  utils.o
    0x00000ed4   0x00000ed4   0x0000017a   Code   RO          394    .text.adc_config    utils.o
    0x0000104e   0x0000104e   0x00000002   PAD
    0x00001050   0x00001050   0x000002da   Code   RO           37    .text.ald_cmu_clock_config  ald_cmu.o
    0x0000132a   0x0000132a   0x00000002   PAD
    0x0000132c   0x0000132c   0x00000076   Code   RO           35    .text.ald_cmu_clock_config_default  ald_cmu.o
    0x000013a2   0x000013a2   0x00000002   PAD
    0x000013a4   0x000013a4   0x000000c0   Code   RO           39    .text.ald_cmu_div_config  ald_cmu.o
    0x00001464   0x00001464   0x00000028   Code   RO           51    .text.ald_cmu_get_pclk1_clock  ald_cmu.o
    0x0000148c   0x0000148c   0x0000001e   Code   RO           49    .text.ald_cmu_get_sys_clock  ald_cmu.o
    0x000014aa   0x000014aa   0x00000002   PAD
    0x000014ac   0x000014ac   0x00000028   Code   RO          344    .text.ald_cmu_init  utils.o
    0x000014d4   0x000014d4   0x000000aa   Code   RO           81    .text.ald_cmu_perh_clock_config  ald_cmu.o
    0x0000157e   0x0000157e   0x00000002   PAD
    0x00001580   0x00001580   0x000000d0   Code   RO           41    .text.ald_cmu_pll1_config  ald_cmu.o
    0x00001650   0x00001650   0x00000048   Code   RO           79    .text.ald_cmu_usb_clock_config  ald_cmu.o
    0x00001698   0x00001698   0x00000076   Code   RO          364    .text.ald_delay_ms  utils.o
    0x0000170e   0x0000170e   0x00000002   PAD
    0x00001710   0x00001710   0x0000004a   Code   RO           98    .text.ald_dma_init  ald_dma.o
    0x0000175a   0x0000175a   0x00000002   PAD
    0x0000175c   0x0000175c   0x000000b0   Code   RO           94    .text.ald_dma_irq_handler  ald_dma.o
    0x0000180c   0x0000180c   0x0000003e   Code   RO           96    .text.ald_dma_reset  ald_dma.o
    0x0000184a   0x0000184a   0x00000002   PAD
    0x0000184c   0x0000184c   0x0000000c   Code   RO          360    .text.ald_get_tick  utils.o
    0x00001858   0x00001858   0x000000e4   Code   RO          150    .text.ald_gpio_init  ald_gpio.o
    0x0000193c   0x0000193c   0x0000001c   Code   RO          320    .text.ald_iap_erase_page  ald_iap.o
    0x00001958   0x00001958   0x0000002a   Code   RO          326    .text.ald_iap_program_words  ald_iap.o
    0x00001982   0x00001982   0x00000002   PAD
    0x00001984   0x00001984   0x00000016   Code   RO          358    .text.ald_inc_tick  utils.o
    0x0000199a   0x0000199a   0x00000002   PAD
    0x0000199c   0x0000199c   0x00000042   Code   RO          376    .text.ald_mcu_irq_config  utils.o
    0x000019de   0x000019de   0x00000002   PAD
    0x000019e0   0x000019e0   0x00000032   Code   RO          202    .text.ald_pmu_perh_power_config  ald_pmu.o
    0x00001a12   0x00001a12   0x00000002   PAD
    0x00001a14   0x00001a14   0x00000054   Code   RO          220    .text.ald_rmu_reset_periperal  ald_rmu.o
    0x00001a68   0x00001a68   0x00000002   Code   RO          356    .text.ald_systick_irq_cbk  utils.o
    0x00001a6a   0x00001a6a   0x00000002   PAD
    0x00001a6c   0x00001a6c   0x00000026   Code   RO          348    .text.ald_tick_init  utils.o
    0x00001a92   0x00001a92   0x00000002   PAD
    0x00001a94   0x00001a94   0x0000000c   Code   RO          306    .text.ald_uart_get_status  ald_uart.o
    0x00001aa0   0x00001aa0   0x000000da   Code   RO          232    .text.ald_uart_init  ald_uart.o
    0x00001b7a   0x00001b7a   0x00000002   PAD
    0x00001b7c   0x00001b7c   0x00000024   Code   RO          230    .text.ald_uart_reset  ald_uart.o
    0x00001ba0   0x00001ba0   0x000000be   Code   RO          238    .text.ald_uart_send  ald_uart.o
    0x00001c5e   0x00001c5e   0x00000002   PAD
    0x00001c60   0x00001c60   0x000000e0   Code   RO          652    .text.cdc_acm_class_interface_request_handler  usbd_cdc.o
    0x00001d40   0x00001d40   0x00000048   Code   RO          465    .text.cdc_acm_data_send_with_dtr_test  cdc_acm_msc_template.o
    0x00001d88   0x00001d88   0x00000060   Code   RO          461    .text.cdc_acm_msc_init  cdc_acm_msc_template.o
    0x00001de8   0x00001de8   0x00000022   Code   RO           31    .text.cmu_clock_update  ald_cmu.o
    0x00001e0a   0x00001e0a   0x00000002   PAD
    0x00001e0c   0x00001e0c   0x00000020   Code   RO          406    .text.fputc         main.o
    0x00001e2c   0x00001e2c   0x0000010e   Code   RO          747    .text.handle_ep0    usb_dc_musb.o
    0x00001f3a   0x00001f3a   0x00000002   PAD
    0x00001f3c   0x00001f3c   0x00000014   Code   RO          559    .text.is_device_configured  usbd_core.o
    0x00001f50   0x00001f50   0x00000058   Code   RO          416    .text.main          main.o
    0x00001fa8   0x00001fa8   0x00000054   Code   RO          595    .text.mass_storage_bulk_in  usbd_msc.o
    0x00001ffc   0x00001ffc   0x0000007c   Code   RO          585    .text.mass_storage_bulk_out  usbd_msc.o
    0x00002078   0x00002078   0x0000007c   Code   RO          601    .text.msc_storage_class_interface_request_handler  usbd_msc.o
    0x000020f4   0x000020f4   0x0000002e   Code   RO          581    .text.msc_storage_notify_handler  usbd_msc.o
    0x00002122   0x00002122   0x00000002   PAD
    0x00002124   0x00002124   0x0000000c   Code   RO          715    .text.musb_get_active_ep  usb_dc_musb.o
    0x00002130   0x00002130   0x00000028   Code   RO          717    .text.musb_get_fifo_size  usb_dc_musb.o
    0x00002158   0x00002158   0x0000005a   Code   RO          735    .text.musb_read_packet  usb_dc_musb.o
    0x000021b2   0x000021b2   0x00000002   PAD
    0x000021b4   0x000021b4   0x0000000c   Code   RO          703    .text.musb_set_active_ep  usb_dc_musb.o
    0x000021c0   0x000021c0   0x0000005a   Code   RO          739    .text.musb_write_packet  usb_dc_musb.o
    0x0000221a   0x0000221a   0x00000002   PAD
    0x0000221c   0x0000221c   0x0000012c   Code   RO          392    .text.sys_config    utils.o
    0x00002348   0x00002348   0x00000068   Code   RO          410    .text.uart_pin_init  main.o
    0x000023b0   0x000023b0   0x0000003c   Code   RO          240    .text.uart_wait_flag  ald_uart.o
    0x000023ec   0x000023ec   0x00000048   Code   RO          701    .text.usb_dc_init   usb_dc_musb.o
    0x00002434   0x00002434   0x0000004c   Code   RO          412    .text.usb_dc_low_level_init  main.o
    0x00002480   0x00002480   0x0000002a   Code   RO          408    .text.usb_pin_init  main.o
    0x000024aa   0x000024aa   0x00000002   PAD
    0x000024ac   0x000024ac   0x00000018   Code   RO          527    .text.usb_slist_add_tail  usbd_core.o
    0x000024c4   0x000024c4   0x0000002e   Code   RO          529    .text.usbd_add_endpoint  usbd_core.o
    0x000024f2   0x000024f2   0x00000002   PAD
    0x000024f4   0x000024f4   0x00000020   Code   RO          525    .text.usbd_add_interface  usbd_core.o
    0x00002514   0x00002514   0x00000040   Code   RO          459    .text.usbd_cdc_acm_bulk_in  cdc_acm_msc_template.o
    0x00002554   0x00002554   0x00000030   Code   RO          457    .text.usbd_cdc_acm_bulk_out  cdc_acm_msc_template.o
    0x00002584   0x00002584   0x00000014   Code   RO          656    .text.usbd_cdc_acm_get_line_coding  usbd_cdc.o
    0x00002598   0x00002598   0x00000014   Code   RO          650    .text.usbd_cdc_acm_init_intf  usbd_cdc.o
    0x000025ac   0x000025ac   0x0000000c   Code   RO          463    .text.usbd_cdc_acm_set_dtr  cdc_acm_msc_template.o
    0x000025b8   0x000025b8   0x00000002   Code   RO          654    .text.usbd_cdc_acm_set_line_coding  usbd_cdc.o
    0x000025ba   0x000025ba   0x00000002   PAD
    0x000025bc   0x000025bc   0x00000002   Code   RO          660    .text.usbd_cdc_acm_set_rts  usbd_cdc.o
    0x000025be   0x000025be   0x00000002   PAD
    0x000025c0   0x000025c0   0x0000002c   Code   RO          503    .text.usbd_class_event_notify_handler  usbd_core.o
    0x000025ec   0x000025ec   0x00000090   Code   RO          543    .text.usbd_class_request_handler  usbd_core.o
    0x0000267c   0x0000267c   0x00000016   Code   RO          455    .text.usbd_configure_done_callback  cdc_acm_msc_template.o
    0x00002692   0x00002692   0x00000002   PAD
    0x00002694   0x00002694   0x0000004a   Code   RO          517    .text.usbd_desc_register  usbd_core.o
    0x000026de   0x000026de   0x00000002   PAD
    0x000026e0   0x000026e0   0x00000066   Code   RO          723    .text.usbd_ep_clear_stall  usb_dc_musb.o
    0x00002746   0x00002746   0x00000002   PAD
    0x00002748   0x00002748   0x00000004   Code   RO          719    .text.usbd_ep_close  usb_dc_musb.o
    0x0000274c   0x0000274c   0x00000168   Code   RO          713    .text.usbd_ep_open  usb_dc_musb.o
    0x000028b4   0x000028b4   0x00000060   Code   RO          721    .text.usbd_ep_set_stall  usb_dc_musb.o
    0x00002914   0x00002914   0x00000096   Code   RO          743    .text.usbd_ep_start_read  usb_dc_musb.o
    0x000029aa   0x000029aa   0x00000002   PAD
    0x000029ac   0x000029ac   0x000000e0   Code   RO          741    .text.usbd_ep_start_write  usb_dc_musb.o
    0x00002a8c   0x00002a8c   0x00000052   Code   RO          509    .text.usbd_event_ep0_in_complete_handler  usbd_core.o
    0x00002ade   0x00002ade   0x00000002   PAD
    0x00002ae0   0x00002ae0   0x00000048   Code   RO          511    .text.usbd_event_ep0_out_complete_handler  usbd_core.o
    0x00002b28   0x00002b28   0x000000d8   Code   RO          505    .text.usbd_event_ep0_setup_complete_handler  usbd_core.o
    0x00002c00   0x00002c00   0x00000020   Code   RO          513    .text.usbd_event_ep_in_complete_handler  usbd_core.o
    0x00002c20   0x00002c20   0x00000020   Code   RO          515    .text.usbd_event_ep_out_complete_handler  usbd_core.o
    0x00002c40   0x00002c40   0x00000012   Code   RO          493    .text.usbd_event_handler  usbd_core.o
    0x00002c52   0x00002c52   0x00000002   PAD
    0x00002c54   0x00002c54   0x00000044   Code   RO          501    .text.usbd_event_reset_handler  usbd_core.o
    0x00002c98   0x00002c98   0x00000198   Code   RO          553    .text.usbd_get_descriptor  usbd_core.o
    0x00002e30   0x00002e30   0x00000008   Code   RO          533    .text.usbd_initialize  usbd_core.o
    0x00002e38   0x00002e38   0x00000032   Code   RO          589    .text.usbd_msc_bot_abort  usbd_msc.o
    0x00002e6a   0x00002e6a   0x00000002   PAD
    0x00002e6c   0x00002e6c   0x0000000e   Code   RO          467    .text.usbd_msc_get_cap  cdc_acm_msc_template.o
    0x00002e7a   0x00002e7a   0x00000002   PAD
    0x00002e7c   0x00002e7c   0x000000b8   Code   RO          599    .text.usbd_msc_init_intf  usbd_msc.o
    0x00002f34   0x00002f34   0x00000012   Code   RO          583    .text.usbd_msc_reset  usbd_msc.o
    0x00002f46   0x00002f46   0x00000002   PAD
    0x00002f48   0x00002f48   0x00000022   Code   RO          469    .text.usbd_msc_sector_read  cdc_acm_msc_template.o
    0x00002f6a   0x00002f6a   0x00000002   PAD
    0x00002f6c   0x00002f6c   0x0000001e   Code   RO          471    .text.usbd_msc_sector_write  cdc_acm_msc_template.o
    0x00002f8a   0x00002f8a   0x00000002   PAD
    0x00002f8c   0x00002f8c   0x00000030   Code   RO          593    .text.usbd_msc_send_csw  usbd_msc.o
    0x00002fbc   0x00002fbc   0x00000038   Code   RO          633    .text.usbd_msc_send_info  usbd_msc.o
    0x00002ff4   0x00002ff4   0x0000004a   Code   RO          541    .text.usbd_print_setup  usbd_core.o
    0x0000303e   0x0000303e   0x00000002   PAD
    0x00003040   0x00003040   0x00000054   Code   RO          563    .text.usbd_reset_endpoint  usbd_core.o
    0x00003094   0x00003094   0x0000001e   Code   RO          707    .text.usbd_set_address  usb_dc_musb.o
    0x000030b2   0x000030b2   0x00000002   PAD
    0x000030b4   0x000030b4   0x0000005e   Code   RO          555    .text.usbd_set_configuration  usbd_core.o
    0x00003112   0x00003112   0x00000002   PAD
    0x00003114   0x00003114   0x00000078   Code   RO          557    .text.usbd_set_endpoint  usbd_core.o
    0x0000318c   0x0000318c   0x0000006c   Code   RO          561    .text.usbd_set_interface  usbd_core.o
    0x000031f8   0x000031f8   0x00000124   Code   RO          507    .text.usbd_setup_request_handler  usbd_core.o
    0x0000331c   0x0000331c   0x0000003a   Code   RO          539    .text.usbd_standard_request_handler  usbd_core.o
    0x00003356   0x00003356   0x00000002   PAD
    0x00003358   0x00003358   0x000000a0   Code   RO          547    .text.usbd_std_device_req_handler  usbd_core.o
    0x000033f8   0x000033f8   0x000000d0   Code   RO          551    .text.usbd_std_endpoint_req_handler  usbd_core.o
    0x000034c8   0x000034c8   0x000000e4   Code   RO          549    .text.usbd_std_interface_req_handler  usbd_core.o
    0x000035ac   0x000035ac   0x0000019c   Code   RO          545    .text.usbd_vendor_request_handler  usbd_core.o
    0x00003748   0x00003748   0x00000128   Code   RO            4    INT                 startup_es32f36xx.o
    0x00003870   0x00003870   0x00000020   Code   RO          981    i.__0printf$8       mc_w.l(printf8.o)
    0x00003890   0x00003890   0x0000000e   Code   RO         1077    i.__scatterload_copy  mc_w.l(handlers.o)
    0x0000389e   0x0000389e   0x00000002   Code   RO         1078    i.__scatterload_null  mc_w.l(handlers.o)
    0x000038a0   0x000038a0   0x0000000e   Code   RO         1079    i.__scatterload_zeroinit  mc_w.l(handlers.o)
    0x000038ae   0x000038ae   0x00000002   PAD
    0x000038b0   0x000038b0   0x00000410   Code   RO          988    i._printf_core      mc_w.l(printf8.o)
    0x00003cc0   0x00003cc0   0x00000024   Code   RO          989    i._printf_post_padding  mc_w.l(printf8.o)
    0x00003ce4   0x00003ce4   0x0000002e   Code   RO          990    i._printf_pre_padding  mc_w.l(printf8.o)
    0x00003d12   0x00003d12   0x00000002   PAD
    0x00003d14   0x00003d14   0x00000024   Code   RO          762    i.puts              mc_w.l(puts.o)
    0x00003d38   0x00003d38   0x00000024   Data   RO          640    .rodata..L__const.SCSI_inquiry.inquiry  usbd_msc.o
    0x00003d5c   0x00003d5c   0x0000001b   Data   RO          641    .rodata..L__const.SCSI_modeSense10.sense10  usbd_msc.o
    0x00003d77   0x00003d77   0x00000001   PAD
    0x00003d78   0x00003d78   0x00000012   Data   RO          638    .rodata..L__const.SCSI_requestSense.request_sense  usbd_msc.o
    0x00003d8a   0x00003d8a   0x000000c9   Data   RO          477    .rodata.cdc_msc_descriptor  cdc_acm_msc_template.o
    0x00003e53   0x00003e53   0x0000007e   Data   RO          567    .rodata.str1.1      usbd_core.o
    0x00003ed1   0x00003ed1   0x0000000e   Data   RO          637    .rodata.str1.1      usbd_msc.o
    0x00003edf   0x00003edf   0x00000001   PAD
    0x00003ee0   0x00003ee0   0x00000020   Data   RO         1076    Region$$Table       anon$$obj.o


    Execution Region RW_IRAM1 (Exec base: 0x20000000, Load base: 0x00004000, Size: 0x00003730, Max: 0x00018000, ABSOLUTE, COMPRESSED[0x00000200])

    Exec Addr    Load Addr    Size         Type   Attr      Idx    E Section Name        Object

    0x20000000   COMPRESSED   0x00000004   Data   RW         1049    .data               mc_w.l(stdout.o)
    0x20000004   COMPRESSED   0x00000004   Data   RW           85    .data.__system_clock  ald_cmu.o
    0x20000008   COMPRESSED   0x00000004   Data   RW          396    .data.__systick_interval  utils.o
    0x2000000c   COMPRESSED   0x00000008   Data   RW          476    .data.cdc_in_ep     cdc_acm_msc_template.o
    0x20000014   COMPRESSED   0x00000008   Data   RW          475    .data.cdc_out_ep    cdc_acm_msc_template.o
    0x2000001c   COMPRESSED   0x00001000   Data   RW          473    .noncacheable       cdc_acm_msc_template.o
    0x2000101c   COMPRESSED   0x00000120   Data   RW          566    .noncacheable       usbd_core.o
    0x2000113c   COMPRESSED   0x00000248   Data   RW          636    .noncacheable       usbd_msc.o
    0x20001384   COMPRESSED   0x0000007c   PAD
    0x20001400        -       0x00000004   Zero   RW          572    .bss.bos_desc       usbd_core.o
    0x20001404        -       0x000000c0   Zero   RW          140    .bss.dma0_cbk       ald_dma.o
    0x200014c4   COMPRESSED   0x0000013c   PAD
    0x20001600        -       0x000001c0   Zero   RW          141    .bss.dma0_ctrl_base  ald_dma.o
    0x200017c0        -       0x00000001   Zero   RW          481    .bss.dtr_enable     cdc_acm_msc_template.o
    0x200017c1        -       0x00000001   Zero   RW          474    .bss.ep_tx_busy_flag  cdc_acm_msc_template.o
    0x200017c2   COMPRESSED   0x0000001e   PAD
    0x200017e0        -       0x00000180   Zero   RW          750    .bss.g_musb_udc     usb_dc_musb.o
    0x20001960        -       0x00000088   Zero   RW          418    .bss.h_uart         main.o
    0x200019e8        -       0x00000020   Zero   RW          478    .bss.intf0          cdc_acm_msc_template.o
    0x20001a08        -       0x00000020   Zero   RW          479    .bss.intf1          cdc_acm_msc_template.o
    0x20001a28        -       0x00000020   Zero   RW          480    .bss.intf2          cdc_acm_msc_template.o
    0x20001a48        -       0x00000004   Zero   RW          397    .bss.lib_tick       utils.o
    0x20001a4c        -       0x00001400   Zero   RW          482    .bss.mass_block     cdc_acm_msc_template.o
    0x20002e4c        -       0x00000010   Zero   RW          635    .bss.mass_ep_data   usbd_msc.o
    0x20002e5c        -       0x00000004   Zero   RW          570    .bss.msosv1_desc    usbd_core.o
    0x20002e60        -       0x00000004   Zero   RW          571    .bss.msosv2_desc    usbd_core.o
    0x20002e64        -       0x00000060   Zero   RW          569    .bss.rx_msg         usbd_core.o
    0x20002ec4        -       0x00000060   Zero   RW          568    .bss.tx_msg         usbd_core.o
    0x20002f24        -       0x00000001   Zero   RW          751    .bss.usb_ep0_state  usb_dc_musb.o
    0x20002f25   COMPRESSED   0x00000003   PAD
    0x20002f28        -       0x00000004   Zero   RW          565    .bss.usbd_intf_head  usbd_core.o
    0x20002f2c   COMPRESSED   0x00000004   PAD
    0x20002f30        -       0x00000800   Zero   RW            1    STACK               startup_es32f36xx.o


==============================================================================

Image component sizes


      Code (inc. data)   RO Data    RW Data    ZI Data      Debug   Object Name

      1594         16          0          4          0      16048   ald_cmu.o
       340          0          0          0        640      16163   ald_dma.o
       228          0          0          0          0       6710   ald_gpio.o
        70          0          0          0          0       3348   ald_iap.o
        50          0          0          0          0       5613   ald_pmu.o
        84          6          0          0          0       4348   ald_rmu.o
       516          6          0          0          0      21173   ald_uart.o
       392         40        201       4112       5218       3722   cdc_acm_msc_template.o
        32          0          0          0          0       1093   irq.o
       342         20          0          0        136      14414   main.o
       296         50        356          0       2048       3900   startup_es32f36xx.o
      2074         56          0          0        385       9859   usb_dc_musb.o
       268         64          0          0          0       3050   usbd_cdc.o
      3158        494        126        288        208      12955   usbd_core.o
      3006        506         95        584         16      10367   usbd_msc.o
      1152          0          0          4          4      12713   utils.o

    ----------------------------------------------------------------------
     13720       1258        812       4992       9132     145476   Object Totals
         0          0         32          0          0          0   (incl. Generated)
       118          0          2          0        477          0   (incl. Padding)

    ----------------------------------------------------------------------

      Code (inc. data)   RO Data    RW Data    ZI Data      Debug   Library Member Name

        58          0          0          0          0          0   __dczerorl.o
         0          0          0          0          0          0   entry.o
         0          0          0          0          0          0   entry10a.o
         0          0          0          0          0          0   entry11a.o
         8          4          0          0          0          0   entry2.o
         4          0          0          0          0          0   entry5.o
         0          0          0          0          0          0   entry7b.o
         0          0          0          0          0          0   entry8b.o
         8          4          0          0          0          0   entry9a.o
        30          0          0          0          0          0   handlers.o
        36          8          0          0          0         68   init.o
        30          0          0          0          0         68   llshl.o
        32          0          0          0          0         68   llushr.o
        26          0          0          0          0         80   memcmp.o
        36          0          0          0          0         68   memcpya.o
        36          0          0          0          0        108   memseta.o
      1154         54          0          0          0        352   printf8.o
        36          6          0          0          0         80   puts.o
         0          0          0          4          0          0   stdout.o
        98          0          0          0          0         92   uldiv.o

    ----------------------------------------------------------------------
      1596         76          0          4          0        984   Library Totals
         4          0          0          0          0          0   (incl. Padding)

    ----------------------------------------------------------------------

      Code (inc. data)   RO Data    RW Data    ZI Data      Debug   Library Name

      1592         76          0          4          0        984   mc_w.l

    ----------------------------------------------------------------------
      1596         76          0          4          0        984   Library Totals

    ----------------------------------------------------------------------

==============================================================================


      Code (inc. data)   RO Data    RW Data    ZI Data      Debug   

     15316       1334        812       4996       9132     146000   Grand Totals
     15316       1334        812        512       9132     146000   ELF Image Totals (compressed)
     15316       1334        812        512          0          0   ROM Totals

==============================================================================

    Total RO  Size (Code + RO Data)                16128 (  15.75kB)
    Total RW  Size (RW Data + ZI Data)             14128 (  13.80kB)
    Total ROM Size (Code + RO Data + RW Data)      16640 (  16.25kB)

==============================================================================

