Component: ARM Compiler 6.14.1 Tool: armlink [5db06d00]

==============================================================================

Section Cross References

    startup_es32f36xx.o(RESET) refers to startup_es32f36xx.o(STACK) for __initial_sp
    startup_es32f36xx.o(RESET) refers to startup_es32f36xx.o(INT) for RESET_Handler
    startup_es32f36xx.o(RESET) refers to irq.o(.text.NMI_Handler) for NMI_Handler
    startup_es32f36xx.o(RESET) refers to irq.o(.text.HardFault_Handler) for HardFault_Handler
    startup_es32f36xx.o(RESET) refers to irq.o(.text.MemManage_Handler) for MemManage_Handler
    startup_es32f36xx.o(RESET) refers to irq.o(.text.BusFault_Handler) for BusFault_Handler
    startup_es32f36xx.o(RESET) refers to irq.o(.text.UsageFault_Handler) for UsageFault_Handler
    startup_es32f36xx.o(RESET) refers to port.o(.text.SVC_Handler) for SVC_Handler
    startup_es32f36xx.o(RESET) refers to irq.o(.text.DebugMon_Handler) for DebugMon_Handler
    startup_es32f36xx.o(RESET) refers to port.o(.text.PendSV_Handler) for PendSV_Handler
    startup_es32f36xx.o(RESET) refers to irq.o(.text.SysTick_Handler) for SysTick_Handler
    startup_es32f36xx.o(RESET) refers to irq.o(.text.DMA_Handler) for DMA_Handler
    startup_es32f36xx.o(RESET) refers to usb_hc_musb.o(.text.USB_INT_Handler) for USB_INT_Handler
    startup_es32f36xx.o(INT) refers to utils.o(.text.sys_config) for sys_config
    startup_es32f36xx.o(INT) refers to utils.o(.text.adc_config) for adc_config
    startup_es32f36xx.o(INT) refers to entry.o(.ARM.Collect$$$$00000000) for __main
    ald_bkpc.o(.ARM.exidx.text.ald_bkpc_standby_wakeup_config) refers to ald_bkpc.o(.text.ald_bkpc_standby_wakeup_config) for [Anonymous Symbol]
    ald_bkpc.o(.ARM.exidx.text.ald_bkpc_rtc_clock_config) refers to ald_bkpc.o(.text.ald_bkpc_rtc_clock_config) for [Anonymous Symbol]
    ald_bkpc.o(.ARM.exidx.text.ald_bkpc_tsense_clock_config) refers to ald_bkpc.o(.text.ald_bkpc_tsense_clock_config) for [Anonymous Symbol]
    ald_bkpc.o(.ARM.exidx.text.ald_bkpc_write_ram) refers to ald_bkpc.o(.text.ald_bkpc_write_ram) for [Anonymous Symbol]
    ald_bkpc.o(.ARM.exidx.text.ald_bkpc_read_ram) refers to ald_bkpc.o(.text.ald_bkpc_read_ram) for [Anonymous Symbol]
    ald_cmu.o(.text.ald_cmu_irq_handler) refers to ald_cmu.o(.text.cmu_clock_update) for cmu_clock_update
    ald_cmu.o(.text.ald_cmu_irq_handler) refers to ald_cmu.o(.text.ald_cmu_irq_cbk) for ald_cmu_irq_cbk
    ald_cmu.o(.ARM.exidx.text.ald_cmu_irq_handler) refers to ald_cmu.o(.text.ald_cmu_irq_handler) for [Anonymous Symbol]
    ald_cmu.o(.text.cmu_clock_update) refers to ald_cmu.o(.data.__system_clock) for __system_clock
    ald_cmu.o(.text.cmu_clock_update) refers to utils.o(.text.ald_tick_init) for ald_tick_init
    ald_cmu.o(.ARM.exidx.text.cmu_clock_update) refers to ald_cmu.o(.text.cmu_clock_update) for [Anonymous Symbol]
    ald_cmu.o(.ARM.exidx.text.ald_cmu_irq_cbk) refers to ald_cmu.o(.text.ald_cmu_irq_cbk) for [Anonymous Symbol]
    ald_cmu.o(.ARM.exidx.text.ald_cmu_clock_config_default) refers to ald_cmu.o(.text.ald_cmu_clock_config_default) for [Anonymous Symbol]
    ald_cmu.o(.text.ald_cmu_clock_config) refers to ald_cmu.o(.text.ald_cmu_div_config) for ald_cmu_div_config
    ald_cmu.o(.text.ald_cmu_clock_config) refers to ald_cmu.o(.text.cmu_clock_update) for cmu_clock_update
    ald_cmu.o(.ARM.exidx.text.ald_cmu_clock_config) refers to ald_cmu.o(.text.ald_cmu_clock_config) for [Anonymous Symbol]
    ald_cmu.o(.text.ald_cmu_div_config) refers to ald_cmu.o(.data.__system_clock) for __system_clock
    ald_cmu.o(.text.ald_cmu_div_config) refers to utils.o(.text.ald_tick_init) for ald_tick_init
    ald_cmu.o(.ARM.exidx.text.ald_cmu_div_config) refers to ald_cmu.o(.text.ald_cmu_div_config) for [Anonymous Symbol]
    ald_cmu.o(.ARM.exidx.text.ald_cmu_pll1_config) refers to ald_cmu.o(.text.ald_cmu_pll1_config) for [Anonymous Symbol]
    ald_cmu.o(.text.ald_cmu_get_clock) refers to ald_cmu.o(.data.__system_clock) for __system_clock
    ald_cmu.o(.ARM.exidx.text.ald_cmu_get_clock) refers to ald_cmu.o(.text.ald_cmu_get_clock) for [Anonymous Symbol]
    ald_cmu.o(.text.ald_cmu_get_hclk1_clock) refers to ald_cmu.o(.data.__system_clock) for __system_clock
    ald_cmu.o(.ARM.exidx.text.ald_cmu_get_hclk1_clock) refers to ald_cmu.o(.text.ald_cmu_get_hclk1_clock) for [Anonymous Symbol]
    ald_cmu.o(.text.ald_cmu_get_hclk2_clock) refers to ald_cmu.o(.data.__system_clock) for __system_clock
    ald_cmu.o(.ARM.exidx.text.ald_cmu_get_hclk2_clock) refers to ald_cmu.o(.text.ald_cmu_get_hclk2_clock) for [Anonymous Symbol]
    ald_cmu.o(.text.ald_cmu_get_sys_clock) refers to ald_cmu.o(.data.__system_clock) for __system_clock
    ald_cmu.o(.ARM.exidx.text.ald_cmu_get_sys_clock) refers to ald_cmu.o(.text.ald_cmu_get_sys_clock) for [Anonymous Symbol]
    ald_cmu.o(.text.ald_cmu_get_pclk1_clock) refers to ald_cmu.o(.data.__system_clock) for __system_clock
[...]
    [Anonymous Symbol]                       0x20002500   Section        0  timers.o(.bss.prvSampleTimeNow.xLastTime)
    pxCurrentTimerList                       0x20002508   Data           4  timers.o(.bss.pxCurrentTimerList)
    [Anonymous Symbol]                       0x20002508   Section        0  timers.o(.bss.pxCurrentTimerList)
    pxDelayedTaskList                        0x2000250c   Data           4  tasks.o(.bss.pxDelayedTaskList)
    [Anonymous Symbol]                       0x2000250c   Section        0  tasks.o(.bss.pxDelayedTaskList)
    pxEnd                                    0x20002510   Data           4  heap_4.o(.bss.pxEnd)
    [Anonymous Symbol]                       0x20002510   Section        0  heap_4.o(.bss.pxEnd)
    pxOverflowDelayedTaskList                0x20002514   Data           4  tasks.o(.bss.pxOverflowDelayedTaskList)
    [Anonymous Symbol]                       0x20002514   Section        0  tasks.o(.bss.pxOverflowDelayedTaskList)
    pxOverflowTimerList                      0x20002518   Data           4  timers.o(.bss.pxOverflowTimerList)
    [Anonymous Symbol]                       0x20002518   Section        0  timers.o(.bss.pxOverflowTimerList)
    pxReadyTasksLists                        0x2000251c   Data         640  tasks.o(.bss.pxReadyTasksLists)
    [Anonymous Symbol]                       0x2000251c   Section        0  tasks.o(.bss.pxReadyTasksLists)
    ucHeap                                   0x20002eec   Data       36864  heap_4.o(.bss.ucHeap)
    [Anonymous Symbol]                       0x20002eec   Section        0  heap_4.o(.bss.ucHeap)
    usb_ep0_state                            0x2000beec   Data           1  usb_hc_musb.o(.bss.usb_ep0_state)
    [Anonymous Symbol]                       0x2000beec   Section        0  usb_hc_musb.o(.bss.usb_ep0_state)
    uxCurrentNumberOfTasks                   0x2000bef8   Data           4  tasks.o(.bss.uxCurrentNumberOfTasks)
    [Anonymous Symbol]                       0x2000bef8   Section        0  tasks.o(.bss.uxCurrentNumberOfTasks)
    uxDeletedTasksWaitingCleanUp             0x2000befc   Data           4  tasks.o(.bss.uxDeletedTasksWaitingCleanUp)
    [Anonymous Symbol]                       0x2000befc   Section        0  tasks.o(.bss.uxDeletedTasksWaitingCleanUp)
    uxSchedulerSuspended                     0x2000bf00   Data           4  tasks.o(.bss.uxSchedulerSuspended)
    [Anonymous Symbol]                       0x2000bf00   Section        0  tasks.o(.bss.uxSchedulerSuspended)
    uxTaskNumber                             0x2000bf04   Data           4  tasks.o(.bss.uxTaskNumber)
    [Anonymous Symbol]                       0x2000bf04   Section        0  tasks.o(.bss.uxTaskNumber)
    uxTopReadyPriority                       0x2000bf08   Data           4  tasks.o(.bss.uxTopReadyPriority)
    [Anonymous Symbol]                       0x2000bf08   Section        0  tasks.o(.bss.uxTopReadyPriority)
    xActiveTimerList1                        0x2000bf0c   Data          20  timers.o(.bss.xActiveTimerList1)
    [Anonymous Symbol]                       0x2000bf0c   Section        0  timers.o(.bss.xActiveTimerList1)
    xActiveTimerList2                        0x2000bf20   Data          20  timers.o(.bss.xActiveTimerList2)
    [Anonymous Symbol]                       0x2000bf20   Section        0  timers.o(.bss.xActiveTimerList2)
    xBlockAllocatedBit                       0x2000bf34   Data           1  heap_4.o(.bss.xBlockAllocatedBit)
    [Anonymous Symbol]                       0x2000bf34   Section        0  heap_4.o(.bss.xBlockAllocatedBit)
    xDelayedTaskList1                        0x2000bf38   Data          20  tasks.o(.bss.xDelayedTaskList1)
    [Anonymous Symbol]                       0x2000bf38   Section        0  tasks.o(.bss.xDelayedTaskList1)
    xDelayedTaskList2                        0x2000bf4c   Data          20  tasks.o(.bss.xDelayedTaskList2)
    [Anonymous Symbol]                       0x2000bf4c   Section        0  tasks.o(.bss.xDelayedTaskList2)
    xFreeBytesRemaining                      0x2000bf60   Data           4  heap_4.o(.bss.xFreeBytesRemaining)
    [Anonymous Symbol]                       0x2000bf60   Section        0  heap_4.o(.bss.xFreeBytesRemaining)
    xIdleTaskHandle                          0x2000bf64   Data           4  tasks.o(.bss.xIdleTaskHandle)
    [Anonymous Symbol]                       0x2000bf64   Section        0  tasks.o(.bss.xIdleTaskHandle)
    xMinimumEverFreeBytesRemaining           0x2000bf68   Data           4  heap_4.o(.bss.xMinimumEverFreeBytesRemaining)
    [Anonymous Symbol]                       0x2000bf68   Section        0  heap_4.o(.bss.xMinimumEverFreeBytesRemaining)
    xNextTaskUnblockTime                     0x2000bf6c   Data           4  tasks.o(.bss.xNextTaskUnblockTime)
    [Anonymous Symbol]                       0x2000bf6c   Section        0  tasks.o(.bss.xNextTaskUnblockTime)
    xNumOfOverflows                          0x2000bf70   Data           4  tasks.o(.bss.xNumOfOverflows)
    [Anonymous Symbol]                       0x2000bf70   Section        0  tasks.o(.bss.xNumOfOverflows)
    xNumberOfSuccessfulAllocations           0x2000bf74   Data           4  heap_4.o(.bss.xNumberOfSuccessfulAllocations)
    [Anonymous Symbol]                       0x2000bf74   Section        0  heap_4.o(.bss.xNumberOfSuccessfulAllocations)
    xNumberOfSuccessfulFrees                 0x2000bf78   Data           4  heap_4.o(.bss.xNumberOfSuccessfulFrees)
    [Anonymous Symbol]                       0x2000bf78   Section        0  heap_4.o(.bss.xNumberOfSuccessfulFrees)
    xPendedTicks                             0x2000bf7c   Data           4  tasks.o(.bss.xPendedTicks)
    [Anonymous Symbol]                       0x2000bf7c   Section        0  tasks.o(.bss.xPendedTicks)
    xPendingReadyList                        0x2000bf80   Data          20  tasks.o(.bss.xPendingReadyList)
    [Anonymous Symbol]                       0x2000bf80   Section        0  tasks.o(.bss.xPendingReadyList)
    xSchedulerRunning                        0x2000bfe4   Data           4  tasks.o(.bss.xSchedulerRunning)
    [Anonymous Symbol]                       0x2000bfe4   Section        0  tasks.o(.bss.xSchedulerRunning)
    xStart                                   0x2000bfe8   Data           8  heap_4.o(.bss.xStart)
    [Anonymous Symbol]                       0x2000bfe8   Section        0  heap_4.o(.bss.xStart)
    xSuspendedTaskList                       0x2000bff0   Data          20  tasks.o(.bss.xSuspendedTaskList)
    [Anonymous Symbol]                       0x2000bff0   Section        0  tasks.o(.bss.xSuspendedTaskList)
    xTasksWaitingTermination                 0x2000c004   Data          20  tasks.o(.bss.xTasksWaitingTermination)
    [Anonymous Symbol]                       0x2000c004   Section        0  tasks.o(.bss.xTasksWaitingTermination)
    xTickCount                               0x2000c018   Data           4  tasks.o(.bss.xTickCount)
    [Anonymous Symbol]                       0x2000c018   Section        0  tasks.o(.bss.xTickCount)
    xTimerQueue                              0x2000c01c   Data           4  timers.o(.bss.xTimerQueue)
    [Anonymous Symbol]                       0x2000c01c   Section        0  timers.o(.bss.xTimerQueue)
    xTimerTaskHandle                         0x2000c020   Data           4  timers.o(.bss.xTimerTaskHandle)
    [Anonymous Symbol]                       0x2000c020   Section        0  timers.o(.bss.xTimerTaskHandle)
    xYieldPending                            0x2000c024   Data           4  tasks.o(.bss.xYieldPending)
    [Anonymous Symbol]                       0x2000c024   Section        0  tasks.o(.bss.xYieldPending)
    HEAP                                     0x2000c028   Section     8192  startup_es32f36xx.o(HEAP)
    STACK                                    0x2000e028   Section     2048  startup_es32f36xx.o(STACK)

    Global Symbols

    Symbol Name                              Value     Ov Type        Size  Object(Section)

    BuildAttributes$$THM_ISAv4$P$D$K$B$S$PE$A:L22UL41UL21$X:L11$S22US41US21$IEEE1$IW$~IW$USESV6$~STKCKD$USESV7$~SHL$OTIME$ROPI$EBA8$MICROLIB$REQ8$PRES8$EABIv2 0x00000000   Number         0  anon$$obj.o ABSOLUTE
    __Vectors                                0x00000000   Data           4  startup_es32f36xx.o(RESET)
    _printf_a                                0x00000000   Number         0  printfstubs.o ABSOLUTE
    _printf_c                                0x00000000   Number         0  printfstubs.o ABSOLUTE
    _printf_charcount                        0x00000000   Number         0  printfstubs.o ABSOLUTE
    _printf_d                                0x00000000   Number         0  printfstubs.o ABSOLUTE
    _printf_e                                0x00000000   Number         0  printfstubs.o ABSOLUTE
    _printf_f                                0x00000000   Number         0  printfstubs.o ABSOLUTE
    _printf_flags                            0x00000000   Number         0  printfstubs.o ABSOLUTE
    _printf_fp_dec                           0x00000000   Number         0  printfstubs.o ABSOLUTE
    _printf_fp_hex                           0x00000000   Number         0  printfstubs.o ABSOLUTE
    _printf_g                                0x00000000   Number         0  printfstubs.o ABSOLUTE
    _printf_i                                0x00000000   Number         0  printfstubs.o ABSOLUTE
    _printf_int_dec                          0x00000000   Number         0  printfstubs.o ABSOLUTE
    _printf_l                                0x00000000   Number         0  printfstubs.o ABSOLUTE
    _printf_lc                               0x00000000   Number         0  printfstubs.o ABSOLUTE
    _printf_ll                               0x00000000   Number         0  printfstubs.o ABSOLUTE
    _printf_lld                              0x00000000   Number         0  printfstubs.o ABSOLUTE
    _printf_lli                              0x00000000   Number         0  printfstubs.o ABSOLUTE
    _printf_llo                              0x00000000   Number         0  printfstubs.o ABSOLUTE
    _printf_llu                              0x00000000   Number         0  printfstubs.o ABSOLUTE
    _printf_llx                              0x00000000   Number         0  printfstubs.o ABSOLUTE
    _printf_longlong_dec                     0x00000000   Number         0  printfstubs.o ABSOLUTE
    _printf_longlong_hex                     0x00000000   Number         0  printfstubs.o ABSOLUTE
    _printf_longlong_oct                     0x00000000   Number         0  printfstubs.o ABSOLUTE
    _printf_ls                               0x00000000   Number         0  printfstubs.o ABSOLUTE
    _printf_mbtowc                           0x00000000   Number         0  printfstubs.o ABSOLUTE
    _printf_n                                0x00000000   Number         0  printfstubs.o ABSOLUTE
    _printf_o                                0x00000000   Number         0  printfstubs.o ABSOLUTE
    _printf_p                                0x00000000   Number         0  printfstubs.o ABSOLUTE
    _printf_percent                          0x00000000   Number         0  printfstubs.o ABSOLUTE
    _printf_pre_padding                      0x00000000   Number         0  printfstubs.o ABSOLUTE
    _printf_return_value                     0x00000000   Number         0  printfstubs.o ABSOLUTE
    _printf_s                                0x00000000   Number         0  printfstubs.o ABSOLUTE
    _printf_sizespec                         0x00000000   Number         0  printfstubs.o ABSOLUTE
    _printf_str                              0x00000000   Number         0  printfstubs.o ABSOLUTE
    _printf_truncate_signed                  0x00000000   Number         0  printfstubs.o ABSOLUTE
    _printf_truncate_unsigned                0x00000000   Number         0  printfstubs.o ABSOLUTE
    _printf_u                                0x00000000   Number         0  printfstubs.o ABSOLUTE
    _printf_wc                               0x00000000   Number         0  printfstubs.o ABSOLUTE
    _printf_wctomb                           0x00000000   Number         0  printfstubs.o ABSOLUTE
    _printf_widthprec                        0x00000000   Number         0  printfstubs.o ABSOLUTE
    _printf_x                                0x00000000   Number         0  printfstubs.o ABSOLUTE
    __cpp_initialize__aeabi_                  - Undefined Weak Reference
    __cxa_finalize                            - Undefined Weak Reference
    _clock_init                               - Undefined Weak Reference
    _microlib_exit                            - Undefined Weak Reference
    __main                                   0x00000165   Thumb Code     0  entry.o(.ARM.Collect$$$$00000000)
    _main_stk                                0x00000165   Thumb Code     0  entry2.o(.ARM.Collect$$$$00000001)
    _main_scatterload                        0x00000169   Thumb Code     0  entry5.o(.ARM.Collect$$$$00000004)
    __main_after_scatterload                 0x0000016d   Thumb Code     0  entry5.o(.ARM.Collect$$$$00000004)
    _main_clock                              0x0000016d   Thumb Code     0  entry7b.o(.ARM.Collect$$$$00000008)
    _main_cpp_init                           0x0000016d   Thumb Code     0  entry8b.o(.ARM.Collect$$$$0000000A)
    _main_init                               0x0000016d   Thumb Code     0  entry9a.o(.ARM.Collect$$$$0000000B)
    __rt_final_cpp                           0x00000175   Thumb Code     0  entry10a.o(.ARM.Collect$$$$0000000D)
    __rt_final_exit                          0x00000175   Thumb Code     0  entry11a.o(.ARM.Collect$$$$0000000F)
    __aeabi_memcpy                           0x00000179   Thumb Code    36  memcpya.o(.text)
    __aeabi_memcpy4                          0x00000179   Thumb Code     0  memcpya.o(.text)
    __aeabi_memcpy8                          0x00000179   Thumb Code     0  memcpya.o(.text)
    __aeabi_memset                           0x0000019d   Thumb Code    14  memseta.o(.text)
    __aeabi_memset4                          0x0000019d   Thumb Code     0  memseta.o(.text)
    __aeabi_memset8                          0x0000019d   Thumb Code     0  memseta.o(.text)
    __aeabi_memclr                           0x000001ab   Thumb Code     4  memseta.o(.text)
    __aeabi_memclr4                          0x000001ab   Thumb Code     0  memseta.o(.text)
    __aeabi_memclr8                          0x000001ab   Thumb Code     0  memseta.o(.text)
    _memset$wrapper                          0x000001af   Thumb Code    18  memseta.o(.text)
    strncpy                                  0x000001c1   Thumb Code    24  strncpy.o(.text)
    strncmp                                  0x000001d9   Thumb Code    30  strncmp.o(.text)
    __aeabi_uldivmod                         0x000001f7   Thumb Code    98  uldiv.o(.text)
    __scatterload                            0x00000259   Thumb Code    28  init.o(.text)
    __scatterload_rt2                        0x00000259   Thumb Code     0  init.o(.text)
    __aeabi_llsl                             0x0000027d   Thumb Code    30  llshl.o(.text)
    _ll_shift_l                              0x0000027d   Thumb Code     0  llshl.o(.text)
    __aeabi_llsr                             0x0000029b   Thumb Code    32  llushr.o(.text)
    _ll_ushift_r                             0x0000029b   Thumb Code     0  llushr.o(.text)
    __decompress                             0x000002bb   Thumb Code     0  __dczerorl.o(.text)
    __decompress0                            0x000002bb   Thumb Code    58  __dczerorl.o(.text)
    BusFault_Handler                         0x000002f5   Thumb Code     2  irq.o(.text.BusFault_Handler)
    DMA_Handler                              0x000002f9   Thumb Code     8  irq.o(.text.DMA_Handler)
    DebugMon_Handler                         0x00000301   Thumb Code     2  irq.o(.text.DebugMon_Handler)
    HardFault_Handler                        0x00000305   Thumb Code     2  irq.o(.text.HardFault_Handler)
    MemManage_Handler                        0x00000309   Thumb Code     2  irq.o(.text.MemManage_Handler)
    NMI_Handler                              0x0000030d   Thumb Code     2  irq.o(.text.NMI_Handler)
    PendSV_Handler                           0x00000311   Thumb Code    68  port.o(.text.PendSV_Handler)
    SVC_Handler                              0x00000361   Thumb Code    36  port.o(.text.SVC_Handler)
    SysTick_Handler                          0x000003b1   Thumb Code    20  irq.o(.text.SysTick_Handler)
    USB_INT_Handler                          0x000003c5   Thumb Code   730  usb_hc_musb.o(.text.USB_INT_Handler)
    UsageFault_Handler                       0x000006a1   Thumb Code     2  irq.o(.text.UsageFault_Handler)
    adc_config                               0x0000084d   Thumb Code   378  utils.o(.text.adc_config)
    ald_cmu_clock_config                     0x000009c9   Thumb Code   730  ald_cmu.o(.text.ald_cmu_clock_config)
    ald_cmu_clock_config_default             0x00000ca5   Thumb Code   118  ald_cmu.o(.text.ald_cmu_clock_config_default)
    ald_cmu_div_config                       0x00000d1d   Thumb Code   192  ald_cmu.o(.text.ald_cmu_div_config)
    ald_cmu_get_pclk1_clock                  0x00000ddd   Thumb Code    40  ald_cmu.o(.text.ald_cmu_get_pclk1_clock)
    ald_cmu_get_sys_clock                    0x00000e05   Thumb Code    30  ald_cmu.o(.text.ald_cmu_get_sys_clock)
    ald_cmu_init                             0x00000e25   Thumb Code    40  utils.o(.text.ald_cmu_init)
    ald_cmu_perh_clock_config                0x00000e4d   Thumb Code   170  ald_cmu.o(.text.ald_cmu_perh_clock_config)
    ald_cmu_pll1_config                      0x00000ef9   Thumb Code   208  ald_cmu.o(.text.ald_cmu_pll1_config)
    ald_cmu_usb_clock_config                 0x00000fc9   Thumb Code    72  ald_cmu.o(.text.ald_cmu_usb_clock_config)
    ald_dma_init                             0x00001011   Thumb Code    74  ald_dma.o(.text.ald_dma_init)
    ald_dma_irq_handler                      0x0000105d   Thumb Code   176  ald_dma.o(.text.ald_dma_irq_handler)
    ald_dma_reset                            0x0000110d   Thumb Code    62  ald_dma.o(.text.ald_dma_reset)
    ald_get_tick                             0x0000114d   Thumb Code    12  utils.o(.text.ald_get_tick)
    ald_gpio_init                            0x00001159   Thumb Code   228  ald_gpio.o(.text.ald_gpio_init)
    ald_iap_erase_page                       0x0000123d   Thumb Code    28  ald_iap.o(.text.ald_iap_erase_page)
    ald_iap_program_words                    0x00001259   Thumb Code    42  ald_iap.o(.text.ald_iap_program_words)
    ald_inc_tick                             0x00001285   Thumb Code    22  utils.o(.text.ald_inc_tick)
    ald_mcu_irq_config                       0x0000129d   Thumb Code    66  utils.o(.text.ald_mcu_irq_config)
    ald_pmu_perh_power_config                0x000012e1   Thumb Code    50  ald_pmu.o(.text.ald_pmu_perh_power_config)
    ald_rmu_reset_periperal                  0x00001315   Thumb Code    84  ald_rmu.o(.text.ald_rmu_reset_periperal)
    ald_systick_irq_cbk                      0x00001369   Thumb Code     2  utils.o(.text.ald_systick_irq_cbk)
    ald_tick_init                            0x0000136d   Thumb Code    38  utils.o(.text.ald_tick_init)
    ald_uart_get_status                      0x00001395   Thumb Code    12  ald_uart.o(.text.ald_uart_get_status)
    ald_uart_init                            0x000013a1   Thumb Code   218  ald_uart.o(.text.ald_uart_init)
    ald_uart_reset                           0x0000147d   Thumb Code    36  ald_uart.o(.text.ald_uart_reset)
    ald_uart_send                            0x000014a1   Thumb Code   190  ald_uart.o(.text.ald_uart_send)
    fputc                                    0x00001585   Thumb Code    32  main.o(.text.fputc)
    handle_ep0                               0x000015a5   Thumb Code   394  usb_hc_musb.o(.text.handle_ep0)
    main                                     0x00001745   Thumb Code    84  main.o(.text.main)
    musb_bulk_pipe_init                      0x00001799   Thumb Code   176  usb_hc_musb.o(.text.musb_bulk_pipe_init)
    musb_control_pipe_init                   0x00001849   Thumb Code    72  usb_hc_musb.o(.text.musb_control_pipe_init)
    musb_intr_pipe_init                      0x000018b9   Thumb Code   180  usb_hc_musb.o(.text.musb_intr_pipe_init)
    pvPortMalloc                             0x0000279d   Thumb Code   260  heap_4.o(.text.pvPortMalloc)
    pvTaskIncrementMutexHeldCount            0x000028a1   Thumb Code    24  tasks.o(.text.pvTaskIncrementMutexHeldCount)
    pxPortInitialiseStack                    0x000028b9   Thumb Code    32  port.o(.text.pxPortInitialiseStack)
    sys_config                               0x000028d9   Thumb Code   300  utils.o(.text.sys_config)
    uart_pin_init                            0x00002a05   Thumb Code   104  main.o(.text.uart_pin_init)
    usb_hc_init                              0x00002aa9   Thumb Code   178  usb_hc_musb.o(.text.usb_hc_init)
    usb_hc_low_level_init                    0x00002b5d   Thumb Code    76  main.o(.text.usb_hc_low_level_init)
    usb_osal_enter_critical_section          0x00002ba9   Thumb Code    20  usb_osal_freertos.o(.text.usb_osal_enter_critical_section)
    usb_osal_leave_critical_section          0x00002bbd   Thumb Code     8  usb_osal_freertos.o(.text.usb_osal_leave_critical_section)
    usb_osal_mq_create                       0x00002bc5   Thumb Code    12  usb_osal_freertos.o(.text.usb_osal_mq_create)
    usb_osal_mq_recv                         0x00002bd1   Thumb Code    16  usb_osal_freertos.o(.text.usb_osal_mq_recv)
    usb_osal_mq_send                         0x00002be1   Thumb Code    62  usb_osal_freertos.o(.text.usb_osal_mq_send)
    usb_osal_msleep                          0x00002c21   Thumb Code    28  usb_osal_freertos.o(.text.usb_osal_msleep)
    usb_osal_sem_create                      0x00002c3d   Thumb Code    12  usb_osal_freertos.o(.text.usb_osal_sem_create)
    usb_osal_sem_give                        0x00002c49   Thumb Code    56  usb_osal_freertos.o(.text.usb_osal_sem_give)
    usb_osal_sem_take                        0x00002c81   Thumb Code    36  usb_osal_freertos.o(.text.usb_osal_sem_take)
    usb_osal_thread_create                   0x00002ca5   Thumb Code    38  usb_osal_freertos.o(.text.usb_osal_thread_create)
    usb_pin_init                             0x00002ccd   Thumb Code    42  main.o(.text.usb_pin_init)
    usbh_bulk_cbw_csw_xfer                   0x00002d81   Thumb Code   352  usbh_msc.o(.text.usbh_bulk_cbw_csw_xfer)
    usbh_cdc_acm_callback                    0x00002f21   Thumb Code    68  usb_host.o(.text.usbh_cdc_acm_callback)
    usbh_cdc_acm_run                         0x000031fd   Thumb Code     2  usb_host.o(.text.usbh_cdc_acm_run)
    usbh_cdc_acm_set_line_coding             0x00003201   Thumb Code    58  usbh_cdc_acm.o(.text.usbh_cdc_acm_set_line_coding)
    usbh_cdc_acm_set_line_state              0x0000323d   Thumb Code    56  usbh_cdc_acm.o(.text.usbh_cdc_acm_set_line_state)
    usbh_cdc_acm_stop                        0x00003275   Thumb Code     2  usb_host.o(.text.usbh_cdc_acm_stop)
    usbh_class_test                          0x0000340d   Thumb Code   112  usb_host.o(.text.usbh_class_test)
    usbh_control_transfer                    0x0000347d   Thumb Code    70  usbh_core.o(.text.usbh_control_transfer)
    usbh_enumerate                           0x000034dd   Thumb Code  1148  usbh_core.o(.text.usbh_enumerate)
    usbh_ep_pipe_reconfigure                 0x00003959   Thumb Code    10  usb_hc_musb.o(.text.usbh_ep_pipe_reconfigure)
    usbh_find_class_instance                 0x00003a2d   Thumb Code   178  usbh_core.o(.text.usbh_find_class_instance)
    usbh_hid_callback                        0x00003b69   Thumb Code    80  usb_host.o(.text.usbh_hid_callback)
    usbh_hid_connect                         0x00003bb9   Thumb Code   376  usbh_hid.o(.text.usbh_hid_connect)
    usbh_hid_disconnect                      0x00003d89   Thumb Code   132  usbh_hid.o(.text.usbh_hid_disconnect)
    usbh_hid_run                             0x00003e59   Thumb Code     2  usb_host.o(.text.usbh_hid_run)
    usbh_hid_set_idle                        0x00003e5d   Thumb Code    54  usbh_hid.o(.text.usbh_hid_set_idle)
    usbh_hid_stop                            0x00003e95   Thumb Code     2  usb_host.o(.text.usbh_hid_stop)
    usbh_hport_activate_ep0                  0x00003f0d   Thumb Code    44  usbh_core.o(.text.usbh_hport_activate_ep0)
    usbh_hport_activate_epx                  0x00003f39   Thumb Code   176  usbh_core.o(.text.usbh_hport_activate_epx)
    usbh_hport_deactivate_ep0                0x00003fe9   Thumb Code    34  usbh_core.o(.text.usbh_hport_deactivate_ep0)
    usbh_hub_initialize                      0x0000489d   Thumb Code    92  usbh_hub.o(.text.usbh_hub_initialize)
    usbh_initialize                          0x000049f5   Thumb Code    68  usbh_core.o(.text.usbh_initialize)
    usbh_msc_run                             0x00004e91   Thumb Code     2  usb_host.o(.text.usbh_msc_run)
    usbh_msc_scsi_read10                     0x00004ed5   Thumb Code    98  usbh_msc.o(.text.usbh_msc_scsi_read10)
    usbh_msc_stop                            0x00004fe9   Thumb Code     2  usb_host.o(.text.usbh_msc_stop)
    usbh_pipe_alloc                          0x000050b9   Thumb Code   228  usb_hc_musb.o(.text.usbh_pipe_alloc)
    usbh_pipe_free                           0x0000519d   Thumb Code     4  usb_hc_musb.o(.text.usbh_pipe_free)
    usbh_rndis_query_msg_transfer            0x0000576d   Thumb Code   246  usbh_rndis.o(.text.usbh_rndis_query_msg_transfer)
    usbh_rndis_run                           0x00005865   Thumb Code     2  usbh_rndis.o(.text.usbh_rndis_run)
    usbh_rndis_stop                          0x00005945   Thumb Code     2  usbh_rndis.o(.text.usbh_rndis_stop)
    usbh_roothub_control                     0x00005949   Thumb Code   228  usb_hc_musb.o(.text.usbh_roothub_control)
    usbh_roothub_thread_wakeup               0x00005a5d   Thumb Code    52  usbh_hub.o(.text.usbh_roothub_thread_wakeup)
    usbh_submit_urb                          0x00005a91   Thumb Code   160  usb_hc_musb.o(.text.usbh_submit_urb)
    uxListRemove                             0x00005b31   Thumb Code    40  list.o(.text.uxListRemove)
    vListInitialise                          0x00005b59   Thumb Code    22  list.o(.text.vListInitialise)
    vListInitialiseItem                      0x00005b71   Thumb Code     6  list.o(.text.vListInitialiseItem)
    vListInsert                              0x00005b79   Thumb Code    58  list.o(.text.vListInsert)
    vPortEnterCritical                       0x00005bb5   Thumb Code    32  port.o(.text.vPortEnterCritical)
    vPortExitCritical                        0x00005bd5   Thumb Code    26  port.o(.text.vPortExitCritical)
    vPortFree                                0x00005bf1   Thumb Code   100  heap_4.o(.text.vPortFree)
    vPortSetupTimerInterrupt                 0x00005c55   Thumb Code    30  port.o(.text.vPortSetupTimerInterrupt)
    vPortValidateInterruptPriority           0x00005c75   Thumb Code    22  port.o(.text.vPortValidateInterruptPriority)
    vQueueAddToRegistry                      0x00005c8d   Thumb Code    74  queue.o(.text.vQueueAddToRegistry)
    vQueueWaitForMessageRestricted           0x00005cd9   Thumb Code    68  queue.o(.text.vQueueWaitForMessageRestricted)
    vTaskDelay                               0x00005d1d   Thumb Code    52  tasks.o(.text.vTaskDelay)
    vTaskInternalSetTimeOutState             0x00005d51   Thumb Code    26  tasks.o(.text.vTaskInternalSetTimeOutState)
    vTaskMissedYield                         0x00005d6d   Thumb Code    14  tasks.o(.text.vTaskMissedYield)
    vTaskPlaceOnEventList                    0x00005d7d   Thumb Code    30  tasks.o(.text.vTaskPlaceOnEventList)
    vTaskPlaceOnEventListRestricted          0x00005d9d   Thumb Code    90  tasks.o(.text.vTaskPlaceOnEventListRestricted)
    vTaskPriorityDisinheritAfterTimeout      0x00005df9   Thumb Code   150  tasks.o(.text.vTaskPriorityDisinheritAfterTimeout)
    vTaskStartScheduler                      0x00005e91   Thumb Code   132  tasks.o(.text.vTaskStartScheduler)
    vTaskSuspendAll                          0x00005f15   Thumb Code    16  tasks.o(.text.vTaskSuspendAll)
    vTaskSwitchContext                       0x00005f25   Thumb Code   108  tasks.o(.text.vTaskSwitchContext)
    xPortStartScheduler                      0x00005f91   Thumb Code   120  port.o(.text.xPortStartScheduler)
    xPortSysTickHandler                      0x00006009   Thumb Code    46  port.o(.text.xPortSysTickHandler)
    xQueueCreateCountingSemaphore            0x00006039   Thumb Code    36  queue.o(.text.xQueueCreateCountingSemaphore)
    xQueueGenericCreate                      0x0000605d   Thumb Code    58  queue.o(.text.xQueueGenericCreate)
    xQueueGenericReset                       0x00006099   Thumb Code   128  queue.o(.text.xQueueGenericReset)
    xQueueGenericSendFromISR                 0x00006119   Thumb Code   208  queue.o(.text.xQueueGenericSendFromISR)
    xQueueGiveFromISR                        0x000061e9   Thumb Code   152  queue.o(.text.xQueueGiveFromISR)
    xQueueReceive                            0x00006281   Thumb Code   296  queue.o(.text.xQueueReceive)
    xQueueSemaphoreTake                      0x000063a9   Thumb Code   354  queue.o(.text.xQueueSemaphoreTake)
    xTaskCheckForTimeOut                     0x0000650d   Thumb Code    96  tasks.o(.text.xTaskCheckForTimeOut)
    xTaskCreate                              0x0000656d   Thumb Code    96  tasks.o(.text.xTaskCreate)
    xTaskGetSchedulerState                   0x000065cd   Thumb Code    38  tasks.o(.text.xTaskGetSchedulerState)
    xTaskGetTickCount                        0x000065f5   Thumb Code    12  tasks.o(.text.xTaskGetTickCount)
    xTaskIncrementTick                       0x00006601   Thumb Code   406  tasks.o(.text.xTaskIncrementTick)
    xTaskPriorityDisinherit                  0x00006799   Thumb Code   142  tasks.o(.text.xTaskPriorityDisinherit)
    xTaskPriorityInherit                     0x00006829   Thumb Code   190  tasks.o(.text.xTaskPriorityInherit)
    xTaskRemoveFromEventList                 0x000068e9   Thumb Code   226  tasks.o(.text.xTaskRemoveFromEventList)
    xTaskResumeAll                           0x000069cd   Thumb Code   344  tasks.o(.text.xTaskResumeAll)
    xTimerCreateTimerTask                    0x00006b25   Thumb Code    76  timers.o(.text.xTimerCreateTimerTask)
    RESET_Handler                            0x00006b71   Thumb Code    92  startup_es32f36xx.o(INT)
    WWDG_Handler                             0x00006bdf   Thumb Code     2  startup_es32f36xx.o(INT)
    IWDG_Handler                             0x00006be1   Thumb Code     2  startup_es32f36xx.o(INT)
    LVD_Handler                              0x00006be3   Thumb Code     2  startup_es32f36xx.o(INT)
    RTC_Handler                              0x00006be5   Thumb Code     2  startup_es32f36xx.o(INT)
    FLASH_Handler                            0x00006be7   Thumb Code     2  startup_es32f36xx.o(INT)
    CMU_Handler                              0x00006be9   Thumb Code     2  startup_es32f36xx.o(INT)
    ADC0_Handler                             0x00006beb   Thumb Code     2  startup_es32f36xx.o(INT)
    CAN0_TX_Handler                          0x00006bed   Thumb Code     2  startup_es32f36xx.o(INT)
    CAN0_RX0_Handler                         0x00006bef   Thumb Code     2  startup_es32f36xx.o(INT)
    CAN0_RX1_Handler                         0x00006bf1   Thumb Code     2  startup_es32f36xx.o(INT)
    CAN0_EXCEPTION_Handler                   0x00006bf3   Thumb Code     2  startup_es32f36xx.o(INT)
    AD16C4T0_BRK_Handler                     0x00006bf5   Thumb Code     2  startup_es32f36xx.o(INT)
    AD16C4T0_UP_Handler                      0x00006bf7   Thumb Code     2  startup_es32f36xx.o(INT)
    AD16C4T0_TRIG_COM_Handler                0x00006bf9   Thumb Code     2  startup_es32f36xx.o(INT)
    AD16C4T0_CC_Handler                      0x00006bfb   Thumb Code     2  startup_es32f36xx.o(INT)
    AD16C4T1_BRK_Handler                     0x00006bfd   Thumb Code     2  startup_es32f36xx.o(INT)
    AD16C4T1_UP_Handler                      0x00006bff   Thumb Code     2  startup_es32f36xx.o(INT)
    AD16C4T1_TRIG_COM_Handler                0x00006c01   Thumb Code     2  startup_es32f36xx.o(INT)
    AD16C4T1_CC_Handler                      0x00006c03   Thumb Code     2  startup_es32f36xx.o(INT)
    GP32C4T0_Handler                         0x00006c05   Thumb Code     2  startup_es32f36xx.o(INT)
    GP32C4T1_Handler                         0x00006c07   Thumb Code     2  startup_es32f36xx.o(INT)
    BS16T0_Handler                           0x00006c09   Thumb Code     2  startup_es32f36xx.o(INT)
    BS16T1_Handler                           0x00006c0b   Thumb Code     2  startup_es32f36xx.o(INT)
    GP16C4T0_Handler                         0x00006c0d   Thumb Code     2  startup_es32f36xx.o(INT)
    GP16C4T1_Handler                         0x00006c0f   Thumb Code     2  startup_es32f36xx.o(INT)
    DAC0_CH0_Handler                         0x00006c11   Thumb Code     2  startup_es32f36xx.o(INT)
    I2C0_EV_Handler                          0x00006c13   Thumb Code     2  startup_es32f36xx.o(INT)
    I2C0_ERR_Handler                         0x00006c15   Thumb Code     2  startup_es32f36xx.o(INT)
    I2C1_EV_Handler                          0x00006c17   Thumb Code     2  startup_es32f36xx.o(INT)
    I2C1_ERR_Handler                         0x00006c19   Thumb Code     2  startup_es32f36xx.o(INT)
    SPI0_I2S0_Handler                        0x00006c1b   Thumb Code     2  startup_es32f36xx.o(INT)
    SPI1_I2S1_Handler                        0x00006c1d   Thumb Code     2  startup_es32f36xx.o(INT)
    UART0_Handler                            0x00006c1f   Thumb Code     2  startup_es32f36xx.o(INT)
    UART1_Handler                            0x00006c21   Thumb Code     2  startup_es32f36xx.o(INT)
    UART2_Handler                            0x00006c23   Thumb Code     2  startup_es32f36xx.o(INT)
    UART3_Handler                            0x00006c25   Thumb Code     2  startup_es32f36xx.o(INT)
    UART4_Handler                            0x00006c27   Thumb Code     2  startup_es32f36xx.o(INT)
    UART5_Handler                            0x00006c29   Thumb Code     2  startup_es32f36xx.o(INT)
    CRYPT_Handler                            0x00006c2b   Thumb Code     2  startup_es32f36xx.o(INT)
    ACMP0_Handler                            0x00006c2d   Thumb Code     2  startup_es32f36xx.o(INT)
    ACMP1_Handler                            0x00006c2f   Thumb Code     2  startup_es32f36xx.o(INT)
    SPI2_I2S2_Handler                        0x00006c31   Thumb Code     2  startup_es32f36xx.o(INT)
    EBI_Handler                              0x00006c33   Thumb Code     2  startup_es32f36xx.o(INT)
    TRNG_Handler                             0x00006c35   Thumb Code     2  startup_es32f36xx.o(INT)
    TSENSE_Handler                           0x00006c37   Thumb Code     2  startup_es32f36xx.o(INT)
    EXTI0_Handler                            0x00006c39   Thumb Code     2  startup_es32f36xx.o(INT)
    EXTI1_Handler                            0x00006c3b   Thumb Code     2  startup_es32f36xx.o(INT)
    EXTI2_Handler                            0x00006c3d   Thumb Code     2  startup_es32f36xx.o(INT)
    EXTI3_Handler                            0x00006c3f   Thumb Code     2  startup_es32f36xx.o(INT)
    EXTI4_Handler                            0x00006c41   Thumb Code     2  startup_es32f36xx.o(INT)
    EXTI5_Handler                            0x00006c43   Thumb Code     2  startup_es32f36xx.o(INT)
    EXTI6_Handler                            0x00006c45   Thumb Code     2  startup_es32f36xx.o(INT)
    EXTI7_Handler                            0x00006c47   Thumb Code     2  startup_es32f36xx.o(INT)
    EXTI8_Handler                            0x00006c49   Thumb Code     2  startup_es32f36xx.o(INT)
    EXTI9_Handler                            0x00006c4b   Thumb Code     2  startup_es32f36xx.o(INT)
    EXTI10_Handler                           0x00006c4d   Thumb Code     2  startup_es32f36xx.o(INT)
    EXTI11_Handler                           0x00006c4f   Thumb Code     2  startup_es32f36xx.o(INT)
    EXTI12_Handler                           0x00006c51   Thumb Code     2  startup_es32f36xx.o(INT)
    EXTI13_Handler                           0x00006c53   Thumb Code     2  startup_es32f36xx.o(INT)
    EXTI14_Handler                           0x00006c55   Thumb Code     2  startup_es32f36xx.o(INT)
    EXTI15_Handler                           0x00006c57   Thumb Code     2  startup_es32f36xx.o(INT)
    ADC1_Handler                             0x00006c5b   Thumb Code     2  startup_es32f36xx.o(INT)
    DAC0_CH1_Handler                         0x00006c5d   Thumb Code     2  startup_es32f36xx.o(INT)
    QSPI_Handler                             0x00006c5f   Thumb Code     2  startup_es32f36xx.o(INT)
    USB_DMA_Handler                          0x00006c63   Thumb Code     2  startup_es32f36xx.o(INT)
    ACMP2_Handler                            0x00006c65   Thumb Code     2  startup_es32f36xx.o(INT)
    __0printf$8                              0x00006c99   Thumb Code    22  printf8.o(i.__0printf$8)
    __1printf$8                              0x00006c99   Thumb Code     0  printf8.o(i.__0printf$8)
    __2printf                                0x00006c99   Thumb Code     0  printf8.o(i.__0printf$8)
    __0snprintf$8                            0x00006cb9   Thumb Code    48  printf8.o(i.__0snprintf$8)
    __1snprintf$8                            0x00006cb9   Thumb Code     0  printf8.o(i.__0snprintf$8)
    __2snprintf                              0x00006cb9   Thumb Code     0  printf8.o(i.__0snprintf$8)
    __scatterload_copy                       0x00006ced   Thumb Code    14  handlers.o(i.__scatterload_copy)
    __scatterload_null                       0x00006cfb   Thumb Code     2  handlers.o(i.__scatterload_null)
    __scatterload_zeroinit                   0x00006cfd   Thumb Code    14  handlers.o(i.__scatterload_zeroinit)
    free                                     0x00007185   Thumb Code    76  malloc.o(i.free)
    malloc                                   0x000071d5   Thumb Code    92  malloc.o(i.malloc)
    puts                                     0x00007241   Thumb Code    30  puts.o(i.puts)
    cdc_acm_class_driver                     0x00007264   Data          12  usbh_cdc_acm.o(.rodata.cdc_acm_class_driver)
    cdc_data_class_driver                    0x00007270   Data          12  usbh_cdc_acm.o(.rodata.cdc_data_class_driver)
    hid_class_driver                         0x0000727c   Data          12  usbh_hid.o(.rodata.hid_class_driver)
    hub_class_driver                         0x00007288   Data          12  usbh_hub.o(.rodata.hub_class_driver)
    msc_class_driver                         0x00007294   Data          12  usbh_msc.o(.rodata.msc_class_driver)
    uxTopUsedPriority                        0x000078d8   Data           4  tasks.o(.rodata.uxTopUsedPriority)
    Region$$Table$$Base                      0x000078dc   Number         0  anon$$obj.o(Region$$Table)
    Region$$Table$$Limit                     0x000078fc   Number         0  anon$$obj.o(Region$$Table)
    cdc_acm_class_info                       0x000078fc   Data          12  usbh_cdc_acm.o(usbh_class_info)
    usbh_class_info$$Base                    0x000078fc   Number         0  usbh_cdc_acm.o(usbh_class_info)
    cdc_data_class_info                      0x00007908   Data          12  usbh_cdc_acm.o(usbh_class_info)
    msc_class_info                           0x00007914   Data          12  usbh_msc.o(usbh_class_info)
    hid_custom_class_info                    0x00007920   Data          12  usbh_hid.o(usbh_class_info)
    hub_class_info                           0x0000792c   Data          12  usbh_hub.o(usbh_class_info)
    rndis_class_info                         0x00007938   Data          12  usbh_rndis.o(usbh_class_info)
    usbh_class_info$$Limit                   0x00007944   Number         0  usbh_rndis.o(usbh_class_info)
    __stdout                                 0x20000000   Data           4  stdout.o(.data)
    __microlib_freelist                      0x20000004   Data           4  mvars.o(.data)
    __microlib_freelist_initialised          0x20000008   Data           4  mvars.o(.data)
    __system_clock                           0x2000000c   Data           4  ald_cmu.o(.data.__system_clock)
    cdc_buffer                               0x20000014   Data         512  usb_host.o(.noncacheable)
    hid_buffer                               0x20000214   Data         128  usb_host.o(.noncacheable)
    partition_table                          0x20000294   Data         512  usb_host.o(.noncacheable)
    g_setup                                  0x20000494   Data          64  usbh_core.o(.noncacheable)
    ep0_request_buffer                       0x200004d4   Data         512  usbh_core.o(.noncacheable)
    g_cdc_line_coding                        0x200006d4   Data           7  usbh_cdc_acm.o(.noncacheable)
    g_msc_buf                                0x200006dc   Data          32  usbh_msc.o(.noncacheable)
    g_hid_buf                                0x200006fc   Data         128  usbh_hid.o(.noncacheable)
    g_hub_intbuf                             0x2000077c   Data           8  usbh_hub.o(.noncacheable)
    g_hub_buf                                0x20000784   Data          32  usbh_hub.o(.noncacheable)
    g_rndis_buf                              0x200007a4   Data        4096  usbh_rndis.o(.noncacheable)
    cdc_bulkin_urb                           0x20001800   Data          48  usb_host.o(.bss.cdc_bulkin_urb)
    cdc_bulkout_urb                          0x20001830   Data          48  usb_host.o(.bss.cdc_bulkout_urb)
    dma0_cbk                                 0x20001860   Data         192  ald_dma.o(.bss.dma0_cbk)
    dma0_ctrl_base                           0x20001a00   Data         448  ald_dma.o(.bss.dma0_ctrl_base)
    exthub                                   0x20001bc0   Data        1872  usbh_hub.o(.bss.exthub)
    g_musb_hcd                               0x20002320   Data         260  usb_hc_musb.o(.bss.g_musb_hcd)
    g_usbh_bus                               0x20002424   Data          20  usbh_core.o(.bss.g_usbh_bus)
    h_uart                                   0x20002438   Data         136  main.o(.bss.h_uart)
    hid_intin_urb                            0x200024c0   Data          48  usb_host.o(.bss.hid_intin_urb)
    hub_class_head                           0x200024f0   Data           4  usbh_hub.o(.bss.hub_class_head)
    hub_mq                                   0x200024f4   Data           4  usbh_hub.o(.bss.hub_mq)
    hub_thread                               0x200024f8   Data           4  usbh_hub.o(.bss.hub_thread)
    pxCurrentTCB                             0x20002504   Data           4  tasks.o(.bss.pxCurrentTCB)
    roothub                                  0x2000279c   Data        1872  usbh_hub.o(.bss.roothub)
    usbh_class_info_table_begin              0x2000bef0   Data           4  usbh_core.o(.bss.usbh_class_info_table_begin)
    usbh_class_info_table_end                0x2000bef4   Data           4  usbh_core.o(.bss.usbh_class_info_table_end)
    xQueueRegistry                           0x2000bf94   Data          80  queue.o(.bss.xQueueRegistry)
    __heap_base                              0x2000c028   Data           0  startup_es32f36xx.o(HEAP)
    __heap_limit                             0x2000e028   Data           0  startup_es32f36xx.o(HEAP)
    __initial_sp                             0x2000e828   Data           0  startup_es32f36xx.o(STACK)



==============================================================================

Memory Map of the image

  Image Entry point : 0x00000165

  Load Region LR_IROM1 (Base: 0x00000000, Size: 0x00009200, Max: 0x00080000, ABSOLUTE, COMPRESSED[0x00007c00])

    Execution Region ER_IROM1 (Exec base: 0x00000000, Load base: 0x00000000, Size: 0x00007944, Max: 0x00080000, ABSOLUTE)

    Exec Addr    Load Addr    Size         Type   Attr      Idx    E Section Name        Object

    0x00000000   0x00000000   0x00000164   Data   RO            3    RESET               startup_es32f36xx.o
    0x00000164   0x00000164   0x00000000   Code   RO         1253  * .ARM.Collect$$$$00000000  mc_w.l(entry.o)
    0x00000164   0x00000164   0x00000004   Code   RO         1561    .ARM.Collect$$$$00000001  mc_w.l(entry2.o)
    0x00000168   0x00000168   0x00000004   Code   RO         1564    .ARM.Collect$$$$00000004  mc_w.l(entry5.o)
    0x0000016c   0x0000016c   0x00000000   Code   RO         1566    .ARM.Collect$$$$00000008  mc_w.l(entry7b.o)
    0x0000016c   0x0000016c   0x00000000   Code   RO         1568    .ARM.Collect$$$$0000000A  mc_w.l(entry8b.o)
    0x0000016c   0x0000016c   0x00000008   Code   RO         1569    .ARM.Collect$$$$0000000B  mc_w.l(entry9a.o)
    0x00000174   0x00000174   0x00000000   Code   RO         1571    .ARM.Collect$$$$0000000D  mc_w.l(entry10a.o)
    0x00000174   0x00000174   0x00000000   Code   RO         1573    .ARM.Collect$$$$0000000F  mc_w.l(entry11a.o)
    0x00000174   0x00000174   0x00000004   Code   RO         1562    .ARM.Collect$$$$00002712  mc_w.l(entry2.o)
    0x00000178   0x00000178   0x00000024   Code   RO         1260    .text               mc_w.l(memcpya.o)
    0x0000019c   0x0000019c   0x00000024   Code   RO         1262    .text               mc_w.l(memseta.o)
    0x000001c0   0x000001c0   0x00000018   Code   RO         1264    .text               mc_w.l(strncpy.o)
    0x000001d8   0x000001d8   0x0000001e   Code   RO         1268    .text               mc_w.l(strncmp.o)
    0x000001f6   0x000001f6   0x00000062   Code   RO         1578    .text               mc_w.l(uldiv.o)
    0x00000258   0x00000258   0x00000024   Code   RO         1593    .text               mc_w.l(init.o)
    0x0000027c   0x0000027c   0x0000001e   Code   RO         1595    .text               mc_w.l(llshl.o)
    0x0000029a   0x0000029a   0x00000020   Code   RO         1597    .text               mc_w.l(llushr.o)
    0x000002ba   0x000002ba   0x0000003a   Code   RO         1611    .text               mc_w.l(__dczerorl.o)
    0x000002f4   0x000002f4   0x00000002   Code   RO          432    .text.BusFault_Handler  irq.o
    0x000002f6   0x000002f6   0x00000002   PAD
    0x000002f8   0x000002f8   0x00000008   Code   RO          440    .text.DMA_Handler   irq.o
    0x00000300   0x00000300   0x00000002   Code   RO          436    .text.DebugMon_Handler  irq.o
    0x00000302   0x00000302   0x00000002   PAD
    0x00000304   0x00000304   0x00000002   Code   RO          428    .text.HardFault_Handler  irq.o
    0x00000306   0x00000306   0x00000002   PAD
    0x00000308   0x00000308   0x00000002   Code   RO          430    .text.MemManage_Handler  irq.o
    0x0000030a   0x0000030a   0x00000002   PAD
    0x0000030c   0x0000030c   0x00000002   Code   RO          426    .text.NMI_Handler   irq.o
    0x0000030e   0x0000030e   0x00000002   PAD
    0x00000310   0x00000310   0x00000044   Code   RO         1239    .text.PendSV_Handler  port.o
    0x00000354   0x00000354   0x0000000c   PAD
    0x00000360   0x00000360   0x00000024   Code   RO         1225    .text.SVC_Handler   port.o
    0x00000384   0x00000384   0x0000002a   Code   RO          350    .text.SysTick_Config  utils.o
    0x000003ae   0x000003ae   0x00000002   PAD
    0x000003b0   0x000003b0   0x00000014   Code   RO          438    .text.SysTick_Handler  irq.o
    0x000003c4   0x000003c4   0x000002da   Code   RO          846    .text.USB_INT_Handler  usb_hc_musb.o
    0x0000069e   0x0000069e   0x00000002   PAD
    0x000006a0   0x000006a0   0x00000002   Code   RO          434    .text.UsageFault_Handler  irq.o
    0x000006a2   0x000006a2   0x00000002   PAD
    0x000006a4   0x000006a4   0x00000028   Code   RO          380    .text.__NVIC_DisableIRQ  utils.o
    0x000006cc   0x000006cc   0x0000000e   Code   RO          102    .text.__NVIC_EnableIRQ  ald_dma.o
    0x000006da   0x000006da   0x00000002   PAD
    0x000006dc   0x000006dc   0x00000020   Code   RO          378    .text.__NVIC_EnableIRQ  utils.o
    0x000006fc   0x000006fc   0x0000000e   Code   RO          100    .text.__NVIC_SetPriority  ald_dma.o
    0x0000070a   0x0000070a   0x00000002   PAD
    0x0000070c   0x0000070c   0x00000022   Code   RO          352    .text.__NVIC_SetPriority  utils.o
    0x0000072e   0x0000072e   0x00000002   PAD
    0x00000730   0x00000730   0x0000001c   Code   RO          346    .text.__NVIC_SetPriorityGrouping  utils.o
    0x0000074c   0x0000074c   0x0000002c   Code   RO          691    .text._usbh_hub_clear_feature  usbh_hub.o
    0x00000778   0x00000778   0x00000050   Code   RO          699    .text._usbh_hub_get_hub_descriptor  usbh_hub.o
    0x000007c8   0x000007c8   0x00000032   Code   RO          689    .text._usbh_hub_get_portstatus  usbh_hub.o
    0x000007fa   0x000007fa   0x00000002   PAD
    0x000007fc   0x000007fc   0x00000022   Code   RO          709    .text._usbh_hub_set_depth  usbh_hub.o
    0x0000081e   0x0000081e   0x00000002   PAD
    0x00000820   0x00000820   0x0000002c   Code   RO          693    .text._usbh_hub_set_feature  usbh_hub.o
    0x0000084c   0x0000084c   0x0000017a   Code   RO          394    .text.adc_config    utils.o
    0x000009c6   0x000009c6   0x00000002   PAD
    0x000009c8   0x000009c8   0x000002da   Code   RO           37    .text.ald_cmu_clock_config  ald_cmu.o
    0x00000ca2   0x00000ca2   0x00000002   PAD
    0x00000ca4   0x00000ca4   0x00000076   Code   RO           35    .text.ald_cmu_clock_config_default  ald_cmu.o
    0x00000d1a   0x00000d1a   0x00000002   PAD
    0x00000d1c   0x00000d1c   0x000000c0   Code   RO           39    .text.ald_cmu_div_config  ald_cmu.o
    0x00000ddc   0x00000ddc   0x00000028   Code   RO           51    .text.ald_cmu_get_pclk1_clock  ald_cmu.o
    0x00000e04   0x00000e04   0x0000001e   Code   RO           49    .text.ald_cmu_get_sys_clock  ald_cmu.o
    0x00000e22   0x00000e22   0x00000002   PAD
    0x00000e24   0x00000e24   0x00000028   Code   RO          344    .text.ald_cmu_init  utils.o
    0x00000e4c   0x00000e4c   0x000000aa   Code   RO           81    .text.ald_cmu_perh_clock_config  ald_cmu.o
    0x00000ef6   0x00000ef6   0x00000002   PAD
    0x00000ef8   0x00000ef8   0x000000d0   Code   RO           41    .text.ald_cmu_pll1_config  ald_cmu.o
    0x00000fc8   0x00000fc8   0x00000048   Code   RO           79    .text.ald_cmu_usb_clock_config  ald_cmu.o
    0x00001010   0x00001010   0x0000004a   Code   RO           98    .text.ald_dma_init  ald_dma.o
    0x0000105a   0x0000105a   0x00000002   PAD
    0x0000105c   0x0000105c   0x000000b0   Code   RO           94    .text.ald_dma_irq_handler  ald_dma.o
    0x0000110c   0x0000110c   0x0000003e   Code   RO           96    .text.ald_dma_reset  ald_dma.o
    0x0000114a   0x0000114a   0x00000002   PAD
    0x0000114c   0x0000114c   0x0000000c   Code   RO          360    .text.ald_get_tick  utils.o
    0x00001158   0x00001158   0x000000e4   Code   RO          150    .text.ald_gpio_init  ald_gpio.o
    0x0000123c   0x0000123c   0x0000001c   Code   RO          186    .text.ald_iap_erase_page  ald_iap.o
    0x00001258   0x00001258   0x0000002a   Code   RO          192    .text.ald_iap_program_words  ald_iap.o
    0x00001282   0x00001282   0x00000002   PAD
    0x00001284   0x00001284   0x00000016   Code   RO          358    .text.ald_inc_tick  utils.o
    0x0000129a   0x0000129a   0x00000002   PAD
    0x0000129c   0x0000129c   0x00000042   Code   RO          376    .text.ald_mcu_irq_config  utils.o
    0x000012de   0x000012de   0x00000002   PAD
    0x000012e0   0x000012e0   0x00000032   Code   RO          226    .text.ald_pmu_perh_power_config  ald_pmu.o
    0x00001312   0x00001312   0x00000002   PAD
    0x00001314   0x00001314   0x00000054   Code   RO          244    .text.ald_rmu_reset_periperal  ald_rmu.o
    0x00001368   0x00001368   0x00000002   Code   RO          356    .text.ald_systick_irq_cbk  utils.o
    0x0000136a   0x0000136a   0x00000002   PAD
    0x0000136c   0x0000136c   0x00000026   Code   RO          348    .text.ald_tick_init  utils.o
    0x00001392   0x00001392   0x00000002   PAD
    0x00001394   0x00001394   0x0000000c   Code   RO          330    .text.ald_uart_get_status  ald_uart.o
    0x000013a0   0x000013a0   0x000000da   Code   RO          256    .text.ald_uart_init  ald_uart.o
    0x0000147a   0x0000147a   0x00000002   PAD
    0x0000147c   0x0000147c   0x00000024   Code   RO          254    .text.ald_uart_reset  ald_uart.o
    0x000014a0   0x000014a0   0x000000be   Code   RO          262    .text.ald_uart_send  ald_uart.o
    0x0000155e   0x0000155e   0x00000002   PAD
    0x00001560   0x00001560   0x00000022   Code   RO           31    .text.cmu_clock_update  ald_cmu.o
    0x00001582   0x00001582   0x00000002   PAD
    0x00001584   0x00001584   0x00000020   Code   RO          406    .text.fputc         main.o
    0x000015a4   0x000015a4   0x0000018a   Code   RO          838    .text.handle_ep0    usb_hc_musb.o
    0x0000172e   0x0000172e   0x00000002   PAD
    0x00001730   0x00001730   0x00000012   Code   RO          707    .text.hub_int_complete_callback  usbh_hub.o
    0x00001742   0x00001742   0x00000002   PAD
    0x00001744   0x00001744   0x00000054   Code   RO          414    .text.main          main.o
    0x00001798   0x00001798   0x000000b0   Code   RO          814    .text.musb_bulk_pipe_init  usb_hc_musb.o
    0x00001848   0x00001848   0x00000048   Code   RO          806    .text.musb_control_pipe_init  usb_hc_musb.o
    0x00001890   0x00001890   0x0000001c   Code   RO          842    .text.musb_fifo_flush  usb_hc_musb.o
    0x000018ac   0x000018ac   0x0000000c   Code   RO          808    .text.musb_get_active_ep  usb_hc_musb.o
    0x000018b8   0x000018b8   0x000000b4   Code   RO          816    .text.musb_intr_pipe_init  usb_hc_musb.o
    0x0000196c   0x0000196c   0x0000002a   Code   RO          840    .text.musb_pipe_waitup  usb_hc_musb.o
    0x00001996   0x00001996   0x00000002   PAD
    0x00001998   0x00001998   0x0000005a   Code   RO          844    .text.musb_read_packet  usb_hc_musb.o
    0x000019f2   0x000019f2   0x00000002   PAD
    0x000019f4   0x000019f4   0x0000000c   Code   RO          810    .text.musb_set_active_ep  usb_hc_musb.o
    0x00001a00   0x00001a00   0x0000005a   Code   RO          812    .text.musb_write_packet  usb_hc_musb.o
    0x00001a5a   0x00001a5a   0x00000002   PAD
    0x00001a5c   0x00001a5c   0x000001ec   Code   RO          516    .text.parse_config_descriptor  usbh_core.o
    0x00001c48   0x00001c48   0x000000c4   Code   RO          512    .text.parse_device_descriptor  usbh_core.o
    0x00001d0c   0x00001d0c   0x00000138   Code   RO          701    .text.parse_hub_descriptor  usbh_hub.o
    0x00001e44   0x00001e44   0x000000be   Code   RO         1002    .text.prvAddCurrentTaskToDelayedList  tasks.o
    0x00001f02   0x00001f02   0x00000002   PAD
    0x00001f04   0x00001f04   0x000000cc   Code   RO          990    .text.prvAddNewTaskToReadyList  tasks.o
    0x00001fd0   0x00001fd0   0x0000006c   Code   RO         1126    .text.prvCheckForValidListAndQueue  timers.o
    0x0000203c   0x0000203c   0x0000004e   Code   RO         1092    .text.prvCheckTasksWaitingTermination  tasks.o
    0x0000208a   0x0000208a   0x00000002   PAD
    0x0000208c   0x0000208c   0x00000026   Code   RO          933    .text.prvCopyDataFromQueue  queue.o
    0x000020b2   0x000020b2   0x00000002   PAD
    0x000020b4   0x000020b4   0x0000007a   Code   RO          919    .text.prvCopyDataToQueue  queue.o
    0x0000212e   0x0000212e   0x00000002   PAD
    0x00002130   0x00002130   0x00000012   Code   RO          996    .text.prvDeleteTCB  tasks.o
    0x00002142   0x00002142   0x00000002   PAD
    0x00002144   0x00002144   0x00000012   Code   RO          939    .text.prvGetDisinheritPriorityAfterTimeout  queue.o
    0x00002156   0x00002156   0x00000002   PAD
    0x00002158   0x00002158   0x00000020   Code   RO         1158    .text.prvGetNextExpireTime  timers.o
    0x00002178   0x00002178   0x00000076   Code   RO         1191    .text.prvHeapInit   heap_4.o
    0x000021ee   0x000021ee   0x00000002   PAD
    0x000021f0   0x000021f0   0x0000002a   Code   RO         1028    .text.prvIdleTask   tasks.o
    0x0000221a   0x0000221a   0x00000002   PAD
    0x0000221c   0x0000221c   0x0000001e   Code   RO          909    .text.prvInitialiseNewQueue  queue.o
    0x0000223a   0x0000223a   0x00000002   PAD
    0x0000223c   0x0000223c   0x00000088   Code   RO          988    .text.prvInitialiseNewTask  tasks.o
    0x000022c4   0x000022c4   0x00000070   Code   RO         1090    .text.prvInitialiseTaskLists  tasks.o
    0x00002334   0x00002334   0x00000062   Code   RO         1193    .text.prvInsertBlockIntoFreeList  heap_4.o
    0x00002396   0x00002396   0x00000002   PAD
    0x00002398   0x00002398   0x00000040   Code   RO         1172    .text.prvInsertTimerInActiveList  timers.o
    0x000023d8   0x000023d8   0x00000018   Code   RO          935    .text.prvIsQueueEmpty  queue.o
    0x000023f0   0x000023f0   0x00000048   Code   RO          921    .text.prvNotifyQueueSetContainer  queue.o
    0x00002438   0x00002438   0x00000020   Code   RO         1231    .text.prvPortStartFirstTask  port.o
    0x00002458   0x00002458   0x0000003e   Code   RO         1166    .text.prvProcessExpiredTimer  timers.o
    0x00002496   0x00002496   0x00000002   PAD
    0x00002498   0x00002498   0x000000fa   Code   RO         1162    .text.prvProcessReceivedCommands  timers.o
    0x00002592   0x00002592   0x00000002   PAD
    0x00002594   0x00002594   0x00000080   Code   RO         1160    .text.prvProcessTimerOrBlockTask  timers.o
    0x00002614   0x00002614   0x0000003a   Code   RO         1170    .text.prvReloadTimer  timers.o
    0x0000264e   0x0000264e   0x00000002   PAD
    0x00002650   0x00002650   0x00000026   Code   RO          994    .text.prvResetNextTaskUnblockTime  tasks.o
    0x00002676   0x00002676   0x00000002   PAD
    0x00002678   0x00002678   0x0000002a   Code   RO         1164    .text.prvSampleTimeNow  timers.o
    0x000026a2   0x000026a2   0x00000002   PAD
    0x000026a4   0x000026a4   0x00000034   Code   RO         1168    .text.prvSwitchTimerLists  timers.o
    0x000026d8   0x000026d8   0x00000022   Code   RO         1223    .text.prvTaskExitError  port.o
    0x000026fa   0x000026fa   0x00000002   PAD
    0x000026fc   0x000026fc   0x00000016   Code   RO         1128    .text.prvTimerTask  timers.o
    0x00002712   0x00002712   0x00000002   PAD
    0x00002714   0x00002714   0x00000086   Code   RO          925    .text.prvUnlockQueue  queue.o
    0x0000279a   0x0000279a   0x00000002   PAD
    0x0000279c   0x0000279c   0x00000104   Code   RO         1189    .text.pvPortMalloc  heap_4.o
    0x000028a0   0x000028a0   0x00000018   Code   RO         1074    .text.pvTaskIncrementMutexHeldCount  tasks.o
    0x000028b8   0x000028b8   0x00000020   Code   RO         1221    .text.pxPortInitialiseStack  port.o
    0x000028d8   0x000028d8   0x0000012c   Code   RO          392    .text.sys_config    utils.o
    0x00002a04   0x00002a04   0x00000068   Code   RO          410    .text.uart_pin_init  main.o
    0x00002a6c   0x00002a6c   0x0000003c   Code   RO          264    .text.uart_wait_flag  ald_uart.o
    0x00002aa8   0x00002aa8   0x000000b2   Code   RO          820    .text.usb_hc_init   usb_hc_musb.o
    0x00002b5a   0x00002b5a   0x00000002   PAD
    0x00002b5c   0x00002b5c   0x0000004c   Code   RO          412    .text.usb_hc_low_level_init  main.o
    0x00002ba8   0x00002ba8   0x00000014   Code   RO          792    .text.usb_osal_enter_critical_section  usb_osal_freertos.o
    0x00002bbc   0x00002bbc   0x00000008   Code   RO          794    .text.usb_osal_leave_critical_section  usb_osal_freertos.o
    0x00002bc4   0x00002bc4   0x0000000c   Code   RO          786    .text.usb_osal_mq_create  usb_osal_freertos.o
    0x00002bd0   0x00002bd0   0x00000010   Code   RO          790    .text.usb_osal_mq_recv  usb_osal_freertos.o
    0x00002be0   0x00002be0   0x0000003e   Code   RO          788    .text.usb_osal_mq_send  usb_osal_freertos.o
    0x00002c1e   0x00002c1e   0x00000002   PAD
    0x00002c20   0x00002c20   0x0000001c   Code   RO          796    .text.usb_osal_msleep  usb_osal_freertos.o
    0x00002c3c   0x00002c3c   0x0000000c   Code   RO          770    .text.usb_osal_sem_create  usb_osal_freertos.o
    0x00002c48   0x00002c48   0x00000038   Code   RO          776    .text.usb_osal_sem_give  usb_osal_freertos.o
    0x00002c80   0x00002c80   0x00000024   Code   RO          774    .text.usb_osal_sem_take  usb_osal_freertos.o
    0x00002ca4   0x00002ca4   0x00000026   Code   RO          768    .text.usb_osal_thread_create  usb_osal_freertos.o
    0x00002cca   0x00002cca   0x00000002   PAD
    0x00002ccc   0x00002ccc   0x0000002a   Code   RO          408    .text.usb_pin_init  main.o
    0x00002cf6   0x00002cf6   0x00000002   PAD
    0x00002cf8   0x00002cf8   0x00000018   Code   RO          677    .text.usb_slist_add_tail  usbh_hub.o
    0x00002d10   0x00002d10   0x0000001e   Code   RO          713    .text.usb_slist_remove  usbh_hub.o
    0x00002d2e   0x00002d2e   0x00000002   PAD
    0x00002d30   0x00002d30   0x00000050   Code   RO          514    .text.usbh_allocate_devaddr  usbh_core.o
    0x00002d80   0x00002d80   0x00000160   Code   RO          581    .text.usbh_bulk_cbw_csw_xfer  usbh_msc.o
    0x00002ee0   0x00002ee0   0x00000026   Code   RO          481    .text.usbh_bulk_urb_fill  usb_host.o
    0x00002f06   0x00002f06   0x00000002   PAD
    0x00002f08   0x00002f08   0x00000018   Code   RO          599    .text.usbh_bulk_urb_fill  usbh_msc.o
    0x00002f20   0x00002f20   0x00000044   Code   RO          449    .text.usbh_cdc_acm_callback  usb_host.o
    0x00002f64   0x00002f64   0x000001c0   Code   RO          555    .text.usbh_cdc_acm_connect  usbh_cdc_acm.o
    0x00003124   0x00003124   0x00000030   Code   RO          563    .text.usbh_cdc_acm_devno_alloc  usbh_cdc_acm.o
    0x00003154   0x00003154   0x00000020   Code   RO          565    .text.usbh_cdc_acm_devno_free  usbh_cdc_acm.o
    0x00003174   0x00003174   0x00000088   Code   RO          557    .text.usbh_cdc_acm_disconnect  usbh_cdc_acm.o
    0x000031fc   0x000031fc   0x00000002   Code   RO          453    .text.usbh_cdc_acm_run  usb_host.o
    0x000031fe   0x000031fe   0x00000002   PAD
    0x00003200   0x00003200   0x0000003a   Code   RO          545    .text.usbh_cdc_acm_set_line_coding  usbh_cdc_acm.o
    0x0000323a   0x0000323a   0x00000002   PAD
    0x0000323c   0x0000323c   0x00000038   Code   RO          549    .text.usbh_cdc_acm_set_line_state  usbh_cdc_acm.o
    0x00003274   0x00003274   0x00000002   Code   RO          455    .text.usbh_cdc_acm_stop  usb_host.o
    0x00003276   0x00003276   0x00000002   PAD
    0x00003278   0x00003278   0x0000018c   Code   RO          475    .text.usbh_cdc_acm_thread  usb_host.o
    0x00003404   0x00003404   0x00000004   Code   RO          559    .text.usbh_cdc_data_connect  usbh_cdc_acm.o
    0x00003408   0x00003408   0x00000004   Code   RO          561    .text.usbh_cdc_data_disconnect  usbh_cdc_acm.o
    0x0000340c   0x0000340c   0x00000070   Code   RO          473    .text.usbh_class_test  usb_host.o
    0x0000347c   0x0000347c   0x00000046   Code   RO          510    .text.usbh_control_transfer  usbh_core.o
    0x000034c2   0x000034c2   0x00000002   PAD
    0x000034c4   0x000034c4   0x00000016   Code   RO          526    .text.usbh_control_urb_fill  usbh_core.o
    0x000034da   0x000034da   0x00000002   PAD
    0x000034dc   0x000034dc   0x0000047c   Code   RO          508    .text.usbh_enumerate  usbh_core.o
    0x00003958   0x00003958   0x0000000a   Code   RO          828    .text.usbh_ep_pipe_reconfigure  usb_hc_musb.o
    0x00003962   0x00003962   0x00000002   PAD
    0x00003964   0x00003964   0x000000c8   Code   RO          518    .text.usbh_find_class_driver  usbh_core.o
    0x00003a2c   0x00003a2c   0x000000b2   Code   RO          522    .text.usbh_find_class_instance  usbh_core.o
    0x00003ade   0x00003ade   0x00000002   PAD
    0x00003ae0   0x00003ae0   0x0000003a   Code   RO          504    .text.usbh_free_devaddr  usbh_core.o
    0x00003b1a   0x00003b1a   0x00000002   PAD
    0x00003b1c   0x00003b1c   0x00000028   Code   RO          500    .text.usbh_get_default_mps  usbh_core.o
    0x00003b44   0x00003b44   0x00000024   Code   RO          826    .text.usbh_get_port_speed  usb_hc_musb.o
    0x00003b68   0x00003b68   0x00000050   Code   RO          451    .text.usbh_hid_callback  usb_host.o
    0x00003bb8   0x00003bb8   0x00000178   Code   RO          634    .text.usbh_hid_connect  usbh_hid.o
    0x00003d30   0x00003d30   0x00000032   Code   RO          636    .text.usbh_hid_devno_alloc  usbh_hid.o
    0x00003d62   0x00003d62   0x00000002   PAD
    0x00003d64   0x00003d64   0x00000022   Code   RO          644    .text.usbh_hid_devno_free  usbh_hid.o
    0x00003d86   0x00003d86   0x00000002   PAD
    0x00003d88   0x00003d88   0x00000084   Code   RO          642    .text.usbh_hid_disconnect  usbh_hid.o
    0x00003e0c   0x00003e0c   0x0000004c   Code   RO          638    .text.usbh_hid_get_report_descriptor  usbh_hid.o
    0x00003e58   0x00003e58   0x00000002   Code   RO          457    .text.usbh_hid_run  usb_host.o
    0x00003e5a   0x00003e5a   0x00000002   PAD
    0x00003e5c   0x00003e5c   0x00000036   Code   RO          628    .text.usbh_hid_set_idle  usbh_hid.o
    0x00003e92   0x00003e92   0x00000002   PAD
    0x00003e94   0x00003e94   0x00000002   Code   RO          459    .text.usbh_hid_stop  usb_host.o
    0x00003e96   0x00003e96   0x00000002   PAD
    0x00003e98   0x00003e98   0x00000074   Code   RO          477    .text.usbh_hid_thread  usb_host.o
    0x00003f0c   0x00003f0c   0x0000002c   Code   RO          498    .text.usbh_hport_activate_ep0  usbh_core.o
    0x00003f38   0x00003f38   0x000000b0   Code   RO          506    .text.usbh_hport_activate_epx  usbh_core.o
    0x00003fe8   0x00003fe8   0x00000022   Code   RO          502    .text.usbh_hport_deactivate_ep0  usbh_core.o
    0x0000400a   0x0000400a   0x00000002   PAD
    0x0000400c   0x0000400c   0x00000032   Code   RO          683    .text.usbh_hub_clear_feature  usbh_hub.o
    0x0000403e   0x0000403e   0x00000002   PAD
    0x00004040   0x00004040   0x00000298   Code   RO          671    .text.usbh_hub_connect  usbh_hub.o
    0x000042d8   0x000042d8   0x00000040   Code   RO          695    .text.usbh_hub_devno_alloc  usbh_hub.o
    0x00004318   0x00004318   0x00000020   Code   RO          697    .text.usbh_hub_devno_free  usbh_hub.o
    0x00004338   0x00004338   0x000000fc   Code   RO          673    .text.usbh_hub_disconnect  usbh_hub.o
    0x00004434   0x00004434   0x0000043c   Code   RO          679    .text.usbh_hub_events  usbh_hub.o
    0x00004870   0x00004870   0x0000002a   Code   RO          681    .text.usbh_hub_get_portstatus  usbh_hub.o
    0x0000489a   0x0000489a   0x00000002   PAD
    0x0000489c   0x0000489c   0x0000005c   Code   RO          665    .text.usbh_hub_initialize  usbh_hub.o
    0x000048f8   0x000048f8   0x00000008   Code   RO          675    .text.usbh_hub_register  usbh_hub.o
    0x00004900   0x00004900   0x0000002c   Code   RO          703    .text.usbh_hub_set_depth  usbh_hub.o
    0x0000492c   0x0000492c   0x00000032   Code   RO          685    .text.usbh_hub_set_feature  usbh_hub.o
    0x0000495e   0x0000495e   0x00000002   PAD
    0x00004960   0x00004960   0x00000028   Code   RO          669    .text.usbh_hub_thread  usbh_hub.o
    0x00004988   0x00004988   0x00000018   Code   RO          663    .text.usbh_hub_thread_wakeup  usbh_hub.o
    0x000049a0   0x000049a0   0x00000008   Code   RO          711    .text.usbh_hub_unregister  usbh_hub.o
    0x000049a8   0x000049a8   0x0000004a   Code   RO          687    .text.usbh_hubport_release  usbh_hub.o
    0x000049f2   0x000049f2   0x00000002   PAD
    0x000049f4   0x000049f4   0x00000044   Code   RO          524    .text.usbh_initialize  usbh_core.o
    0x00004a38   0x00004a38   0x0000002c   Code   RO          483    .text.usbh_int_urb_fill  usb_host.o
    0x00004a64   0x00004a64   0x00000024   Code   RO          705    .text.usbh_int_urb_fill  usbh_hub.o
    0x00004a88   0x00004a88   0x00000032   Code   RO          585    .text.usbh_msc_bulk_in_transfer  usbh_msc.o
    0x00004aba   0x00004aba   0x00000002   PAD
    0x00004abc   0x00004abc   0x00000032   Code   RO          583    .text.usbh_msc_bulk_out_transfer  usbh_msc.o
    0x00004aee   0x00004aee   0x00000002   PAD
    0x00004af0   0x00004af0   0x000002a0   Code   RO          595    .text.usbh_msc_connect  usbh_msc.o
    0x00004d90   0x00004d90   0x00000034   Code   RO          601    .text.usbh_msc_devno_alloc  usbh_msc.o
    0x00004dc4   0x00004dc4   0x00000022   Code   RO          613    .text.usbh_msc_devno_free  usbh_msc.o
    0x00004de6   0x00004de6   0x00000002   PAD
    0x00004de8   0x00004de8   0x00000080   Code   RO          597    .text.usbh_msc_disconnect  usbh_msc.o
    0x00004e68   0x00004e68   0x00000028   Code   RO          603    .text.usbh_msc_get_maxlun  usbh_msc.o
    0x00004e90   0x00004e90   0x00000002   Code   RO          461    .text.usbh_msc_run  usb_host.o
    0x00004e92   0x00004e92   0x00000002   PAD
    0x00004e94   0x00004e94   0x00000040   Code   RO          609    .text.usbh_msc_scsi_inquiry  usbh_msc.o
    0x00004ed4   0x00004ed4   0x00000062   Code   RO          589    .text.usbh_msc_scsi_read10  usbh_msc.o
    0x00004f36   0x00004f36   0x00000002   PAD
    0x00004f38   0x00004f38   0x0000003c   Code   RO          611    .text.usbh_msc_scsi_readcapacity10  usbh_msc.o
    0x00004f74   0x00004f74   0x00000040   Code   RO          607    .text.usbh_msc_scsi_requestsense  usbh_msc.o
    0x00004fb4   0x00004fb4   0x00000034   Code   RO          605    .text.usbh_msc_scsi_testunitready  usbh_msc.o
    0x00004fe8   0x00004fe8   0x00000002   Code   RO          463    .text.usbh_msc_stop  usb_host.o
    0x00004fea   0x00004fea   0x00000002   PAD
    0x00004fec   0x00004fec   0x000000cc   Code   RO          479    .text.usbh_msc_thread  usb_host.o
    0x000050b8   0x000050b8   0x000000e4   Code   RO          830    .text.usbh_pipe_alloc  usb_hc_musb.o
    0x0000519c   0x0000519c   0x00000004   Code   RO          832    .text.usbh_pipe_free  usb_hc_musb.o
    0x000051a0   0x000051a0   0x00000038   Code   RO          824    .text.usbh_reset_port  usb_hc_musb.o
    0x000051d8   0x000051d8   0x0000040c   Code   RO          747    .text.usbh_rndis_connect  usbh_rndis.o
    0x000055e4   0x000055e4   0x00000078   Code   RO          749    .text.usbh_rndis_disconnect  usbh_rndis.o
    0x0000565c   0x0000565c   0x00000110   Code   RO          751    .text.usbh_rndis_init_msg_transfer  usbh_rndis.o
    0x0000576c   0x0000576c   0x000000f6   Code   RO          733    .text.usbh_rndis_query_msg_transfer  usbh_rndis.o
    0x00005862   0x00005862   0x00000002   PAD
    0x00005864   0x00005864   0x00000002   Code   RO          743    .text.usbh_rndis_run  usbh_rndis.o
    0x00005866   0x00005866   0x00000002   PAD
    0x00005868   0x00005868   0x000000da   Code   RO          753    .text.usbh_rndis_set_msg_transfer  usbh_rndis.o
    0x00005942   0x00005942   0x00000002   PAD
    0x00005944   0x00005944   0x00000002   Code   RO          745    .text.usbh_rndis_stop  usbh_rndis.o
    0x00005946   0x00005946   0x00000002   PAD
    0x00005948   0x00005948   0x000000e4   Code   RO          822    .text.usbh_roothub_control  usb_hc_musb.o
    0x00005a2c   0x00005a2c   0x0000002e   Code   RO          667    .text.usbh_roothub_register  usbh_hub.o
    0x00005a5a   0x00005a5a   0x00000002   PAD
    0x00005a5c   0x00005a5c   0x00000034   Code   RO          661    .text.usbh_roothub_thread_wakeup  usbh_hub.o
    0x00005a90   0x00005a90   0x000000a0   Code   RO          834    .text.usbh_submit_urb  usb_hc_musb.o
    0x00005b30   0x00005b30   0x00000028   Code   RO          895    .text.uxListRemove  list.o
    0x00005b58   0x00005b58   0x00000016   Code   RO          887    .text.vListInitialise  list.o
    0x00005b6e   0x00005b6e   0x00000002   PAD
    0x00005b70   0x00005b70   0x00000006   Code   RO          889    .text.vListInitialiseItem  list.o
    0x00005b76   0x00005b76   0x00000002   PAD
    0x00005b78   0x00005b78   0x0000003a   Code   RO          893    .text.vListInsert   list.o
    0x00005bb2   0x00005bb2   0x00000002   PAD
    0x00005bb4   0x00005bb4   0x00000020   Code   RO         1235    .text.vPortEnterCritical  port.o
    0x00005bd4   0x00005bd4   0x0000001a   Code   RO         1237    .text.vPortExitCritical  port.o
    0x00005bee   0x00005bee   0x00000002   PAD
    0x00005bf0   0x00005bf0   0x00000064   Code   RO         1195    .text.vPortFree     heap_4.o
    0x00005c54   0x00005c54   0x0000001e   Code   RO         1229    .text.vPortSetupTimerInterrupt  port.o
    0x00005c72   0x00005c72   0x00000002   PAD
    0x00005c74   0x00005c74   0x00000016   Code   RO         1243    .text.vPortValidateInterruptPriority  port.o
    0x00005c8a   0x00005c8a   0x00000002   PAD
    0x00005c8c   0x00005c8c   0x0000004a   Code   RO          961    .text.vQueueAddToRegistry  queue.o
    0x00005cd6   0x00005cd6   0x00000002   PAD
    0x00005cd8   0x00005cd8   0x00000044   Code   RO          965    .text.vQueueWaitForMessageRestricted  queue.o
    0x00005d1c   0x00005d1c   0x00000034   Code   RO         1006    .text.vTaskDelay    tasks.o
    0x00005d50   0x00005d50   0x0000001a   Code   RO         1056    .text.vTaskInternalSetTimeOutState  tasks.o
    0x00005d6a   0x00005d6a   0x00000002   PAD
    0x00005d6c   0x00005d6c   0x0000000e   Code   RO         1060    .text.vTaskMissedYield  tasks.o
    0x00005d7a   0x00005d7a   0x00000002   PAD
    0x00005d7c   0x00005d7c   0x0000001e   Code   RO         1044    .text.vTaskPlaceOnEventList  tasks.o
    0x00005d9a   0x00005d9a   0x00000002   PAD
    0x00005d9c   0x00005d9c   0x0000005a   Code   RO         1048    .text.vTaskPlaceOnEventListRestricted  tasks.o
    0x00005df6   0x00005df6   0x00000002   PAD
    0x00005df8   0x00005df8   0x00000096   Code   RO         1070    .text.vTaskPriorityDisinheritAfterTimeout  tasks.o
    0x00005e8e   0x00005e8e   0x00000002   PAD
    0x00005e90   0x00005e90   0x00000084   Code   RO         1026    .text.vTaskStartScheduler  tasks.o
    0x00005f14   0x00005f14   0x00000010   Code   RO         1000    .text.vTaskSuspendAll  tasks.o
    0x00005f24   0x00005f24   0x0000006c   Code   RO         1018    .text.vTaskSwitchContext  tasks.o
    0x00005f90   0x00005f90   0x00000078   Code   RO         1227    .text.xPortStartScheduler  port.o
    0x00006008   0x00006008   0x0000002e   Code   RO         1241    .text.xPortSysTickHandler  port.o
    0x00006036   0x00006036   0x00000002   PAD
    0x00006038   0x00006038   0x00000024   Code   RO          915    .text.xQueueCreateCountingSemaphore  queue.o
    0x0000605c   0x0000605c   0x0000003a   Code   RO          907    .text.xQueueGenericCreate  queue.o
    0x00006096   0x00006096   0x00000002   PAD
    0x00006098   0x00006098   0x00000080   Code   RO          905    .text.xQueueGenericReset  queue.o
    0x00006118   0x00006118   0x000000d0   Code   RO          927    .text.xQueueGenericSendFromISR  queue.o
    0x000061e8   0x000061e8   0x00000098   Code   RO          929    .text.xQueueGiveFromISR  queue.o
    0x00006280   0x00006280   0x00000128   Code   RO          931    .text.xQueueReceive  queue.o
    0x000063a8   0x000063a8   0x00000162   Code   RO          937    .text.xQueueSemaphoreTake  queue.o
    0x0000650a   0x0000650a   0x00000002   PAD
    0x0000650c   0x0000650c   0x00000060   Code   RO         1058    .text.xTaskCheckForTimeOut  tasks.o
    0x0000656c   0x0000656c   0x00000060   Code   RO          986    .text.xTaskCreate   tasks.o
    0x000065cc   0x000065cc   0x00000026   Code   RO         1064    .text.xTaskGetSchedulerState  tasks.o
    0x000065f2   0x000065f2   0x00000002   PAD
    0x000065f4   0x000065f4   0x0000000c   Code   RO         1034    .text.xTaskGetTickCount  tasks.o
    0x00006600   0x00006600   0x00000196   Code   RO         1032    .text.xTaskIncrementTick  tasks.o
    0x00006796   0x00006796   0x00000002   PAD
    0x00006798   0x00006798   0x0000008e   Code   RO         1068    .text.xTaskPriorityDisinherit  tasks.o
    0x00006826   0x00006826   0x00000002   PAD
    0x00006828   0x00006828   0x000000be   Code   RO         1066    .text.xTaskPriorityInherit  tasks.o
    0x000068e6   0x000068e6   0x00000002   PAD
    0x000068e8   0x000068e8   0x000000e2   Code   RO         1050    .text.xTaskRemoveFromEventList  tasks.o
    0x000069ca   0x000069ca   0x00000002   PAD
    0x000069cc   0x000069cc   0x00000158   Code   RO         1004    .text.xTaskResumeAll  tasks.o
    0x00006b24   0x00006b24   0x0000004c   Code   RO         1124    .text.xTimerCreateTimerTask  timers.o
    0x00006b70   0x00006b70   0x00000128   Code   RO            4    INT                 startup_es32f36xx.o
    0x00006c98   0x00006c98   0x00000020   Code   RO         1479    i.__0printf$8       mc_w.l(printf8.o)
    0x00006cb8   0x00006cb8   0x00000034   Code   RO         1480    i.__0snprintf$8     mc_w.l(printf8.o)
    0x00006cec   0x00006cec   0x0000000e   Code   RO         1605    i.__scatterload_copy  mc_w.l(handlers.o)
    0x00006cfa   0x00006cfa   0x00000002   Code   RO         1606    i.__scatterload_null  mc_w.l(handlers.o)
    0x00006cfc   0x00006cfc   0x0000000e   Code   RO         1607    i.__scatterload_zeroinit  mc_w.l(handlers.o)
    0x00006d0a   0x00006d0a   0x00000002   PAD
    0x00006d0c   0x00006d0c   0x00000410   Code   RO         1486    i._printf_core      mc_w.l(printf8.o)
    0x0000711c   0x0000711c   0x00000024   Code   RO         1487    i._printf_post_padding  mc_w.l(printf8.o)
    0x00007140   0x00007140   0x0000002e   Code   RO         1488    i._printf_pre_padding  mc_w.l(printf8.o)
    0x0000716e   0x0000716e   0x00000016   Code   RO         1489    i._snputc           mc_w.l(printf8.o)
    0x00007184   0x00007184   0x00000050   Code   RO         1533    i.free              mc_w.l(malloc.o)
    0x000071d4   0x000071d4   0x0000006c   Code   RO         1534    i.malloc            mc_w.l(malloc.o)
    0x00007240   0x00007240   0x00000024   Code   RO         1256    i.puts              mc_w.l(puts.o)
    0x00007264   0x00007264   0x0000000c   Data   RO          569    .rodata.cdc_acm_class_driver  usbh_cdc_acm.o
    0x00007270   0x00007270   0x0000000c   Data   RO          570    .rodata.cdc_data_class_driver  usbh_cdc_acm.o
    0x0000727c   0x0000727c   0x0000000c   Data   RO          650    .rodata.hid_class_driver  usbh_hid.o
    0x00007288   0x00007288   0x0000000c   Data   RO          721    .rodata.hub_class_driver  usbh_hub.o
    0x00007294   0x00007294   0x0000000c   Data   RO          617    .rodata.msc_class_driver  usbh_msc.o
    0x000072a0   0x000072a0   0x0000000c   Data   RO          757    .rodata.rndis_class_driver  usbh_rndis.o
    0x000072ac   0x000072ac   0x0000004d   Data   RO          485    .rodata.str1.1      usb_host.o
    0x000072f9   0x000072f9   0x00000222   Data   RO          535    .rodata.str1.1      usbh_core.o
    0x0000751b   0x0000751b   0x00000011   Data   RO          568    .rodata.str1.1      usbh_cdc_acm.o
    0x0000752c   0x0000752c   0x00000056   Data   RO          615    .rodata.str1.1      usbh_msc.o
    0x00007582   0x00007582   0x00000004   Data   RO          649    .rodata.str1.1      usbh_hid.o
    0x00007586   0x00007586   0x0000023e   Data   RO          720    .rodata.str1.1      usbh_hub.o
    0x000077c4   0x000077c4   0x00000112   Data   RO          756    .rodata.str1.1      usbh_rndis.o
    0x000078d6   0x000078d6   0x00000002   PAD
    0x000078d8   0x000078d8   0x00000004   Data   RO         1095    .rodata.uxTopUsedPriority  tasks.o
    0x000078dc   0x000078dc   0x00000020   Data   RO         1604    Region$$Table       anon$$obj.o
    0x000078fc   0x000078fc   0x00000018   Data   RO          571    usbh_class_info     usbh_cdc_acm.o
    0x00007914   0x00007914   0x0000000c   Data   RO          618    usbh_class_info     usbh_msc.o
    0x00007920   0x00007920   0x0000000c   Data   RO          651    usbh_class_info     usbh_hid.o
    0x0000792c   0x0000792c   0x0000000c   Data   RO          722    usbh_class_info     usbh_hub.o
    0x00007938   0x00007938   0x0000000c   Data   RO          758    usbh_class_info     usbh_rndis.o


    Execution Region RW_IRAM1 (Exec base: 0x20000000, Load base: 0x00007a00, Size: 0x0000e828, Max: 0x00018000, ABSOLUTE, COMPRESSED[0x00000200])

    Exec Addr    Load Addr    Size         Type   Attr      Idx    E Section Name        Object

    0x20000000   COMPRESSED   0x00000004   Data   RW         1575    .data               mc_w.l(stdout.o)
    0x20000004   COMPRESSED   0x00000004   Data   RW         1580    .data               mc_w.l(mvars.o)
    0x20000008   COMPRESSED   0x00000004   Data   RW         1581    .data               mc_w.l(mvars.o)
    0x2000000c   COMPRESSED   0x00000004   Data   RW           85    .data.__system_clock  ald_cmu.o
    0x20000010   COMPRESSED   0x00000004   Data   RW         1245    .data.uxCriticalNesting  port.o
    0x20000014   COMPRESSED   0x00000480   Data   RW          486    .noncacheable       usb_host.o
    0x20000494   COMPRESSED   0x00000240   Data   RW          536    .noncacheable       usbh_core.o
    0x200006d4   COMPRESSED   0x00000007   Data   RW          567    .noncacheable       usbh_cdc_acm.o
    0x200006db   COMPRESSED   0x00000001   PAD
    0x200006dc   COMPRESSED   0x00000020   Data   RW          616    .noncacheable       usbh_msc.o
    0x200006fc   COMPRESSED   0x00000080   Data   RW          648    .noncacheable       usbh_hid.o
    0x2000077c   COMPRESSED   0x00000028   Data   RW          716    .noncacheable       usbh_hub.o
    0x200007a4   COMPRESSED   0x00001000   Data   RW          755    .noncacheable       usbh_rndis.o
    0x200017a4   COMPRESSED   0x0000005c   PAD
    0x20001800        -       0x00000030   Zero   RW          488    .bss.cdc_bulkin_urb  usb_host.o
    0x20001830        -       0x00000030   Zero   RW          489    .bss.cdc_bulkout_urb  usb_host.o
    0x20001860        -       0x000000c0   Zero   RW          140    .bss.dma0_cbk       ald_dma.o
    0x20001920   COMPRESSED   0x000000e0   PAD
    0x20001a00        -       0x000001c0   Zero   RW          141    .bss.dma0_ctrl_base  ald_dma.o
    0x20001bc0        -       0x00000750   Zero   RW          723    .bss.exthub         usbh_hub.o
    0x20002310        -       0x00000004   Zero   RW          572    .bss.g_devinuse     usbh_cdc_acm.o
    0x20002314        -       0x00000004   Zero   RW          619    .bss.g_devinuse     usbh_msc.o
    0x20002318        -       0x00000004   Zero   RW          652    .bss.g_devinuse     usbh_hid.o
    0x2000231c        -       0x00000004   Zero   RW          724    .bss.g_devinuse     usbh_hub.o
    0x20002320        -       0x00000104   Zero   RW          848    .bss.g_musb_hcd     usb_hc_musb.o
    0x20002424        -       0x00000014   Zero   RW          534    .bss.g_usbh_bus     usbh_core.o
    0x20002438        -       0x00000088   Zero   RW          416    .bss.h_uart         main.o
    0x200024c0        -       0x00000030   Zero   RW          487    .bss.hid_intin_urb  usb_host.o
    0x200024f0        -       0x00000004   Zero   RW          715    .bss.hub_class_head  usbh_hub.o
    0x200024f4        -       0x00000004   Zero   RW          718    .bss.hub_mq         usbh_hub.o
    0x200024f8        -       0x00000004   Zero   RW          719    .bss.hub_thread     usbh_hub.o
    0x200024fc        -       0x00000004   Zero   RW          397    .bss.lib_tick       utils.o
    0x20002500        -       0x00000004   Zero   RW         1178    .bss.prvSampleTimeNow.xLastTime  timers.o
    0x20002504        -       0x00000004   Zero   RW         1094    .bss.pxCurrentTCB   tasks.o
    0x20002508        -       0x00000004   Zero   RW         1176    .bss.pxCurrentTimerList  timers.o
    0x2000250c        -       0x00000004   Zero   RW         1104    .bss.pxDelayedTaskList  tasks.o
    0x20002510        -       0x00000004   Zero   RW         1205    .bss.pxEnd          heap_4.o
    0x20002514        -       0x00000004   Zero   RW         1105    .bss.pxOverflowDelayedTaskList  tasks.o
    0x20002518        -       0x00000004   Zero   RW         1177    .bss.pxOverflowTimerList  timers.o
    0x2000251c        -       0x00000280   Zero   RW         1096    .bss.pxReadyTasksLists  tasks.o
    0x2000279c        -       0x00000750   Zero   RW          717    .bss.roothub        usbh_hub.o
    0x20002eec        -       0x00009000   Zero   RW         1212    .bss.ucHeap         heap_4.o
    0x2000beec        -       0x00000001   Zero   RW          849    .bss.usb_ep0_state  usb_hc_musb.o
    0x2000beed   COMPRESSED   0x00000003   PAD
    0x2000bef0        -       0x00000004   Zero   RW          532    .bss.usbh_class_info_table_begin  usbh_core.o
    0x2000bef4        -       0x00000004   Zero   RW          533    .bss.usbh_class_info_table_end  usbh_core.o
    0x2000bef8        -       0x00000004   Zero   RW         1101    .bss.uxCurrentNumberOfTasks  tasks.o
    0x2000befc        -       0x00000004   Zero   RW         1100    .bss.uxDeletedTasksWaitingCleanUp  tasks.o
    0x2000bf00        -       0x00000004   Zero   RW         1107    .bss.uxSchedulerSuspended  tasks.o
    0x2000bf04        -       0x00000004   Zero   RW         1098    .bss.uxTaskNumber   tasks.o
    0x2000bf08        -       0x00000004   Zero   RW         1097    .bss.uxTopReadyPriority  tasks.o
    0x2000bf0c        -       0x00000014   Zero   RW         1179    .bss.xActiveTimerList1  timers.o
    0x2000bf20        -       0x00000014   Zero   RW         1180    .bss.xActiveTimerList2  timers.o
    0x2000bf34        -       0x00000001   Zero   RW         1206    .bss.xBlockAllocatedBit  heap_4.o
    0x2000bf35   COMPRESSED   0x00000003   PAD
    0x2000bf38        -       0x00000014   Zero   RW         1114    .bss.xDelayedTaskList1  tasks.o
    0x2000bf4c        -       0x00000014   Zero   RW         1115    .bss.xDelayedTaskList2  tasks.o
    0x2000bf60        -       0x00000004   Zero   RW         1207    .bss.xFreeBytesRemaining  heap_4.o
    0x2000bf64        -       0x00000004   Zero   RW         1110    .bss.xIdleTaskHandle  tasks.o
    0x2000bf68        -       0x00000004   Zero   RW         1209    .bss.xMinimumEverFreeBytesRemaining  heap_4.o
    0x2000bf6c        -       0x00000004   Zero   RW         1111    .bss.xNextTaskUnblockTime  tasks.o
    0x2000bf70        -       0x00000004   Zero   RW         1113    .bss.xNumOfOverflows  tasks.o
    0x2000bf74        -       0x00000004   Zero   RW         1210    .bss.xNumberOfSuccessfulAllocations  heap_4.o
    0x2000bf78        -       0x00000004   Zero   RW         1211    .bss.xNumberOfSuccessfulFrees  heap_4.o
    0x2000bf7c        -       0x00000004   Zero   RW         1112    .bss.xPendedTicks   tasks.o
    0x2000bf80        -       0x00000014   Zero   RW         1109    .bss.xPendingReadyList  tasks.o
    0x2000bf94        -       0x00000050   Zero   RW          977    .bss.xQueueRegistry  queue.o
    0x2000bfe4        -       0x00000004   Zero   RW         1102    .bss.xSchedulerRunning  tasks.o
    0x2000bfe8        -       0x00000008   Zero   RW         1208    .bss.xStart         heap_4.o
    0x2000bff0        -       0x00000014   Zero   RW         1106    .bss.xSuspendedTaskList  tasks.o
    0x2000c004        -       0x00000014   Zero   RW         1099    .bss.xTasksWaitingTermination  tasks.o
    0x2000c018        -       0x00000004   Zero   RW         1103    .bss.xTickCount     tasks.o
    0x2000c01c        -       0x00000004   Zero   RW         1174    .bss.xTimerQueue    timers.o
    0x2000c020        -       0x00000004   Zero   RW         1175    .bss.xTimerTaskHandle  timers.o
    0x2000c024        -       0x00000004   Zero   RW         1108    .bss.xYieldPending  tasks.o
    0x2000c028        -       0x00002000   Zero   RW            2    HEAP                startup_es32f36xx.o
    0x2000e028        -       0x00000800   Zero   RW            1    STACK               startup_es32f36xx.o


==============================================================================

Image component sizes


      Code (inc. data)   RO Data    RW Data    ZI Data      Debug   Object Name

      1594         16          0          4          0      16046   ald_cmu.o
       340          0          0          0        640      16161   ald_dma.o
       228          0          0          0          0       6708   ald_gpio.o
        70          0          0          0          0       3346   ald_iap.o
        50          0          0          0          0       5611   ald_pmu.o
        84          6          0          0          0       4346   ald_rmu.o
       516          6          0          0          0      21171   ald_uart.o
       576          0          0          0      36893       4462   heap_4.o
        40          0          0          0          0       1107   irq.o
       126          0          0          0          0       2219   list.o
       338         20          0          0        136      14303   main.o
       478         12          0          4          0       3396   port.o
      1812          0          0          0         80      18037   queue.o
       296         50        356          0      10240       3904   startup_es32f36xx.o
      3010          8          4          0        800      25218   tasks.o
       894         26          0          0         60      10657   timers.o
      2726          6          0          0        261      13039   usb_hc_musb.o
      1070        216         77       1152        144      10851   usb_host.o
       288          0          0          0          0       4544   usb_osal_freertos.o
       786        156         65          7          4       7731   usbh_cdc_acm.o
      2806        404        546        576         28      13006   usbh_core.o
       722        156         28        128          4       7364   usbh_hid.o
      3298        408        598         40       3760      14529   usbh_hub.o
      1740        288        110         32          4      10548   usbh_msc.o
      1896        264        298       4096          0      12338   usbh_rndis.o
      1034          0          0          0          4      12711   utils.o

    ----------------------------------------------------------------------
     27044       2054       2116       6040      53380     263353   Object Totals
         0          0         32          0          0          0   (incl. Generated)
       226         12          2          1        322          0   (incl. Padding)

    ----------------------------------------------------------------------

      Code (inc. data)   RO Data    RW Data    ZI Data      Debug   Library Member Name

        58          0          0          0          0          0   __dczerorl.o
         0          0          0          0          0          0   entry.o
         0          0          0          0          0          0   entry10a.o
         0          0          0          0          0          0   entry11a.o
         8          4          0          0          0          0   entry2.o
         4          0          0          0          0          0   entry5.o
         0          0          0          0          0          0   entry7b.o
         0          0          0          0          0          0   entry8b.o
         8          4          0          0          0          0   entry9a.o
        30          0          0          0          0          0   handlers.o
        36          8          0          0          0         68   init.o
        30          0          0          0          0         68   llshl.o
        32          0          0          0          0         68   llushr.o
       188         20          0          0          0        160   malloc.o
        36          0          0          0          0         68   memcpya.o
        36          0          0          0          0        108   memseta.o
         0          0          0          8          0          0   mvars.o
      1228         58          0          0          0        508   printf8.o
        36          6          0          0          0         80   puts.o
         0          0          0          4          0          0   stdout.o
        30          0          0          0          0         80   strncmp.o
        24          0          0          0          0         76   strncpy.o
        98          0          0          0          0         92   uldiv.o

    ----------------------------------------------------------------------
      1884        100          0         12          0       1376   Library Totals
         2          0          0          0          0          0   (incl. Padding)

    ----------------------------------------------------------------------

      Code (inc. data)   RO Data    RW Data    ZI Data      Debug   Library Name

      1882        100          0         12          0       1376   mc_w.l

    ----------------------------------------------------------------------
      1884        100          0         12          0       1376   Library Totals

    ----------------------------------------------------------------------

==============================================================================


      Code (inc. data)   RO Data    RW Data    ZI Data      Debug   

     28928       2154       2116       6052      53380     263849   Grand Totals
     28928       2154       2116        512      53380     263849   ELF Image Totals (compressed)
     28928       2154       2116        512          0          0   ROM Totals

==============================================================================

    Total RO  Size (Code + RO Data)                31044 (  30.32kB)
    Total RW  Size (RW Data + ZI Data)             59432 (  58.04kB)
    Total ROM Size (Code + RO Data + RW Data)      31556 (  30.82kB)

==============================================================================

